Archive member included because of file (symbol)

C:\Users\Tony\AppData\Local\arduino15\packages\macchina\hardware\sam\0.1.0\variants\m2/libsam_sam3x8e_gcc_rel.a(pio.o)
                              C:\Users\Tony\AppData\Local\Temp\VMBuilds\DataLogger_dif\macchina_macchina_sam_m2\Debug\M2_Due_SD_HSCMI\M2_Due_SD_HSCMI.cpp.o (PIO_Configure)
C:\Users\Tony\AppData\Local\arduino15\packages\macchina\hardware\sam\0.1.0\variants\m2/libsam_sam3x8e_gcc_rel.a(pmc.o)
                              C:\Users\Tony\AppData\Local\Temp\VMBuilds\DataLogger_dif\macchina_macchina_sam_m2\Debug\SD_HSMCI\utility\hsmci.c.o (pmc_enable_periph_clk)
C:\Users\Tony\AppData\Local\arduino15\packages\macchina\hardware\sam\0.1.0\variants\m2/libsam_sam3x8e_gcc_rel.a(system_sam3xa.o)
                              C:\Users\Tony\AppData\Local\Temp\VMBuilds\DataLogger_dif\macchina_macchina_sam_m2\Debug\variant\variant.cpp.o (SystemInit)
C:\Users\Tony\AppData\Local\arduino15\packages\macchina\hardware\sam\0.1.0\variants\m2/libsam_sam3x8e_gcc_rel.a(startup_sam3xa.o)
                              (Reset_Handler)
C:\Users\Tony\AppData\Local\arduino15\packages\macchina\hardware\sam\0.1.0\variants\m2/libsam_sam3x8e_gcc_rel.a(adc.o)
                              C:\Users\Tony\AppData\Local\Temp\VMBuilds\DataLogger_dif\macchina_macchina_sam_m2\Debug\variant\variant.cpp.o (adc_init)
C:\Users\Tony\AppData\Local\arduino15\packages\macchina\hardware\sam\0.1.0\variants\m2/libsam_sam3x8e_gcc_rel.a(uotghs.o)
                              C:\Users\Tony\AppData\Local\arduino15\packages\macchina\hardware\sam\0.1.0\variants\m2/libsam_sam3x8e_gcc_rel.a(startup_sam3xa.o) (UOTGHS_Handler)
C:\Users\Tony\AppData\Local\Temp\VMBuilds\DataLogger_dif\macchina_macchina_sam_m2\Debug/core.a(cortex_handlers.c.o)
                              C:\Users\Tony\AppData\Local\arduino15\packages\macchina\hardware\sam\0.1.0\variants\m2/libsam_sam3x8e_gcc_rel.a(startup_sam3xa.o) (NMI_Handler)
C:\Users\Tony\AppData\Local\Temp\VMBuilds\DataLogger_dif\macchina_macchina_sam_m2\Debug/core.a(hooks.c.o)
                              C:\Users\Tony\AppData\Local\Temp\VMBuilds\DataLogger_dif\macchina_macchina_sam_m2\Debug/core.a(cortex_handlers.c.o) (sysTickHook)
C:\Users\Tony\AppData\Local\Temp\VMBuilds\DataLogger_dif\macchina_macchina_sam_m2\Debug/core.a(syscalls_sam3.c.o)
                              (_sbrk)
C:\Users\Tony\AppData\Local\Temp\VMBuilds\DataLogger_dif\macchina_macchina_sam_m2\Debug/core.a(wiring.c.o)
                              C:\Users\Tony\AppData\Local\Temp\VMBuilds\DataLogger_dif\macchina_macchina_sam_m2\Debug\M2_Due_SD_HSCMI\M2_Due_SD_HSCMI.cpp.o (millis)
C:\Users\Tony\AppData\Local\Temp\VMBuilds\DataLogger_dif\macchina_macchina_sam_m2\Debug/core.a(wiring_analog.c.o)
                              C:\Users\Tony\AppData\Local\Temp\VMBuilds\DataLogger_dif\macchina_macchina_sam_m2\Debug\variant\variant.cpp.o (analogReadResolution)
C:\Users\Tony\AppData\Local\Temp\VMBuilds\DataLogger_dif\macchina_macchina_sam_m2\Debug/core.a(wiring_digital.c.o)
                              C:\Users\Tony\AppData\Local\Temp\VMBuilds\DataLogger_dif\macchina_macchina_sam_m2\Debug\DataLogger_dif.cpp.o (pinMode)
C:\Users\Tony\AppData\Local\Temp\VMBuilds\DataLogger_dif\macchina_macchina_sam_m2\Debug/core.a(main.cpp.o)
                              c:/users/tony/appdata/local/arduino15/packages/arduino/tools/arm-none-eabi-gcc/4.8.3-2014q1/bin/../lib/gcc/arm-none-eabi/4.8.3/../../../../arm-none-eabi/lib/armv7-m/crt0.o (main)
C:\Users\Tony\AppData\Local\Temp\VMBuilds\DataLogger_dif\macchina_macchina_sam_m2\Debug/core.a(new.cpp.o)
                              C:\Users\Tony\AppData\Local\Temp\VMBuilds\DataLogger_dif\macchina_macchina_sam_m2\Debug\M2_Due_SD_HSCMI\M2_Due_SD_HSCMI.cpp.o (operator new(unsigned int))
C:\Users\Tony\AppData\Local\Temp\VMBuilds\DataLogger_dif\macchina_macchina_sam_m2\Debug/core.a(Print.cpp.o)
                              C:\Users\Tony\AppData\Local\Temp\VMBuilds\DataLogger_dif\macchina_macchina_sam_m2\Debug\M2_Due_SD_HSCMI\M2_Due_SD_HSCMI.cpp.o (Print::print(char const*))
C:\Users\Tony\AppData\Local\Temp\VMBuilds\DataLogger_dif\macchina_macchina_sam_m2\Debug/core.a(Reset.cpp.o)
                              C:\Users\Tony\AppData\Local\Temp\VMBuilds\DataLogger_dif\macchina_macchina_sam_m2\Debug/core.a(cortex_handlers.c.o) (tickReset)
C:\Users\Tony\AppData\Local\Temp\VMBuilds\DataLogger_dif\macchina_macchina_sam_m2\Debug/core.a(RingBuffer.cpp.o)
                              C:\Users\Tony\AppData\Local\Temp\VMBuilds\DataLogger_dif\macchina_macchina_sam_m2\Debug\variant\variant.cpp.o (RingBuffer::RingBuffer())
C:\Users\Tony\AppData\Local\Temp\VMBuilds\DataLogger_dif\macchina_macchina_sam_m2\Debug/core.a(UARTClass.cpp.o)
                              C:\Users\Tony\AppData\Local\Temp\VMBuilds\DataLogger_dif\macchina_macchina_sam_m2\Debug\variant\variant.cpp.o (UARTClass::available())
[...]
Memory Configuration

Name             Origin             Length             Attributes
rom              0x00080000         0x00080000         xr
sram0            0x20000000         0x00010000         xrw
sram1            0x20080000         0x00008000         xrw
ram              0x20070000         0x00018000         xrw
*default*        0x00000000         0xffffffff

Linker script and memory map

LOAD c:/users/tony/appdata/local/arduino15/packages/arduino/tools/arm-none-eabi-gcc/4.8.3-2014q1/bin/../lib/gcc/arm-none-eabi/4.8.3/armv7-m/crti.o
LOAD c:/users/tony/appdata/local/arduino15/packages/arduino/tools/arm-none-eabi-gcc/4.8.3-2014q1/bin/../lib/gcc/arm-none-eabi/4.8.3/armv7-m/crtbegin.o
LOAD c:/users/tony/appdata/local/arduino15/packages/arduino/tools/arm-none-eabi-gcc/4.8.3-2014q1/bin/../lib/gcc/arm-none-eabi/4.8.3/../../../../arm-none-eabi/lib/armv7-m/crt0.o
START GROUP
LOAD C:\Users\Tony\AppData\Local\Temp\VMBuilds\DataLogger_dif\macchina_macchina_sam_m2\Debug\DataLogger_dif.cpp.o
LOAD C:\Users\Tony\AppData\Local\Temp\VMBuilds\DataLogger_dif\macchina_macchina_sam_m2\Debug\M2_Due_SD_HSCMI\M2_Due_SD_HSCMI.cpp.o
LOAD C:\Users\Tony\AppData\Local\Temp\VMBuilds\DataLogger_dif\macchina_macchina_sam_m2\Debug\SD_HSMCI\utility\ccsbcs.c.o
LOAD C:\Users\Tony\AppData\Local\Temp\VMBuilds\DataLogger_dif\macchina_macchina_sam_m2\Debug\SD_HSMCI\utility\ctrl_access.c.o
LOAD C:\Users\Tony\AppData\Local\Temp\VMBuilds\DataLogger_dif\macchina_macchina_sam_m2\Debug\SD_HSMCI\utility\diskio.c.o
LOAD C:\Users\Tony\AppData\Local\Temp\VMBuilds\DataLogger_dif\macchina_macchina_sam_m2\Debug\SD_HSMCI\utility\dmac.c.o
LOAD C:\Users\Tony\AppData\Local\Temp\VMBuilds\DataLogger_dif\macchina_macchina_sam_m2\Debug\SD_HSMCI\utility\fattime_rtc.c.o
LOAD C:\Users\Tony\AppData\Local\Temp\VMBuilds\DataLogger_dif\macchina_macchina_sam_m2\Debug\SD_HSMCI\utility\ff.c.o
LOAD C:\Users\Tony\AppData\Local\Temp\VMBuilds\DataLogger_dif\macchina_macchina_sam_m2\Debug\SD_HSMCI\utility\hsmci.c.o
LOAD C:\Users\Tony\AppData\Local\Temp\VMBuilds\DataLogger_dif\macchina_macchina_sam_m2\Debug\SD_HSMCI\utility\rtc.c.o
LOAD C:\Users\Tony\AppData\Local\Temp\VMBuilds\DataLogger_dif\macchina_macchina_sam_m2\Debug\SD_HSMCI\utility\sd_mmc.c.o
LOAD C:\Users\Tony\AppData\Local\Temp\VMBuilds\DataLogger_dif\macchina_macchina_sam_m2\Debug\SD_HSMCI\utility\sd_mmc_mem.c.o
LOAD C:\Users\Tony\AppData\Local\Temp\VMBuilds\DataLogger_dif\macchina_macchina_sam_m2\Debug\variant\variant.cpp.o
LOAD C:\Users\Tony\AppData\Local\arduino15\packages\macchina\hardware\sam\0.1.0\variants\m2/libsam_sam3x8e_gcc_rel.a
LOAD C:\Users\Tony\AppData\Local\Temp\VMBuilds\DataLogger_dif\macchina_macchina_sam_m2\Debug/core.a
END GROUP
LOAD c:/users/tony/appdata/local/arduino15/packages/arduino/tools/arm-none-eabi-gcc/4.8.3-2014q1/bin/../lib/gcc/arm-none-eabi/4.8.3/../../../../arm-none-eabi/lib/armv7-m\libm.a
START GROUP
LOAD c:/users/tony/appdata/local/arduino15/packages/arduino/tools/arm-none-eabi-gcc/4.8.3-2014q1/bin/../lib/gcc/arm-none-eabi/4.8.3/armv7-m\libgcc.a
LOAD c:/users/tony/appdata/local/arduino15/packages/arduino/tools/arm-none-eabi-gcc/4.8.3-2014q1/bin/../lib/gcc/arm-none-eabi/4.8.3/../../../../arm-none-eabi/lib/armv7-m\libg.a
LOAD c:/users/tony/appdata/local/arduino15/packages/arduino/tools/arm-none-eabi-gcc/4.8.3-2014q1/bin/../lib/gcc/arm-none-eabi/4.8.3/../../../../arm-none-eabi/lib/armv7-m\libc.a
END GROUP
LOAD c:/users/tony/appdata/local/arduino15/packages/arduino/tools/arm-none-eabi-gcc/4.8.3-2014q1/bin/../lib/gcc/arm-none-eabi/4.8.3/armv7-m/crtend.o
LOAD c:/users/tony/appdata/local/arduino15/packages/arduino/tools/arm-none-eabi-gcc/4.8.3-2014q1/bin/../lib/gcc/arm-none-eabi/4.8.3/armv7-m/crtn.o

.text           0x00080000     0x9564
                0x00080000                . = ALIGN (0x4)
                0x00080000                _sfixed = .
 *(.vectors .vectors.*)
 .vectors       0x00080000       0xf4 C:\Users\Tony\AppData\Local\arduino15\packages\macchina\hardware\sam\0.1.0\variants\m2/libsam_sam3x8e_gcc_rel.a(startup_sam3xa.o)
                0x00080000                exception_table
 *(.text .text.* .gnu.linkonce.t.*)
 .text          0x000800f4       0x54 c:/users/tony/appdata/local/arduino15/packages/arduino/tools/arm-none-eabi-gcc/4.8.3-2014q1/bin/../lib/gcc/arm-none-eabi/4.8.3/armv7-m/crtbegin.o
 .text.setup    0x00080148       0x70 C:\Users\Tony\AppData\Local\Temp\VMBuilds\DataLogger_dif\macchina_macchina_sam_m2\Debug\DataLogger_dif.cpp.o
                0x00080148                setup
 .text.loop     0x000801b8       0xb8 C:\Users\Tony\AppData\Local\Temp\VMBuilds\DataLogger_dif\macchina_macchina_sam_m2\Debug\DataLogger_dif.cpp.o
                0x000801b8                loop
 .text.startup._GLOBAL__sub_I_FS
                0x00080270        0xc C:\Users\Tony\AppData\Local\Temp\VMBuilds\DataLogger_dif\macchina_macchina_sam_m2\Debug\DataLogger_dif.cpp.o
 .text._Z5DebugPKcS0_
                0x0008027c       0x34 C:\Users\Tony\AppData\Local\Temp\VMBuilds\DataLogger_dif\macchina_macchina_sam_m2\Debug\M2_Due_SD_HSCMI\M2_Due_SD_HSCMI.cpp.o
                0x0008027c                Debug(char const*, char const*)
 .text._Z5DebugPKch
                0x000802b0       0x38 C:\Users\Tony\AppData\Local\Temp\VMBuilds\DataLogger_dif\macchina_macchina_sam_m2\Debug\M2_Due_SD_HSCMI\M2_Due_SD_HSCMI.cpp.o
                0x000802b0                Debug(char const*, unsigned char)
 .text._Z5Debugh
                0x000802e8       0x20 C:\Users\Tony\AppData\Local\Temp\VMBuilds\DataLogger_dif\macchina_macchina_sam_m2\Debug\M2_Due_SD_HSCMI\M2_Due_SD_HSCMI.cpp.o
                0x000802e8                Debug(unsigned char)
 .text._Z5DebugPKc
                0x00080308       0x20 C:\Users\Tony\AppData\Local\Temp\VMBuilds\DataLogger_dif\macchina_macchina_sam_m2\Debug\M2_Due_SD_HSCMI\M2_Due_SD_HSCMI.cpp.o
                0x00080308                Debug(char const*)
 .text._ZN11MassStorageC2Ev
                0x00080328       0x34 C:\Users\Tony\AppData\Local\Temp\VMBuilds\DataLogger_dif\macchina_macchina_sam_m2\Debug\M2_Due_SD_HSCMI\M2_Due_SD_HSCMI.cpp.o
                0x00080328                MassStorage::MassStorage()
                0x00080328                MassStorage::MassStorage()
 .text._ZN11MassStorage4InitEv
                0x0008035c      0x268 C:\Users\Tony\AppData\Local\Temp\VMBuilds\DataLogger_dif\macchina_macchina_sam_m2\Debug\M2_Due_SD_HSCMI\M2_Due_SD_HSCMI.cpp.o
                0x0008035c                MassStorage::Init()
 .text._ZN11MassStorage11CombineNameEPKcS1_
                0x000805c4       0x90 C:\Users\Tony\AppData\Local\Temp\VMBuilds\DataLogger_dif\macchina_macchina_sam_m2\Debug\M2_Due_SD_HSCMI\M2_Due_SD_HSCMI.cpp.o
                0x000805c4                MassStorage::CombineName(char const*, char const*)
 .text._ZN9FileStoreC2Ev
                0x00080654        0x2 C:\Users\Tony\AppData\Local\Temp\VMBuilds\DataLogger_dif\macchina_macchina_sam_m2\Debug\M2_Due_SD_HSCMI\M2_Due_SD_HSCMI.cpp.o
                0x00080654                FileStore::FileStore()
                0x00080654                FileStore::FileStore()
 .text._ZN9FileStore4InitEv
                0x00080656       0x16 C:\Users\Tony\AppData\Local\Temp\VMBuilds\DataLogger_dif\macchina_macchina_sam_m2\Debug\M2_Due_SD_HSCMI\M2_Due_SD_HSCMI.cpp.o
                0x00080656                FileStore::Init()
 .text._ZN9FileStore4OpenEPKcS1_b
                0x0008066c       0xc4 C:\Users\Tony\AppData\Local\Temp\VMBuilds\DataLogger_dif\macchina_macchina_sam_m2\Debug\M2_Due_SD_HSCMI\M2_Due_SD_HSCMI.cpp.o
                0x0008066c                FileStore::Open(char const*, char const*, bool)
 .text._ZN9FileStore9CreateNewEPKcS1_
                0x00080730       0xb4 C:\Users\Tony\AppData\Local\Temp\VMBuilds\DataLogger_dif\macchina_macchina_sam_m2\Debug\M2_Due_SD_HSCMI\M2_Due_SD_HSCMI.cpp.o
                0x00080730                FileStore::CreateNew(char const*, char const*)
 .text._ZNK9FileStore6LengthEv
                0x000807e4       0x20 C:\Users\Tony\AppData\Local\Temp\VMBuilds\DataLogger_dif\macchina_macchina_sam_m2\Debug\M2_Due_SD_HSCMI\M2_Due_SD_HSCMI.cpp.o
                0x000807e4                FileStore::Length() const
 .text._ZN9FileStore18InternalWriteBlockEPKcj
                0x00080804       0x54 C:\Users\Tony\AppData\Local\Temp\VMBuilds\DataLogger_dif\macchina_macchina_sam_m2\Debug\M2_Due_SD_HSCMI\M2_Due_SD_HSCMI.cpp.o
                0x00080804                FileStore::InternalWriteBlock(char const*, unsigned int)
 .text._ZN9FileStore11WriteBufferEv
                0x00080858       0x34 C:\Users\Tony\AppData\Local\Temp\VMBuilds\DataLogger_dif\macchina_macchina_sam_m2\Debug\M2_Due_SD_HSCMI\M2_Due_SD_HSCMI.cpp.o
                0x00080858                FileStore::WriteBuffer()
 .text._ZN9FileStore4SeekEm
                0x0008088c       0x50 C:\Users\Tony\AppData\Local\Temp\VMBuilds\DataLogger_dif\macchina_macchina_sam_m2\Debug\M2_Due_SD_HSCMI\M2_Due_SD_HSCMI.cpp.o
                0x0008088c                FileStore::Seek(unsigned long)
 .text._ZN9FileStore7GoToEndEv
                0x000808dc       0x14 C:\Users\Tony\AppData\Local\Temp\VMBuilds\DataLogger_dif\macchina_macchina_sam_m2\Debug\M2_Due_SD_HSCMI\M2_Due_SD_HSCMI.cpp.o
                0x000808dc                FileStore::GoToEnd()
 .text._ZN9FileStore5WriteEc
                0x000808f0       0x38 C:\Users\Tony\AppData\Local\Temp\VMBuilds\DataLogger_dif\macchina_macchina_sam_m2\Debug\M2_Due_SD_HSCMI\M2_Due_SD_HSCMI.cpp.o
                0x000808f0                FileStore::Write(char)
 .text._ZN9FileStore5WriteEPKc
                0x00080928       0x34 C:\Users\Tony\AppData\Local\Temp\VMBuilds\DataLogger_dif\macchina_macchina_sam_m2\Debug\M2_Due_SD_HSCMI\M2_Due_SD_HSCMI.cpp.o
                0x00080928                FileStore::Write(char const*)
 .text._ZN9FileStore5FlushEv
                0x0008095c       0x38 C:\Users\Tony\AppData\Local\Temp\VMBuilds\DataLogger_dif\macchina_macchina_sam_m2\Debug\M2_Due_SD_HSCMI\M2_Due_SD_HSCMI.cpp.o
                0x0008095c                FileStore::Flush()
 .text._ZN9FileStore5CloseEv
                0x00080994       0x64 C:\Users\Tony\AppData\Local\Temp\VMBuilds\DataLogger_dif\macchina_macchina_sam_m2\Debug\M2_Due_SD_HSCMI\M2_Due_SD_HSCMI.cpp.o
                0x00080994                FileStore::Close()
 .text.startup._GLOBAL__sub_I__Z5DebugPKcS0_
                0x000809f8        0xc C:\Users\Tony\AppData\Local\Temp\VMBuilds\DataLogger_dif\macchina_macchina_sam_m2\Debug\M2_Due_SD_HSCMI\M2_Due_SD_HSCMI.cpp.o
 .text.ff_convert
                0x00080a04       0x38 C:\Users\Tony\AppData\Local\Temp\VMBuilds\DataLogger_dif\macchina_macchina_sam_m2\Debug\SD_HSMCI\utility\ccsbcs.c.o
                0x00080a04                ff_convert
 .text.ff_wtoupper
                0x00080a3c       0x24 C:\Users\Tony\AppData\Local\Temp\VMBuilds\DataLogger_dif\macchina_macchina_sam_m2\Debug\SD_HSMCI\utility\ccsbcs.c.o
                0x00080a3c                ff_wtoupper
 .text.mem_test_unit_ready
                0x00080a60        0xa C:\Users\Tony\AppData\Local\Temp\VMBuilds\DataLogger_dif\macchina_macchina_sam_m2\Debug\SD_HSMCI\utility\ctrl_access.c.o
                0x00080a60                mem_test_unit_ready
 .text.mem_read_capacity
                0x00080a6a        0xc C:\Users\Tony\AppData\Local\Temp\VMBuilds\DataLogger_dif\macchina_macchina_sam_m2\Debug\SD_HSMCI\utility\ctrl_access.c.o
                0x00080a6a                mem_read_capacity
 .text.mem_sector_size
                0x00080a76        0xa C:\Users\Tony\AppData\Local\Temp\VMBuilds\DataLogger_dif\macchina_macchina_sam_m2\Debug\SD_HSMCI\utility\ctrl_access.c.o
                0x00080a76                mem_sector_size
 .text.mem_wr_protect
                0x00080a80        0xa C:\Users\Tony\AppData\Local\Temp\VMBuilds\DataLogger_dif\macchina_macchina_sam_m2\Debug\SD_HSMCI\utility\ctrl_access.c.o
                0x00080a80                mem_wr_protect
 .text.memory_2_ram
                0x00080a8a        0xe C:\Users\Tony\AppData\Local\Temp\VMBuilds\DataLogger_dif\macchina_macchina_sam_m2\Debug\SD_HSMCI\utility\ctrl_access.c.o
                0x00080a8a                memory_2_ram
 .text.ram_2_memory
                0x00080a98        0xe C:\Users\Tony\AppData\Local\Temp\VMBuilds\DataLogger_dif\macchina_macchina_sam_m2\Debug\SD_HSMCI\utility\ctrl_access.c.o
                0x00080a98                ram_2_memory
 .text.disk_initialize
                0x00080aa6       0x2e C:\Users\Tony\AppData\Local\Temp\VMBuilds\DataLogger_dif\macchina_macchina_sam_m2\Debug\SD_HSMCI\utility\diskio.c.o
                0x00080aa6                disk_initialize
 .text.disk_status
                0x00080ad4       0x12 C:\Users\Tony\AppData\Local\Temp\VMBuilds\DataLogger_dif\macchina_macchina_sam_m2\Debug\SD_HSMCI\utility\diskio.c.o
                0x00080ad4                disk_status
 .text.disk_read
                0x00080ae6       0x5c C:\Users\Tony\AppData\Local\Temp\VMBuilds\DataLogger_dif\macchina_macchina_sam_m2\Debug\SD_HSMCI\utility\diskio.c.o
                0x00080ae6                disk_read
 .text.disk_write
                0x00080b42       0x5c C:\Users\Tony\AppData\Local\Temp\VMBuilds\DataLogger_dif\macchina_macchina_sam_m2\Debug\SD_HSMCI\utility\diskio.c.o
                0x00080b42                disk_write
 .text.disk_ioctl
                0x00080b9e       0x56 C:\Users\Tony\AppData\Local\Temp\VMBuilds\DataLogger_dif\macchina_macchina_sam_m2\Debug\SD_HSMCI\utility\diskio.c.o
                0x00080b9e                disk_ioctl
 .text.dmac_enable
                0x00080bf4        0x6 C:\Users\Tony\AppData\Local\Temp\VMBuilds\DataLogger_dif\macchina_macchina_sam_m2\Debug\SD_HSMCI\utility\dmac.c.o
                0x00080bf4                dmac_enable
 .text.dmac_channel_enable
                0x00080bfa        0xa C:\Users\Tony\AppData\Local\Temp\VMBuilds\DataLogger_dif\macchina_macchina_sam_m2\Debug\SD_HSMCI\utility\dmac.c.o
                0x00080bfa                dmac_channel_enable
 .text.dmac_channel_disable
                0x00080c04        0xa C:\Users\Tony\AppData\Local\Temp\VMBuilds\DataLogger_dif\macchina_macchina_sam_m2\Debug\SD_HSMCI\utility\dmac.c.o
                0x00080c04                dmac_channel_disable
 .text.dmac_channel_set_configuration
                0x00080c0e        0xa C:\Users\Tony\AppData\Local\Temp\VMBuilds\DataLogger_dif\macchina_macchina_sam_m2\Debug\SD_HSMCI\utility\dmac.c.o
                0x00080c0e                dmac_channel_set_configuration
 .text.dmac_channel_single_buf_transfer_init
                0x00080c18       0x20 C:\Users\Tony\AppData\Local\Temp\VMBuilds\DataLogger_dif\macchina_macchina_sam_m2\Debug\SD_HSMCI\utility\dmac.c.o
                0x00080c18                dmac_channel_single_buf_transfer_init
 .text.get_fattime
                0x00080c38        0x8 C:\Users\Tony\AppData\Local\Temp\VMBuilds\DataLogger_dif\macchina_macchina_sam_m2\Debug\SD_HSMCI\utility\fattime_rtc.c.o
                0x00080c38                get_fattime
 .text.mem_cpy  0x00080c40       0x12 C:\Users\Tony\AppData\Local\Temp\VMBuilds\DataLogger_dif\macchina_macchina_sam_m2\Debug\SD_HSMCI\utility\ff.c.o
 .text.mem_set  0x00080c52        0xe C:\Users\Tony\AppData\Local\Temp\VMBuilds\DataLogger_dif\macchina_macchina_sam_m2\Debug\SD_HSMCI\utility\ff.c.o
 .text.clust2sect
                0x00080c60       0x16 C:\Users\Tony\AppData\Local\Temp\VMBuilds\DataLogger_dif\macchina_macchina_sam_m2\Debug\SD_HSMCI\utility\ff.c.o
 .text.sum_sfn  0x00080c76       0x1e C:\Users\Tony\AppData\Local\Temp\VMBuilds\DataLogger_dif\macchina_macchina_sam_m2\Debug\SD_HSMCI\utility\ff.c.o
 .text.move_window
                0x00080c94       0x76 C:\Users\Tony\AppData\Local\Temp\VMBuilds\DataLogger_dif\macchina_macchina_sam_m2\Debug\SD_HSMCI\utility\ff.c.o
 .text.sync     0x00080d0a       0xb6 C:\Users\Tony\AppData\Local\Temp\VMBuilds\DataLogger_dif\macchina_macchina_sam_m2\Debug\SD_HSMCI\utility\ff.c.o
 .text.validate
                0x00080dc0       0x24 C:\Users\Tony\AppData\Local\Temp\VMBuilds\DataLogger_dif\macchina_macchina_sam_m2\Debug\SD_HSMCI\utility\ff.c.o
 .text.check_fs
                0x00080de4       0x88 C:\Users\Tony\AppData\Local\Temp\VMBuilds\DataLogger_dif\macchina_macchina_sam_m2\Debug\SD_HSMCI\utility\ff.c.o
 .text.chk_mounted
                0x00080e6c      0x30c C:\Users\Tony\AppData\Local\Temp\VMBuilds\DataLogger_dif\macchina_macchina_sam_m2\Debug\SD_HSMCI\utility\ff.c.o
 .text.get_fat  0x00081178       0xca C:\Users\Tony\AppData\Local\Temp\VMBuilds\DataLogger_dif\macchina_macchina_sam_m2\Debug\SD_HSMCI\utility\ff.c.o
 .text.dir_sdi  0x00081242       0x84 C:\Users\Tony\AppData\Local\Temp\VMBuilds\DataLogger_dif\macchina_macchina_sam_m2\Debug\SD_HSMCI\utility\ff.c.o
 .text.put_fat  0x000812c6       0xf0 C:\Users\Tony\AppData\Local\Temp\VMBuilds\DataLogger_dif\macchina_macchina_sam_m2\Debug\SD_HSMCI\utility\ff.c.o
 .text.create_chain
                0x000813b6       0x9a C:\Users\Tony\AppData\Local\Temp\VMBuilds\DataLogger_dif\macchina_macchina_sam_m2\Debug\SD_HSMCI\utility\ff.c.o
 .text.dir_next
                0x00081450       0xf8 C:\Users\Tony\AppData\Local\Temp\VMBuilds\DataLogger_dif\macchina_macchina_sam_m2\Debug\SD_HSMCI\utility\ff.c.o
 .text.remove_chain
                0x00081548       0x54 C:\Users\Tony\AppData\Local\Temp\VMBuilds\DataLogger_dif\macchina_macchina_sam_m2\Debug\SD_HSMCI\utility\ff.c.o
 .text.dir_find.part.4
                0x0008159c      0x12c C:\Users\Tony\AppData\Local\Temp\VMBuilds\DataLogger_dif\macchina_macchina_sam_m2\Debug\SD_HSMCI\utility\ff.c.o
 .text.dir_register
                0x000816c8      0x224 C:\Users\Tony\AppData\Local\Temp\VMBuilds\DataLogger_dif\macchina_macchina_sam_m2\Debug\SD_HSMCI\utility\ff.c.o
 .text.follow_path
                0x000818ec      0x268 C:\Users\Tony\AppData\Local\Temp\VMBuilds\DataLogger_dif\macchina_macchina_sam_m2\Debug\SD_HSMCI\utility\ff.c.o
 .text.f_mount  0x00081b54       0x28 C:\Users\Tony\AppData\Local\Temp\VMBuilds\DataLogger_dif\macchina_macchina_sam_m2\Debug\SD_HSMCI\utility\ff.c.o
                0x00081b54                f_mount
 .text.f_open   0x00081b7c      0x13e C:\Users\Tony\AppData\Local\Temp\VMBuilds\DataLogger_dif\macchina_macchina_sam_m2\Debug\SD_HSMCI\utility\ff.c.o
                0x00081b7c                f_open
 .text.f_write  0x00081cba      0x190 C:\Users\Tony\AppData\Local\Temp\VMBuilds\DataLogger_dif\macchina_macchina_sam_m2\Debug\SD_HSMCI\utility\ff.c.o
                0x00081cba                f_write
 .text.f_sync   0x00081e4a       0x7e C:\Users\Tony\AppData\Local\Temp\VMBuilds\DataLogger_dif\macchina_macchina_sam_m2\Debug\SD_HSMCI\utility\ff.c.o
                0x00081e4a                f_sync
 .text.f_close  0x00081ec8        0xe C:\Users\Tony\AppData\Local\Temp\VMBuilds\DataLogger_dif\macchina_macchina_sam_m2\Debug\SD_HSMCI\utility\ff.c.o
                0x00081ec8                f_close
 .text.f_lseek  0x00081ed6      0x104 C:\Users\Tony\AppData\Local\Temp\VMBuilds\DataLogger_dif\macchina_macchina_sam_m2\Debug\SD_HSMCI\utility\ff.c.o
                0x00081ed6                f_lseek
 .text.hsmci_reset
                0x00081fda       0x28 C:\Users\Tony\AppData\Local\Temp\VMBuilds\DataLogger_dif\macchina_macchina_sam_m2\Debug\SD_HSMCI\utility\hsmci.c.o
 .text.debugPrintf
                0x00082002        0xe C:\Users\Tony\AppData\Local\Temp\VMBuilds\DataLogger_dif\macchina_macchina_sam_m2\Debug\SD_HSMCI\utility\hsmci.c.o
                0x00082002                debugPrintf
 .text.hsmci_send_cmd_execute
                0x00082010       0x94 C:\Users\Tony\AppData\Local\Temp\VMBuilds\DataLogger_dif\macchina_macchina_sam_m2\Debug\SD_HSMCI\utility\hsmci.c.o
 .text.hsmci_init
                0x000820a4       0x28 C:\Users\Tony\AppData\Local\Temp\VMBuilds\DataLogger_dif\macchina_macchina_sam_m2\Debug\SD_HSMCI\utility\hsmci.c.o
                0x000820a4                hsmci_init
 .text.hsmci_get_bus_width
                0x000820cc        0xa C:\Users\Tony\AppData\Local\Temp\VMBuilds\DataLogger_dif\macchina_macchina_sam_m2\Debug\SD_HSMCI\utility\hsmci.c.o
                0x000820cc                hsmci_get_bus_width
 .text.hsmci_is_high_speed_capable
                0x000820d6        0x4 C:\Users\Tony\AppData\Local\Temp\VMBuilds\DataLogger_dif\macchina_macchina_sam_m2\Debug\SD_HSMCI\utility\hsmci.c.o
                0x000820d6                hsmci_is_high_speed_capable
 *fill*         0x000820da        0x2 
 .text.hsmci_select_device
                0x000820dc       0x5c C:\Users\Tony\AppData\Local\Temp\VMBuilds\DataLogger_dif\macchina_macchina_sam_m2\Debug\SD_HSMCI\utility\hsmci.c.o
                0x000820dc                hsmci_select_device
 .text.hsmci_deselect_device
                0x00082138        0x2 C:\Users\Tony\AppData\Local\Temp\VMBuilds\DataLogger_dif\macchina_macchina_sam_m2\Debug\SD_HSMCI\utility\hsmci.c.o
                0x00082138                hsmci_deselect_device
 .text.hsmci_send_clock
                0x0008213a       0x22 C:\Users\Tony\AppData\Local\Temp\VMBuilds\DataLogger_dif\macchina_macchina_sam_m2\Debug\SD_HSMCI\utility\hsmci.c.o
                0x0008213a                hsmci_send_clock
 .text.hsmci_send_cmd
                0x0008215c       0x22 C:\Users\Tony\AppData\Local\Temp\VMBuilds\DataLogger_dif\macchina_macchina_sam_m2\Debug\SD_HSMCI\utility\hsmci.c.o
                0x0008215c                hsmci_send_cmd
 .text.hsmci_get_response
                0x0008217e        0x8 C:\Users\Tony\AppData\Local\Temp\VMBuilds\DataLogger_dif\macchina_macchina_sam_m2\Debug\SD_HSMCI\utility\hsmci.c.o
                0x0008217e                hsmci_get_response
 .text.hsmci_get_response_128
                0x00082186       0x28 C:\Users\Tony\AppData\Local\Temp\VMBuilds\DataLogger_dif\macchina_macchina_sam_m2\Debug\SD_HSMCI\utility\hsmci.c.o
                0x00082186                hsmci_get_response_128
 *fill*         0x000821ae        0x2 
 .text.hsmci_adtc_start
                0x000821b0       0xa8 C:\Users\Tony\AppData\Local\Temp\VMBuilds\DataLogger_dif\macchina_macchina_sam_m2\Debug\SD_HSMCI\utility\hsmci.c.o
                0x000821b0                hsmci_adtc_start
 .text.hsmci_read_word
                0x00082258       0x5c C:\Users\Tony\AppData\Local\Temp\VMBuilds\DataLogger_dif\macchina_macchina_sam_m2\Debug\SD_HSMCI\utility\hsmci.c.o
                0x00082258                hsmci_read_word
 .text.hsmci_start_read_blocks
                0x000822b4       0x94 C:\Users\Tony\AppData\Local\Temp\VMBuilds\DataLogger_dif\macchina_macchina_sam_m2\Debug\SD_HSMCI\utility\hsmci.c.o
                0x000822b4                hsmci_start_read_blocks
 .text.hsmci_wait_end_of_read_blocks
                0x00082348       0x50 C:\Users\Tony\AppData\Local\Temp\VMBuilds\DataLogger_dif\macchina_macchina_sam_m2\Debug\SD_HSMCI\utility\hsmci.c.o
                0x00082348                hsmci_wait_end_of_read_blocks
 .text.hsmci_start_write_blocks
                0x00082398       0x8c C:\Users\Tony\AppData\Local\Temp\VMBuilds\DataLogger_dif\macchina_macchina_sam_m2\Debug\SD_HSMCI\utility\hsmci.c.o
                0x00082398                hsmci_start_write_blocks
 .text.hsmci_wait_end_of_write_blocks
                0x00082424       0x50 C:\Users\Tony\AppData\Local\Temp\VMBuilds\DataLogger_dif\macchina_macchina_sam_m2\Debug\SD_HSMCI\utility\hsmci.c.o
                0x00082424                hsmci_wait_end_of_write_blocks
 .text.SDMMC_UNSTUFF_BITS
                0x00082474       0x4e C:\Users\Tony\AppData\Local\Temp\VMBuilds\DataLogger_dif\macchina_macchina_sam_m2\Debug\SD_HSMCI\utility\sd_mmc.c.o
 *fill*         0x000824c2        0x2 
 .text.sd_mmc_configure_slot
                0x000824c4       0x24 C:\Users\Tony\AppData\Local\Temp\VMBuilds\DataLogger_dif\macchina_macchina_sam_m2\Debug\SD_HSMCI\utility\sd_mmc.c.o
 .text.sd_mmc_deselect_slot
                0x000824e8       0x10 C:\Users\Tony\AppData\Local\Temp\VMBuilds\DataLogger_dif\macchina_macchina_sam_m2\Debug\SD_HSMCI\utility\sd_mmc.c.o
 .text.sd_mmc_select_slot
                0x000824f8       0xd0 C:\Users\Tony\AppData\Local\Temp\VMBuilds\DataLogger_dif\macchina_macchina_sam_m2\Debug\SD_HSMCI\utility\sd_mmc.c.o
 .text.sd_mmc_cmd9_mci
                0x000825c8       0x28 C:\Users\Tony\AppData\Local\Temp\VMBuilds\DataLogger_dif\macchina_macchina_sam_m2\Debug\SD_HSMCI\utility\sd_mmc.c.o
 .text.sd_mmc_init
                0x000825f0       0x24 C:\Users\Tony\AppData\Local\Temp\VMBuilds\DataLogger_dif\macchina_macchina_sam_m2\Debug\SD_HSMCI\utility\sd_mmc.c.o
                0x000825f0                sd_mmc_init
 .text.sd_mmc_check
                0x00082614      0x5c0 C:\Users\Tony\AppData\Local\Temp\VMBuilds\DataLogger_dif\macchina_macchina_sam_m2\Debug\SD_HSMCI\utility\sd_mmc.c.o
                0x00082614                sd_mmc_check
 .text.sd_mmc_get_type
                0x00082bd4       0x1c C:\Users\Tony\AppData\Local\Temp\VMBuilds\DataLogger_dif\macchina_macchina_sam_m2\Debug\SD_HSMCI\utility\sd_mmc.c.o
                0x00082bd4                sd_mmc_get_type
 .text.sd_mmc_get_capacity
                0x00082bf0       0x1c C:\Users\Tony\AppData\Local\Temp\VMBuilds\DataLogger_dif\macchina_macchina_sam_m2\Debug\SD_HSMCI\utility\sd_mmc.c.o
                0x00082bf0                sd_mmc_get_capacity
 .text.sd_mmc_get_bus_width
                0x00082c0c       0x1c C:\Users\Tony\AppData\Local\Temp\VMBuilds\DataLogger_dif\macchina_macchina_sam_m2\Debug\SD_HSMCI\utility\sd_mmc.c.o
                0x00082c0c                sd_mmc_get_bus_width
 .text.sd_mmc_get_bus_clock
                0x00082c28       0x1c C:\Users\Tony\AppData\Local\Temp\VMBuilds\DataLogger_dif\macchina_macchina_sam_m2\Debug\SD_HSMCI\utility\sd_mmc.c.o
                0x00082c28                sd_mmc_get_bus_clock
 .text.sd_mmc_is_write_protected
                0x00082c44        0x4 C:\Users\Tony\AppData\Local\Temp\VMBuilds\DataLogger_dif\macchina_macchina_sam_m2\Debug\SD_HSMCI\utility\sd_mmc.c.o
                0x00082c44                sd_mmc_is_write_protected
 .text.sd_mmc_init_read_blocks
                0x00082c48       0x94 C:\Users\Tony\AppData\Local\Temp\VMBuilds\DataLogger_dif\macchina_macchina_sam_m2\Debug\SD_HSMCI\utility\sd_mmc.c.o
                0x00082c48                sd_mmc_init_read_blocks
 .text.sd_mmc_start_read_blocks
                0x00082cdc       0x20 C:\Users\Tony\AppData\Local\Temp\VMBuilds\DataLogger_dif\macchina_macchina_sam_m2\Debug\SD_HSMCI\utility\sd_mmc.c.o
                0x00082cdc                sd_mmc_start_read_blocks
 .text.sd_mmc_wait_end_of_read_blocks
                0x00082cfc       0x44 C:\Users\Tony\AppData\Local\Temp\VMBuilds\DataLogger_dif\macchina_macchina_sam_m2\Debug\SD_HSMCI\utility\sd_mmc.c.o
                0x00082cfc                sd_mmc_wait_end_of_read_blocks
 .text.sd_mmc_init_write_blocks
                0x00082d40       0x70 C:\Users\Tony\AppData\Local\Temp\VMBuilds\DataLogger_dif\macchina_macchina_sam_m2\Debug\SD_HSMCI\utility\sd_mmc.c.o
                0x00082d40                sd_mmc_init_write_blocks
 .text.sd_mmc_start_write_blocks
                0x00082db0       0x20 C:\Users\Tony\AppData\Local\Temp\VMBuilds\DataLogger_dif\macchina_macchina_sam_m2\Debug\SD_HSMCI\utility\sd_mmc.c.o
                0x00082db0                sd_mmc_start_write_blocks
 .text.sd_mmc_wait_end_of_write_blocks
                0x00082dd0       0x3c C:\Users\Tony\AppData\Local\Temp\VMBuilds\DataLogger_dif\macchina_macchina_sam_m2\Debug\SD_HSMCI\utility\sd_mmc.c.o
                0x00082dd0                sd_mmc_wait_end_of_write_blocks
 .text.sd_mmc_test_unit_ready
                0x00082e0c       0x44 C:\Users\Tony\AppData\Local\Temp\VMBuilds\DataLogger_dif\macchina_macchina_sam_m2\Debug\SD_HSMCI\utility\sd_mmc_mem.c.o
                0x00082e0c                sd_mmc_test_unit_ready
 .text.sd_mmc_test_unit_ready_0
                0x00082e50        0x6 C:\Users\Tony\AppData\Local\Temp\VMBuilds\DataLogger_dif\macchina_macchina_sam_m2\Debug\SD_HSMCI\utility\sd_mmc_mem.c.o
                0x00082e50                sd_mmc_test_unit_ready_0
 .text.sd_mmc_read_capacity
                0x00082e56       0x1a C:\Users\Tony\AppData\Local\Temp\VMBuilds\DataLogger_dif\macchina_macchina_sam_m2\Debug\SD_HSMCI\utility\sd_mmc_mem.c.o
                0x00082e56                sd_mmc_read_capacity
 .text.sd_mmc_read_capacity_0
                0x00082e70        0x8 C:\Users\Tony\AppData\Local\Temp\VMBuilds\DataLogger_dif\macchina_macchina_sam_m2\Debug\SD_HSMCI\utility\sd_mmc_mem.c.o
                0x00082e70                sd_mmc_read_capacity_0
 .text.sd_mmc_wr_protect_0
                0x00082e78        0x6 C:\Users\Tony\AppData\Local\Temp\VMBuilds\DataLogger_dif\macchina_macchina_sam_m2\Debug\SD_HSMCI\utility\sd_mmc_mem.c.o
                0x00082e78                sd_mmc_wr_protect_0
 .text.sd_mmc_mem_2_ram
                0x00082e7e       0x30 C:\Users\Tony\AppData\Local\Temp\VMBuilds\DataLogger_dif\macchina_macchina_sam_m2\Debug\SD_HSMCI\utility\sd_mmc_mem.c.o
                0x00082e7e                sd_mmc_mem_2_ram
 .text.sd_mmc_mem_2_ram_0
                0x00082eae        0xc C:\Users\Tony\AppData\Local\Temp\VMBuilds\DataLogger_dif\macchina_macchina_sam_m2\Debug\SD_HSMCI\utility\sd_mmc_mem.c.o
                0x00082eae                sd_mmc_mem_2_ram_0
 .text.sd_mmc_ram_2_mem
                0x00082eba       0x30 C:\Users\Tony\AppData\Local\Temp\VMBuilds\DataLogger_dif\macchina_macchina_sam_m2\Debug\SD_HSMCI\utility\sd_mmc_mem.c.o
                0x00082eba                sd_mmc_ram_2_mem
 .text.sd_mmc_ram_2_mem_0
                0x00082eea        0xc C:\Users\Tony\AppData\Local\Temp\VMBuilds\DataLogger_dif\macchina_macchina_sam_m2\Debug\SD_HSMCI\utility\sd_mmc_mem.c.o
                0x00082eea                sd_mmc_ram_2_mem_0
 .text._Z11serialEventv
                0x00082ef6        0x2 C:\Users\Tony\AppData\Local\Temp\VMBuilds\DataLogger_dif\macchina_macchina_sam_m2\Debug\variant\variant.cpp.o
                0x00082ef6                serialEvent()
 .text._Z14serialEventUSBv
                0x00082ef8        0x2 C:\Users\Tony\AppData\Local\Temp\VMBuilds\DataLogger_dif\macchina_macchina_sam_m2\Debug\variant\variant.cpp.o
                0x00082ef8                serialEventUSB()
 *fill*         0x00082efa        0x2 
 .text.UART_Handler
                0x00082efc        0xc C:\Users\Tony\AppData\Local\Temp\VMBuilds\DataLogger_dif\macchina_macchina_sam_m2\Debug\variant\variant.cpp.o
                0x00082efc                UART_Handler
 .text._Z12serialEvent1v
                0x00082f08        0x2 C:\Users\Tony\AppData\Local\Temp\VMBuilds\DataLogger_dif\macchina_macchina_sam_m2\Debug\variant\variant.cpp.o
                0x00082f08                serialEvent1()
 .text._Z12serialEvent2v
                0x00082f0a        0x2 C:\Users\Tony\AppData\Local\Temp\VMBuilds\DataLogger_dif\macchina_macchina_sam_m2\Debug\variant\variant.cpp.o
                0x00082f0a                serialEvent2()
 .text._Z12serialEvent3v
                0x00082f0c        0x2 C:\Users\Tony\AppData\Local\Temp\VMBuilds\DataLogger_dif\macchina_macchina_sam_m2\Debug\variant\variant.cpp.o
                0x00082f0c                serialEvent3()
 *fill*         0x00082f0e        0x2 
 .text.USART0_Handler
                0x00082f10        0xc C:\Users\Tony\AppData\Local\Temp\VMBuilds\DataLogger_dif\macchina_macchina_sam_m2\Debug\variant\variant.cpp.o
                0x00082f10                USART0_Handler
 .text.USART1_Handler
                0x00082f1c        0xc C:\Users\Tony\AppData\Local\Temp\VMBuilds\DataLogger_dif\macchina_macchina_sam_m2\Debug\variant\variant.cpp.o
                0x00082f1c                USART1_Handler
 .text.USART3_Handler
                0x00082f28        0xc C:\Users\Tony\AppData\Local\Temp\VMBuilds\DataLogger_dif\macchina_macchina_sam_m2\Debug\variant\variant.cpp.o
                0x00082f28                USART3_Handler
 .text.init     0x00082f34      0x188 C:\Users\Tony\AppData\Local\Temp\VMBuilds\DataLogger_dif\macchina_macchina_sam_m2\Debug\variant\variant.cpp.o
                0x00082f34                init
 .text.startup._GLOBAL__sub_I_g_APinDescription
                0x000830bc       0xd4 C:\Users\Tony\AppData\Local\Temp\VMBuilds\DataLogger_dif\macchina_macchina_sam_m2\Debug\variant\variant.cpp.o
 .text._Z14serialEventRunv
                0x00083190       0x54 C:\Users\Tony\AppData\Local\Temp\VMBuilds\DataLogger_dif\macchina_macchina_sam_m2\Debug\variant\variant.cpp.o
                0x00083190                serialEventRun()
 .text.PIO_PullUp
                0x000831e4        0xa C:\Users\Tony\AppData\Local\arduino15\packages\macchina\hardware\sam\0.1.0\variants\m2/libsam_sam3x8e_gcc_rel.a(pio.o)
                0x000831e4                PIO_PullUp
 .text.PIO_Get  0x000831ee       0x14 C:\Users\Tony\AppData\Local\arduino15\packages\macchina\hardware\sam\0.1.0\variants\m2/libsam_sam3x8e_gcc_rel.a(pio.o)
                0x000831ee                PIO_Get
 .text.PIO_SetPeripheral
                0x00083202       0x26 C:\Users\Tony\AppData\Local\arduino15\packages\macchina\hardware\sam\0.1.0\variants\m2/libsam_sam3x8e_gcc_rel.a(pio.o)
                0x00083202                PIO_SetPeripheral
 .text.PIO_SetInput
                0x00083228       0x26 C:\Users\Tony\AppData\Local\arduino15\packages\macchina\hardware\sam\0.1.0\variants\m2/libsam_sam3x8e_gcc_rel.a(pio.o)
                0x00083228                PIO_SetInput
 .text.PIO_SetOutput
                0x0008324e       0x24 C:\Users\Tony\AppData\Local\arduino15\packages\macchina\hardware\sam\0.1.0\variants\m2/libsam_sam3x8e_gcc_rel.a(pio.o)
                0x0008324e                PIO_SetOutput
 *fill*         0x00083272        0x2 
 .text.PIO_Configure
                0x00083274       0x64 C:\Users\Tony\AppData\Local\arduino15\packages\macchina\hardware\sam\0.1.0\variants\m2/libsam_sam3x8e_gcc_rel.a(pio.o)
                0x00083274                PIO_Configure
 .text.PIO_GetOutputDataStatus
                0x000832d8       0x14 C:\Users\Tony\AppData\Local\arduino15\packages\macchina\hardware\sam\0.1.0\variants\m2/libsam_sam3x8e_gcc_rel.a(pio.o)
                0x000832d8                PIO_GetOutputDataStatus
 .text.pmc_enable_upll_clock
                0x000832ec       0x14 C:\Users\Tony\AppData\Local\arduino15\packages\macchina\hardware\sam\0.1.0\variants\m2/libsam_sam3x8e_gcc_rel.a(pmc.o)
                0x000832ec                pmc_enable_upll_clock
 .text.pmc_enable_periph_clk
                0x00083300       0x44 C:\Users\Tony\AppData\Local\arduino15\packages\macchina\hardware\sam\0.1.0\variants\m2/libsam_sam3x8e_gcc_rel.a(pmc.o)
                0x00083300                pmc_enable_periph_clk
 .text.pmc_disable_periph_clk
                0x00083344       0x40 C:\Users\Tony\AppData\Local\arduino15\packages\macchina\hardware\sam\0.1.0\variants\m2/libsam_sam3x8e_gcc_rel.a(pmc.o)
                0x00083344                pmc_disable_periph_clk
 .text.pmc_switch_udpck_to_upllck
                0x00083384       0x14 C:\Users\Tony\AppData\Local\arduino15\packages\macchina\hardware\sam\0.1.0\variants\m2/libsam_sam3x8e_gcc_rel.a(pmc.o)
                0x00083384                pmc_switch_udpck_to_upllck
 .text.pmc_enable_udpck
                0x00083398        0xc C:\Users\Tony\AppData\Local\arduino15\packages\macchina\hardware\sam\0.1.0\variants\m2/libsam_sam3x8e_gcc_rel.a(pmc.o)
                0x00083398                pmc_enable_udpck
 .text.SystemInit
                0x000833a4       0x88 C:\Users\Tony\AppData\Local\arduino15\packages\macchina\hardware\sam\0.1.0\variants\m2/libsam_sam3x8e_gcc_rel.a(system_sam3xa.o)
                0x000833a4                SystemInit
 .text.Reset_Handler
                0x0008342c       0x78 C:\Users\Tony\AppData\Local\arduino15\packages\macchina\hardware\sam\0.1.0\variants\m2/libsam_sam3x8e_gcc_rel.a(startup_sam3xa.o)
                0x0008342c                Reset_Handler
 .text.adc_init
                0x000834a4       0x98 C:\Users\Tony\AppData\Local\arduino15\packages\macchina\hardware\sam\0.1.0\variants\m2/libsam_sam3x8e_gcc_rel.a(adc.o)
                0x000834a4                adc_init
 .text.adc_configure_trigger
                0x0008353c        0xe C:\Users\Tony\AppData\Local\arduino15\packages\macchina\hardware\sam\0.1.0\variants\m2/libsam_sam3x8e_gcc_rel.a(adc.o)
                0x0008353c                adc_configure_trigger
 .text.adc_configure_timing
                0x0008354a       0x1a C:\Users\Tony\AppData\Local\arduino15\packages\macchina\hardware\sam\0.1.0\variants\m2/libsam_sam3x8e_gcc_rel.a(adc.o)
                0x0008354a                adc_configure_timing
 .text.adc_enable_channel
                0x00083564        0xa C:\Users\Tony\AppData\Local\arduino15\packages\macchina\hardware\sam\0.1.0\variants\m2/libsam_sam3x8e_gcc_rel.a(adc.o)
                0x00083564                adc_enable_channel
 .text.adc_disable_channel
                0x0008356e        0xa C:\Users\Tony\AppData\Local\arduino15\packages\macchina\hardware\sam\0.1.0\variants\m2/libsam_sam3x8e_gcc_rel.a(adc.o)
                0x0008356e                adc_disable_channel
 .text.adc_disable_all_channel
                0x00083578        0x8 C:\Users\Tony\AppData\Local\arduino15\packages\macchina\hardware\sam\0.1.0\variants\m2/libsam_sam3x8e_gcc_rel.a(adc.o)
                0x00083578                adc_disable_all_channel
 .text.adc_disable_interrupt
                0x00083580        0x4 C:\Users\Tony\AppData\Local\arduino15\packages\macchina\hardware\sam\0.1.0\variants\m2/libsam_sam3x8e_gcc_rel.a(adc.o)
                0x00083580                adc_disable_interrupt
 .text.adc_enable_ts
                0x00083584        0xe C:\Users\Tony\AppData\Local\arduino15\packages\macchina\hardware\sam\0.1.0\variants\m2/libsam_sam3x8e_gcc_rel.a(adc.o)
                0x00083584                adc_enable_ts
 *fill*         0x00083592        0x2 
 .text.UOTGHS_Handler
                0x00083594       0x10 C:\Users\Tony\AppData\Local\arduino15\packages\macchina\hardware\sam\0.1.0\variants\m2/libsam_sam3x8e_gcc_rel.a(uotghs.o)
                0x00083594                UOTGHS_Handler
 .text.__halt   0x000835a4        0x2 C:\Users\Tony\AppData\Local\Temp\VMBuilds\DataLogger_dif\macchina_macchina_sam_m2\Debug/core.a(cortex_handlers.c.o)
                0x000835a4                DACC_Handler
                0x000835a4                DebugMon_Handler
                0x000835a4                DMAC_Handler
                0x000835a4                TRNG_Handler
                0x000835a4                HardFault_Handler
                0x000835a4                TC2_Handler
                0x000835a4                TWI1_Handler
                0x000835a4                NMI_Handler
                0x000835a4                TC7_Handler
                0x000835a4                ADC_Handler
                0x000835a4                SMC_Handler
                0x000835a4                RTT_Handler
                0x000835a4                EFC1_Handler
                0x000835a4                PIOB_Handler
                0x000835a4                RTC_Handler
                0x000835a4                UsageFault_Handler
                0x000835a4                TC6_Handler
                0x000835a4                WDT_Handler
                0x000835a4                CAN0_Handler
                0x000835a4                TC4_Handler
                0x000835a4                TC1_Handler
                0x000835a4                HSMCI_Handler
                0x000835a4                TC3_Handler
                0x000835a4                TWI0_Handler
                0x000835a4                PIOA_Handler
                0x000835a4                SSC_Handler
                0x000835a4                EFC0_Handler
                0x000835a4                PMC_Handler
                0x000835a4                PWM_Handler
                0x000835a4                CAN1_Handler
                0x000835a4                MemManage_Handler
                0x000835a4                SUPC_Handler
                0x000835a4                TC8_Handler
                0x000835a4                USART2_Handler
                0x000835a4                PIOD_Handler
                0x000835a4                EMAC_Handler
                0x000835a4                PIOC_Handler
                0x000835a4                BusFault_Handler
                0x000835a4                RSTC_Handler
                0x000835a4                TC0_Handler
                0x000835a4                TC5_Handler
                0x000835a4                SPI0_Handler
 .text.SVC_Handler
                0x000835a6        0x4 C:\Users\Tony\AppData\Local\Temp\VMBuilds\DataLogger_dif\macchina_macchina_sam_m2\Debug/core.a(cortex_handlers.c.o)
                0x000835a6                SVC_Handler
 .text.PendSV_Handler
                0x000835aa        0x4 C:\Users\Tony\AppData\Local\Temp\VMBuilds\DataLogger_dif\macchina_macchina_sam_m2\Debug/core.a(cortex_handlers.c.o)
                0x000835aa                PendSV_Handler
 .text.SysTick_Handler
                0x000835ae       0x16 C:\Users\Tony\AppData\Local\Temp\VMBuilds\DataLogger_dif\macchina_macchina_sam_m2\Debug/core.a(cortex_handlers.c.o)
                0x000835ae                SysTick_Handler
 .text.__empty  0x000835c4        0x2 C:\Users\Tony\AppData\Local\Temp\VMBuilds\DataLogger_dif\macchina_macchina_sam_m2\Debug/core.a(hooks.c.o)
                0x000835c4                yield
 .text.__false  0x000835c6        0x4 C:\Users\Tony\AppData\Local\Temp\VMBuilds\DataLogger_dif\macchina_macchina_sam_m2\Debug/core.a(hooks.c.o)
                0x000835c6                sysTickHook
 .text.__halt   0x000835ca        0x2 C:\Users\Tony\AppData\Local\Temp\VMBuilds\DataLogger_dif\macchina_macchina_sam_m2\Debug/core.a(hooks.c.o)
                0x000835ca                svcHook
                0x000835ca                pendSVHook
 .text._sbrk    0x000835cc       0x1c C:\Users\Tony\AppData\Local\Temp\VMBuilds\DataLogger_dif\macchina_macchina_sam_m2\Debug/core.a(syscalls_sam3.c.o)
                0x000835cc                _sbrk
 .text.link     0x000835e8        0x6 C:\Users\Tony\AppData\Local\Temp\VMBuilds\DataLogger_dif\macchina_macchina_sam_m2\Debug/core.a(syscalls_sam3.c.o)
                0x000835e8                link
 .text._close   0x000835ee        0x6 C:\Users\Tony\AppData\Local\Temp\VMBuilds\DataLogger_dif\macchina_macchina_sam_m2\Debug/core.a(syscalls_sam3.c.o)
                0x000835ee                _close
 .text._fstat   0x000835f4        0xa C:\Users\Tony\AppData\Local\Temp\VMBuilds\DataLogger_dif\macchina_macchina_sam_m2\Debug/core.a(syscalls_sam3.c.o)
                0x000835f4                _fstat
 .text._isatty  0x000835fe        0x4 C:\Users\Tony\AppData\Local\Temp\VMBuilds\DataLogger_dif\macchina_macchina_sam_m2\Debug/core.a(syscalls_sam3.c.o)
                0x000835fe                _isatty
 .text._lseek   0x00083602        0x4 C:\Users\Tony\AppData\Local\Temp\VMBuilds\DataLogger_dif\macchina_macchina_sam_m2\Debug/core.a(syscalls_sam3.c.o)
                0x00083602                _lseek
 .text._read    0x00083606        0x4 C:\Users\Tony\AppData\Local\Temp\VMBuilds\DataLogger_dif\macchina_macchina_sam_m2\Debug/core.a(syscalls_sam3.c.o)
                0x00083606                _read
 *fill*         0x0008360a        0x2 
 .text._write   0x0008360c       0x24 C:\Users\Tony\AppData\Local\Temp\VMBuilds\DataLogger_dif\macchina_macchina_sam_m2\Debug/core.a(syscalls_sam3.c.o)
                0x0008360c                _write
 .text._exit    0x00083630       0x10 C:\Users\Tony\AppData\Local\Temp\VMBuilds\DataLogger_dif\macchina_macchina_sam_m2\Debug/core.a(syscalls_sam3.c.o)
                0x00083630                _exit
 .text._kill    0x00083640        0x2 C:\Users\Tony\AppData\Local\Temp\VMBuilds\DataLogger_dif\macchina_macchina_sam_m2\Debug/core.a(syscalls_sam3.c.o)
                0x00083640                _kill
 .text._getpid  0x00083642        0x6 C:\Users\Tony\AppData\Local\Temp\VMBuilds\DataLogger_dif\macchina_macchina_sam_m2\Debug/core.a(syscalls_sam3.c.o)
                0x00083642                _getpid
 .text.millis   0x00083648        0x4 C:\Users\Tony\AppData\Local\Temp\VMBuilds\DataLogger_dif\macchina_macchina_sam_m2\Debug/core.a(wiring.c.o)
                0x00083648                millis
 .text.micros   0x0008364c       0x74 C:\Users\Tony\AppData\Local\Temp\VMBuilds\DataLogger_dif\macchina_macchina_sam_m2\Debug/core.a(wiring.c.o)
                0x0008364c                micros
 .text.delay    0x000836c0       0x1c C:\Users\Tony\AppData\Local\Temp\VMBuilds\DataLogger_dif\macchina_macchina_sam_m2\Debug/core.a(wiring.c.o)
                0x000836c0                delay
 .text.analogReadResolution
                0x000836dc        0xc C:\Users\Tony\AppData\Local\Temp\VMBuilds\DataLogger_dif\macchina_macchina_sam_m2\Debug/core.a(wiring_analog.c.o)
                0x000836dc                analogReadResolution
 .text.analogWriteResolution
                0x000836e8        0xc C:\Users\Tony\AppData\Local\Temp\VMBuilds\DataLogger_dif\macchina_macchina_sam_m2\Debug/core.a(wiring_analog.c.o)
                0x000836e8                analogWriteResolution
 .text.analogReference
                0x000836f4        0xc C:\Users\Tony\AppData\Local\Temp\VMBuilds\DataLogger_dif\macchina_macchina_sam_m2\Debug/core.a(wiring_analog.c.o)
                0x000836f4                analogReference
 .text.analogOutputInit
                0x00083700        0x2 C:\Users\Tony\AppData\Local\Temp\VMBuilds\DataLogger_dif\macchina_macchina_sam_m2\Debug/core.a(wiring_analog.c.o)
                0x00083700                analogOutputInit
 *fill*         0x00083702        0x2 
 .text.pinMode  0x00083704      0x108 C:\Users\Tony\AppData\Local\Temp\VMBuilds\DataLogger_dif\macchina_macchina_sam_m2\Debug/core.a(wiring_digital.c.o)
                0x00083704                pinMode
 .text.digitalWrite
                0x0008380c       0x70 C:\Users\Tony\AppData\Local\Temp\VMBuilds\DataLogger_dif\macchina_macchina_sam_m2\Debug/core.a(wiring_digital.c.o)
                0x0008380c                digitalWrite
 .text.digitalRead
                0x0008387c       0x44 C:\Users\Tony\AppData\Local\Temp\VMBuilds\DataLogger_dif\macchina_macchina_sam_m2\Debug/core.a(wiring_digital.c.o)
                0x0008387c                digitalRead
 .text.initVariant
                0x000838c0        0x2 C:\Users\Tony\AppData\Local\Temp\VMBuilds\DataLogger_dif\macchina_macchina_sam_m2\Debug/core.a(main.cpp.o)
                0x000838c0                initVariant
 *fill*         0x000838c2        0x2 
 .text.startup.main
                0x000838c4       0x38 C:\Users\Tony\AppData\Local\Temp\VMBuilds\DataLogger_dif\macchina_macchina_sam_m2\Debug/core.a(main.cpp.o)
                0x000838c4                main
 .text._Znwj    0x000838fc        0x4 C:\Users\Tony\AppData\Local\Temp\VMBuilds\DataLogger_dif\macchina_macchina_sam_m2\Debug/core.a(new.cpp.o)
                0x000838fc                operator new(unsigned int)
 .text._ZN5Print5writeEPKhj
                0x00083900       0x22 C:\Users\Tony\AppData\Local\Temp\VMBuilds\DataLogger_dif\macchina_macchina_sam_m2\Debug/core.a(Print.cpp.o)
                0x00083900                Print::write(unsigned char const*, unsigned int)
 .text._ZN5Print5printEmi.part.3
                0x00083922        0xc C:\Users\Tony\AppData\Local\Temp\VMBuilds\DataLogger_dif\macchina_macchina_sam_m2\Debug/core.a(Print.cpp.o)
 .text._ZN5Print5writeEPKc
                0x0008392e       0x1e C:\Users\Tony\AppData\Local\Temp\VMBuilds\DataLogger_dif\macchina_macchina_sam_m2\Debug/core.a(Print.cpp.o)
                0x0008392e                Print::write(char const*)
 .text._ZN5Print5printEPKc
                0x0008394c        0x8 C:\Users\Tony\AppData\Local\Temp\VMBuilds\DataLogger_dif\macchina_macchina_sam_m2\Debug/core.a(Print.cpp.o)
                0x0008394c                Print::print(char const*)
 .text._ZN5Print11printNumberEmh
                0x00083954       0x3e C:\Users\Tony\AppData\Local\Temp\VMBuilds\DataLogger_dif\macchina_macchina_sam_m2\Debug/core.a(Print.cpp.o)
                0x00083954                Print::printNumber(unsigned long, unsigned char)
 .text._ZN5Print5printEmi
                0x00083992        0xc C:\Users\Tony\AppData\Local\Temp\VMBuilds\DataLogger_dif\macchina_macchina_sam_m2\Debug/core.a(Print.cpp.o)
                0x00083992                Print::print(unsigned long, int)
 .text._ZN5Print5printEhi
                0x0008399e        0x4 C:\Users\Tony\AppData\Local\Temp\VMBuilds\DataLogger_dif\macchina_macchina_sam_m2\Debug/core.a(Print.cpp.o)
                0x0008399e                Print::print(unsigned char, int)
 *fill*         0x000839a2        0x2 
 .text.initiateReset
                0x000839a4        0xc C:\Users\Tony\AppData\Local\Temp\VMBuilds\DataLogger_dif\macchina_macchina_sam_m2\Debug/core.a(Reset.cpp.o)
                0x000839a4                initiateReset
 .text.cancelReset
                0x000839b0       0x10 C:\Users\Tony\AppData\Local\Temp\VMBuilds\DataLogger_dif\macchina_macchina_sam_m2\Debug/core.a(Reset.cpp.o)
                0x000839b0                cancelReset
 .text.tickReset
                0x000839c0       0x20 C:\Users\Tony\AppData\Local\Temp\VMBuilds\DataLogger_dif\macchina_macchina_sam_m2\Debug/core.a(Reset.cpp.o)
                0x000839c0                tickReset
 .text._ZN10RingBufferC2Ev
                0x000839e0       0x1a C:\Users\Tony\AppData\Local\Temp\VMBuilds\DataLogger_dif\macchina_macchina_sam_m2\Debug/core.a(RingBuffer.cpp.o)
                0x000839e0                RingBuffer::RingBuffer()
                0x000839e0                RingBuffer::RingBuffer()
 .text._ZN10RingBuffer10store_charEh
                0x000839fa       0x1e C:\Users\Tony\AppData\Local\Temp\VMBuilds\DataLogger_dif\macchina_macchina_sam_m2\Debug/core.a(RingBuffer.cpp.o)
                0x000839fa                RingBuffer::store_char(unsigned char)
 .text._ZN9UARTClasscvbEv
                0x00083a18        0x4 C:\Users\Tony\AppData\Local\Temp\VMBuilds\DataLogger_dif\macchina_macchina_sam_m2\Debug/core.a(UARTClass.cpp.o)
                0x00083a18                UARTClass::operator bool()
 .text._ZN9UARTClass9availableEv
                0x00083a1c       0x12 C:\Users\Tony\AppData\Local\Temp\VMBuilds\DataLogger_dif\macchina_macchina_sam_m2\Debug/core.a(UARTClass.cpp.o)
                0x00083a1c                UARTClass::available()
 .text._ZN9UARTClass4peekEv
                0x00083a2e       0x1c C:\Users\Tony\AppData\Local\Temp\VMBuilds\DataLogger_dif\macchina_macchina_sam_m2\Debug/core.a(UARTClass.cpp.o)
                0x00083a2e                UARTClass::peek()
 .text._ZN9UARTClass4readEv
                0x00083a4a       0x2a C:\Users\Tony\AppData\Local\Temp\VMBuilds\DataLogger_dif\macchina_macchina_sam_m2\Debug/core.a(UARTClass.cpp.o)
                0x00083a4a                UARTClass::read()
 .text._ZN9UARTClass5flushEv
                0x00083a74       0x18 C:\Users\Tony\AppData\Local\Temp\VMBuilds\DataLogger_dif\macchina_macchina_sam_m2\Debug/core.a(UARTClass.cpp.o)
                0x00083a74                UARTClass::flush()
 .text._ZN9UARTClass5writeEh
                0x00083a8c       0x54 C:\Users\Tony\AppData\Local\Temp\VMBuilds\DataLogger_dif\macchina_macchina_sam_m2\Debug/core.a(UARTClass.cpp.o)
                0x00083a8c                UARTClass::write(unsigned char)
 .text._ZN9UARTClass3endEv
                0x00083ae0       0x3c C:\Users\Tony\AppData\Local\Temp\VMBuilds\DataLogger_dif\macchina_macchina_sam_m2\Debug/core.a(UARTClass.cpp.o)
                0x00083ae0                UARTClass::end()
 .text._ZN9UARTClassC2EP4Uart4IRQnmP10RingBufferS4_
                0x00083b1c       0x24 C:\Users\Tony\AppData\Local\Temp\VMBuilds\DataLogger_dif\macchina_macchina_sam_m2\Debug/core.a(UARTClass.cpp.o)
                0x00083b1c                UARTClass::UARTClass(Uart*, IRQn, unsigned long, RingBuffer*, RingBuffer*)
                0x00083b1c                UARTClass::UARTClass(Uart*, IRQn, unsigned long, RingBuffer*, RingBuffer*)
 .text._ZN9UARTClass4initEmm
                0x00083b40       0x70 C:\Users\Tony\AppData\Local\Temp\VMBuilds\DataLogger_dif\macchina_macchina_sam_m2\Debug/core.a(UARTClass.cpp.o)
                0x00083b40                UARTClass::init(unsigned long, unsigned long)
 .text._ZN9UARTClass5beginEm
                0x00083bb0        0x8 C:\Users\Tony\AppData\Local\Temp\VMBuilds\DataLogger_dif\macchina_macchina_sam_m2\Debug/core.a(UARTClass.cpp.o)
                0x00083bb0                UARTClass::begin(unsigned long)
 .text._ZN9UARTClass10IrqHandlerEv
                0x00083bb8       0x5a C:\Users\Tony\AppData\Local\Temp\VMBuilds\DataLogger_dif\macchina_macchina_sam_m2\Debug/core.a(UARTClass.cpp.o)
                0x00083bb8                UARTClass::IrqHandler()
 .text._ZN10USARTClass5beginEm
                0x00083c12        0x8 C:\Users\Tony\AppData\Local\Temp\VMBuilds\DataLogger_dif\macchina_macchina_sam_m2\Debug/core.a(USARTClass.cpp.o)
                0x00083c12                USARTClass::begin(unsigned long)
 *fill*         0x00083c1a        0x2 
 .text._ZN10USARTClassC2EP5Usart4IRQnmP10RingBufferS4_
                0x00083c1c       0x24 C:\Users\Tony\AppData\Local\Temp\VMBuilds\DataLogger_dif\macchina_macchina_sam_m2\Debug/core.a(USARTClass.cpp.o)
                0x00083c1c                USARTClass::USARTClass(Usart*, IRQn, unsigned long, RingBuffer*, RingBuffer*)
                0x00083c1c                USARTClass::USARTClass(Usart*, IRQn, unsigned long, RingBuffer*, RingBuffer*)
 .text._watchdogDefaultSetup
                0x00083c40        0xc C:\Users\Tony\AppData\Local\Temp\VMBuilds\DataLogger_dif\macchina_macchina_sam_m2\Debug/core.a(watchdog.cpp.o)
                0x00083c40                _watchdogDefaultSetup
                0x00083c40                watchdogSetup()
 .text._ZN6StringD2Ev
                0x00083c4c        0xe C:\Users\Tony\AppData\Local\Temp\VMBuilds\DataLogger_dif\macchina_macchina_sam_m2\Debug/core.a(WString.cpp.o)
                0x00083c4c                String::~String()
                0x00083c4c                String::~String()
 .text._ZN6String10invalidateEv
                0x00083c5a       0x16 C:\Users\Tony\AppData\Local\Temp\VMBuilds\DataLogger_dif\macchina_macchina_sam_m2\Debug/core.a(WString.cpp.o)
                0x00083c5a                String::invalidate()
 .text._ZN6String12changeBufferEj
                0x00083c70       0x18 C:\Users\Tony\AppData\Local\Temp\VMBuilds\DataLogger_dif\macchina_macchina_sam_m2\Debug/core.a(WString.cpp.o)
                0x00083c70                String::changeBuffer(unsigned int)
 .text._ZN6String7reserveEj
                0x00083c88       0x22 C:\Users\Tony\AppData\Local\Temp\VMBuilds\DataLogger_dif\macchina_macchina_sam_m2\Debug/core.a(WString.cpp.o)
                0x00083c88                String::reserve(unsigned int)
 .text._ZN6String4copyEPKcj
                0x00083caa       0x26 C:\Users\Tony\AppData\Local\Temp\VMBuilds\DataLogger_dif\macchina_macchina_sam_m2\Debug/core.a(WString.cpp.o)
                0x00083caa                String::copy(char const*, unsigned int)
 .text._ZN6StringC2EPKc
                0x00083cd0       0x24 C:\Users\Tony\AppData\Local\Temp\VMBuilds\DataLogger_dif\macchina_macchina_sam_m2\Debug/core.a(WString.cpp.o)
                0x00083cd0                String::String(char const*)
                0x00083cd0                String::String(char const*)
 .text._ZN6StringaSERKS_
                0x00083cf4       0x1e C:\Users\Tony\AppData\Local\Temp\VMBuilds\DataLogger_dif\macchina_macchina_sam_m2\Debug/core.a(WString.cpp.o)
                0x00083cf4                String::operator=(String const&)
 .text._ZN6StringC2ERKS_
                0x00083d12       0x14 C:\Users\Tony\AppData\Local\Temp\VMBuilds\DataLogger_dif\macchina_macchina_sam_m2\Debug/core.a(WString.cpp.o)
                0x00083d12                String::String(String const&)
                0x00083d12                String::String(String const&)
 .text._ZN6StringaSEPKc
                0x00083d26       0x22 C:\Users\Tony\AppData\Local\Temp\VMBuilds\DataLogger_dif\macchina_macchina_sam_m2\Debug/core.a(WString.cpp.o)
                0x00083d26                String::operator=(char const*)
 .text._ZN6StringC2Ejh
                0x00083d48       0x24 C:\Users\Tony\AppData\Local\Temp\VMBuilds\DataLogger_dif\macchina_macchina_sam_m2\Debug/core.a(WString.cpp.o)
                0x00083d48                String::String(unsigned int, unsigned char)
                0x00083d48                String::String(unsigned int, unsigned char)
 .text._ZN6String6concatEPKcj
                0x00083d6c       0x2e C:\Users\Tony\AppData\Local\Temp\VMBuilds\DataLogger_dif\macchina_macchina_sam_m2\Debug/core.a(WString.cpp.o)
                0x00083d6c                String::concat(char const*, unsigned int)
 .text._ZplRK15StringSumHelperRK6String
                0x00083d9a       0x1a C:\Users\Tony\AppData\Local\Temp\VMBuilds\DataLogger_dif\macchina_macchina_sam_m2\Debug/core.a(WString.cpp.o)
                0x00083d9a                operator+(StringSumHelper const&, String const&)
 .text._ZplRK15StringSumHelperPKc
                0x00083db4       0x24 C:\Users\Tony\AppData\Local\Temp\VMBuilds\DataLogger_dif\macchina_macchina_sam_m2\Debug/core.a(WString.cpp.o)
                0x00083db4                operator+(StringSumHelper const&, char const*)
 .text._ZNK6String8getBytesEPhjj
                0x00083dd8       0x30 C:\Users\Tony\AppData\Local\Temp\VMBuilds\DataLogger_dif\macchina_macchina_sam_m2\Debug/core.a(WString.cpp.o)
                0x00083dd8                String::getBytes(unsigned char*, unsigned int, unsigned int) const
 .text._ZN7Serial_9availableEv
                0x00083e08       0x18 C:\Users\Tony\AppData\Local\Temp\VMBuilds\DataLogger_dif\macchina_macchina_sam_m2\Debug/core.a(CDC.cpp.o)
                0x00083e08                Serial_::available()
 .text._ZN7Serial_17availableForWriteEv
                0x00083e20        0x6 C:\Users\Tony\AppData\Local\Temp\VMBuilds\DataLogger_dif\macchina_macchina_sam_m2\Debug/core.a(CDC.cpp.o)
                0x00083e20                Serial_::availableForWrite()
 *fill*         0x00083e26        0x2 
 .text._ZN7Serial_4peekEv
                0x00083e28       0x20 C:\Users\Tony\AppData\Local\Temp\VMBuilds\DataLogger_dif\macchina_macchina_sam_m2\Debug/core.a(CDC.cpp.o)
                0x00083e28                Serial_::peek()
 .text._ZN7Serial_5writeEh
                0x00083e48       0x16 C:\Users\Tony\AppData\Local\Temp\VMBuilds\DataLogger_dif\macchina_macchina_sam_m2\Debug/core.a(CDC.cpp.o)
                0x00083e48                Serial_::write(unsigned char)
 *fill*         0x00083e5e        0x2 
 .text._ZN7Serial_4readEv
                0x00083e60       0x44 C:\Users\Tony\AppData\Local\Temp\VMBuilds\DataLogger_dif\macchina_macchina_sam_m2\Debug/core.a(CDC.cpp.o)
                0x00083e60                Serial_::read()
 .text._ZN7Serial_5flushEv
                0x00083ea4        0x6 C:\Users\Tony\AppData\Local\Temp\VMBuilds\DataLogger_dif\macchina_macchina_sam_m2\Debug/core.a(CDC.cpp.o)
                0x00083ea4                Serial_::flush()
 *fill*         0x00083eaa        0x2 
 .text._ZN7Serial_6acceptEv
                0x00083eac       0x70 C:\Users\Tony\AppData\Local\Temp\VMBuilds\DataLogger_dif\macchina_macchina_sam_m2\Debug/core.a(CDC.cpp.o)
                0x00083eac                Serial_::accept()
 .text._ZN7Serial_5writeEPKhj
                0x00083f1c       0x2c C:\Users\Tony\AppData\Local\Temp\VMBuilds\DataLogger_dif\macchina_macchina_sam_m2\Debug/core.a(CDC.cpp.o)
                0x00083f1c                Serial_::write(unsigned char const*, unsigned int)
 .text._Z16CDC_GetInterfacePh
                0x00083f48       0x14 C:\Users\Tony\AppData\Local\Temp\VMBuilds\DataLogger_dif\macchina_macchina_sam_m2\Debug/core.a(CDC.cpp.o)
                0x00083f48                CDC_GetInterface(unsigned char*)
 .text._Z21CDC_GetOtherInterfacePh
                0x00083f5c       0x14 C:\Users\Tony\AppData\Local\Temp\VMBuilds\DataLogger_dif\macchina_macchina_sam_m2\Debug/core.a(CDC.cpp.o)
                0x00083f5c                CDC_GetOtherInterface(unsigned char*)
 .text._Z9CDC_SetupR8USBSetup
                0x00083f70       0x78 C:\Users\Tony\AppData\Local\Temp\VMBuilds\DataLogger_dif\macchina_macchina_sam_m2\Debug/core.a(CDC.cpp.o)
                0x00083f70                CDC_Setup(USBSetup&)
 .text._ZN7Serial_cvbEv
                0x00083fe8       0x28 C:\Users\Tony\AppData\Local\Temp\VMBuilds\DataLogger_dif\macchina_macchina_sam_m2\Debug/core.a(CDC.cpp.o)
                0x00083fe8                Serial_::operator bool()
 .text.startup._GLOBAL__sub_I_cdc_rx_buffer
                0x00084010       0x1c C:\Users\Tony\AppData\Local\Temp\VMBuilds\DataLogger_dif\macchina_macchina_sam_m2\Debug/core.a(CDC.cpp.o)
 .text.unlikely._ZL11USB_SendZlpv
                0x0008402c       0x20 C:\Users\Tony\AppData\Local\Temp\VMBuilds\DataLogger_dif\macchina_macchina_sam_m2\Debug/core.a(USBCore.cpp.o)
 .text._Z14USBD_Availablem
                0x0008404c       0x2c C:\Users\Tony\AppData\Local\Temp\VMBuilds\DataLogger_dif\macchina_macchina_sam_m2\Debug/core.a(USBCore.cpp.o)
                0x0008404c                USBD_Available(unsigned long)
 .text._Z9USBD_RecvmPvm
                0x00084078       0x7c C:\Users\Tony\AppData\Local\Temp\VMBuilds\DataLogger_dif\macchina_macchina_sam_m2\Debug/core.a(USBCore.cpp.o)
                0x00084078                USBD_Recv(unsigned long, void*, unsigned long)
 .text._Z9USBD_Recvm
                0x000840f4       0x22 C:\Users\Tony\AppData\Local\Temp\VMBuilds\DataLogger_dif\macchina_macchina_sam_m2\Debug/core.a(USBCore.cpp.o)
                0x000840f4                USBD_Recv(unsigned long)
 *fill*         0x00084116        0x2 
 .text._Z9USBD_SendmPKvm
                0x00084118       0x4c C:\Users\Tony\AppData\Local\Temp\VMBuilds\DataLogger_dif\macchina_macchina_sam_m2\Debug/core.a(USBCore.cpp.o)
                0x00084118                USBD_Send(unsigned long, void const*, unsigned long)
 .text._Z16USBD_SendControlhPKvm
                0x00084164       0x40 C:\Users\Tony\AppData\Local\Temp\VMBuilds\DataLogger_dif\macchina_macchina_sam_m2\Debug/core.a(USBCore.cpp.o)
                0x00084164                USBD_SendControl(unsigned char, void const*, unsigned long)
 .text.unlikely._ZL24USB_SendStringDescriptorPKhi
                0x000841a4       0x64 C:\Users\Tony\AppData\Local\Temp\VMBuilds\DataLogger_dif\macchina_macchina_sam_m2\Debug/core.a(USBCore.cpp.o)
 .text._Z16USBD_RecvControlPvm
                0x00084208       0x1c C:\Users\Tony\AppData\Local\Temp\VMBuilds\DataLogger_dif\macchina_macchina_sam_m2\Debug/core.a(USBCore.cpp.o)
                0x00084208                USBD_RecvControl(void*, unsigned long)
 .text._Z26USBD_ClassInterfaceRequestR8USBSetup
                0x00084224       0x1e C:\Users\Tony\AppData\Local\Temp\VMBuilds\DataLogger_dif\macchina_macchina_sam_m2\Debug/core.a(USBCore.cpp.o)
                0x00084224                USBD_ClassInterfaceRequest(USBSetup&)
 .text._Z19USBD_SendInterfacesv
                0x00084242       0x22 C:\Users\Tony\AppData\Local\Temp\VMBuilds\DataLogger_dif\macchina_macchina_sam_m2\Debug/core.a(USBCore.cpp.o)
                0x00084242                USBD_SendInterfaces()
 .text._Z24USBD_SendOtherInterfacesv
                0x00084264       0x22 C:\Users\Tony\AppData\Local\Temp\VMBuilds\DataLogger_dif\macchina_macchina_sam_m2\Debug/core.a(USBCore.cpp.o)
                0x00084264                USBD_SendOtherInterfaces()
 .text._Z10USBD_Flushm
                0x00084286       0x16 C:\Users\Tony\AppData\Local\Temp\VMBuilds\DataLogger_dif\macchina_macchina_sam_m2\Debug/core.a(USBCore.cpp.o)
                0x00084286                USBD_Flush(unsigned long)
 .text._ZN10USBDevice_C2Ev
                0x0008429c       0x24 C:\Users\Tony\AppData\Local\Temp\VMBuilds\DataLogger_dif\macchina_macchina_sam_m2\Debug/core.a(USBCore.cpp.o)
                0x0008429c                USBDevice_::USBDevice_()
                0x0008429c                USBDevice_::USBDevice_()
 .text._ZN10USBDevice_6attachEv
                0x000842c0       0x20 C:\Users\Tony\AppData\Local\Temp\VMBuilds\DataLogger_dif\macchina_macchina_sam_m2\Debug/core.a(USBCore.cpp.o)
                0x000842c0                USBDevice_::attach()
 .text.startup._GLOBAL__sub_I_EndPoints
                0x000842e0        0xc C:\Users\Tony\AppData\Local\Temp\VMBuilds\DataLogger_dif\macchina_macchina_sam_m2\Debug/core.a(USBCore.cpp.o)
 .text._ZL7USB_ISRv
                0x000842ec      0x454 C:\Users\Tony\AppData\Local\Temp\VMBuilds\DataLogger_dif\macchina_macchina_sam_m2\Debug/core.a(USBCore.cpp.o)
 .text.ultoa    0x00084740       0x52 C:\Users\Tony\AppData\Local\Temp\VMBuilds\DataLogger_dif\macchina_macchina_sam_m2\Debug/core.a(itoa.c.o)
                0x00084740                ultoa
 .text.utoa     0x00084792        0x4 C:\Users\Tony\AppData\Local\Temp\VMBuilds\DataLogger_dif\macchina_macchina_sam_m2\Debug/core.a(itoa.c.o)
                0x00084792                utoa
 .text._ZN13PluggableUSB_12getInterfaceEPh
                0x00084796       0x28 C:\Users\Tony\AppData\Local\Temp\VMBuilds\DataLogger_dif\macchina_macchina_sam_m2\Debug/core.a(PluggableUSB.cpp.o)
                0x00084796                PluggableUSB_::getInterface(unsigned char*)
 .text._ZN13PluggableUSB_13getDescriptorER8USBSetup
                0x000847be       0x1c C:\Users\Tony\AppData\Local\Temp\VMBuilds\DataLogger_dif\macchina_macchina_sam_m2\Debug/core.a(PluggableUSB.cpp.o)
                0x000847be                PluggableUSB_::getDescriptor(USBSetup&)
 .text._ZN13PluggableUSB_12getShortNameEPc
                0x000847da       0x1c C:\Users\Tony\AppData\Local\Temp\VMBuilds\DataLogger_dif\macchina_macchina_sam_m2\Debug/core.a(PluggableUSB.cpp.o)
                0x000847da                PluggableUSB_::getShortName(char*)
 .text._ZN13PluggableUSB_5setupER8USBSetup
                0x000847f6       0x20 C:\Users\Tony\AppData\Local\Temp\VMBuilds\DataLogger_dif\macchina_macchina_sam_m2\Debug/core.a(PluggableUSB.cpp.o)
                0x000847f6                PluggableUSB_::setup(USBSetup&)
 *fill*         0x00084816        0x2 
 .text._Z12PluggableUSBv
                0x00084818       0x28 C:\Users\Tony\AppData\Local\Temp\VMBuilds\DataLogger_dif\macchina_macchina_sam_m2\Debug/core.a(PluggableUSB.cpp.o)
                0x00084818                PluggableUSB()
 .text.TimeTick_Increment
                0x00084840       0x10 C:\Users\Tony\AppData\Local\arduino15\packages\macchina\hardware\sam\0.1.0\variants\m2/libsam_sam3x8e_gcc_rel.a(timetick.o)
                0x00084840                TimeTick_Increment
 .text.GetTickCount
                0x00084850        0xc C:\Users\Tony\AppData\Local\arduino15\packages\macchina\hardware\sam\0.1.0\variants\m2/libsam_sam3x8e_gcc_rel.a(timetick.o)
                0x00084850                GetTickCount
 .text.WDT_Disable
                0x0008485c        0x8 C:\Users\Tony\AppData\Local\arduino15\packages\macchina\hardware\sam\0.1.0\variants\m2/libsam_sam3x8e_gcc_rel.a(wdt.o)
                0x0008485c                WDT_Disable
 .text.UDD_SetStack
                0x00084864        0xc C:\Users\Tony\AppData\Local\arduino15\packages\macchina\hardware\sam\0.1.0\variants\m2/libsam_sam3x8e_gcc_rel.a(uotghs_device.o)
                0x00084864                UDD_SetStack
 .text.UDD_Init
                0x00084870       0xd0 C:\Users\Tony\AppData\Local\arduino15\packages\macchina\hardware\sam\0.1.0\variants\m2/libsam_sam3x8e_gcc_rel.a(uotghs_device.o)
                0x00084870                UDD_Init
 .text.UDD_Attach
                0x00084940       0x50 C:\Users\Tony\AppData\Local\arduino15\packages\macchina\hardware\sam\0.1.0\variants\m2/libsam_sam3x8e_gcc_rel.a(uotghs_device.o)
                0x00084940                UDD_Attach
 .text.UDD_InitEP
                0x00084990       0x2c C:\Users\Tony\AppData\Local\arduino15\packages\macchina\hardware\sam\0.1.0\variants\m2/libsam_sam3x8e_gcc_rel.a(uotghs_device.o)
                0x00084990                UDD_InitEP
 .text.UDD_InitEndpoints
                0x000849bc       0x3c C:\Users\Tony\AppData\Local\arduino15\packages\macchina\hardware\sam\0.1.0\variants\m2/libsam_sam3x8e_gcc_rel.a(uotghs_device.o)
                0x000849bc                UDD_InitEndpoints
 .text.UDD_WaitIN
                0x000849f8       0x10 C:\Users\Tony\AppData\Local\arduino15\packages\macchina\hardware\sam\0.1.0\variants\m2/libsam_sam3x8e_gcc_rel.a(uotghs_device.o)
                0x000849f8                UDD_WaitIN
 .text.UDD_WaitOUT
                0x00084a08       0x10 C:\Users\Tony\AppData\Local\arduino15\packages\macchina\hardware\sam\0.1.0\variants\m2/libsam_sam3x8e_gcc_rel.a(uotghs_device.o)
                0x00084a08                UDD_WaitOUT
 .text.UDD_ClearIN
                0x00084a18       0x18 C:\Users\Tony\AppData\Local\arduino15\packages\macchina\hardware\sam\0.1.0\variants\m2/libsam_sam3x8e_gcc_rel.a(uotghs_device.o)
                0x00084a18                UDD_ClearIN
 .text.UDD_ClearOUT
                0x00084a30       0x18 C:\Users\Tony\AppData\Local\arduino15\packages\macchina\hardware\sam\0.1.0\variants\m2/libsam_sam3x8e_gcc_rel.a(uotghs_device.o)
                0x00084a30                UDD_ClearOUT
 .text.UDD_ReceivedSetupInt
                0x00084a48       0x10 C:\Users\Tony\AppData\Local\arduino15\packages\macchina\hardware\sam\0.1.0\variants\m2/libsam_sam3x8e_gcc_rel.a(uotghs_device.o)
                0x00084a48                UDD_ReceivedSetupInt
 .text.UDD_ClearSetupInt
                0x00084a58       0x10 C:\Users\Tony\AppData\Local\arduino15\packages\macchina\hardware\sam\0.1.0\variants\m2/libsam_sam3x8e_gcc_rel.a(uotghs_device.o)
                0x00084a58                UDD_ClearSetupInt
 .text.UDD_Send
                0x00084a68       0x88 C:\Users\Tony\AppData\Local\arduino15\packages\macchina\hardware\sam\0.1.0\variants\m2/libsam_sam3x8e_gcc_rel.a(uotghs_device.o)
                0x00084a68                UDD_Send
 .text.UDD_Send8
                0x00084af0       0x24 C:\Users\Tony\AppData\Local\arduino15\packages\macchina\hardware\sam\0.1.0\variants\m2/libsam_sam3x8e_gcc_rel.a(uotghs_device.o)
                0x00084af0                UDD_Send8
 .text.UDD_Recv8
                0x00084b14       0x28 C:\Users\Tony\AppData\Local\arduino15\packages\macchina\hardware\sam\0.1.0\variants\m2/libsam_sam3x8e_gcc_rel.a(uotghs_device.o)
                0x00084b14                UDD_Recv8
 .text.UDD_Recv
                0x00084b3c       0x34 C:\Users\Tony\AppData\Local\arduino15\packages\macchina\hardware\sam\0.1.0\variants\m2/libsam_sam3x8e_gcc_rel.a(uotghs_device.o)
                0x00084b3c                UDD_Recv
 .text.UDD_Stall
                0x00084b70       0x14 C:\Users\Tony\AppData\Local\arduino15\packages\macchina\hardware\sam\0.1.0\variants\m2/libsam_sam3x8e_gcc_rel.a(uotghs_device.o)
                0x00084b70                UDD_Stall
 .text.UDD_FifoByteCount
                0x00084b84       0x14 C:\Users\Tony\AppData\Local\arduino15\packages\macchina\hardware\sam\0.1.0\variants\m2/libsam_sam3x8e_gcc_rel.a(uotghs_device.o)
                0x00084b84                UDD_FifoByteCount
 .text.UDD_ReleaseRX
                0x00084b98       0x28 C:\Users\Tony\AppData\Local\arduino15\packages\macchina\hardware\sam\0.1.0\variants\m2/libsam_sam3x8e_gcc_rel.a(uotghs_device.o)
                0x00084b98                UDD_ReleaseRX
 .text.UDD_ReleaseTX
                0x00084bc0       0x28 C:\Users\Tony\AppData\Local\arduino15\packages\macchina\hardware\sam\0.1.0\variants\m2/libsam_sam3x8e_gcc_rel.a(uotghs_device.o)
                0x00084bc0                UDD_ReleaseTX
 .text.UDD_SetAddress
                0x00084be8       0x20 C:\Users\Tony\AppData\Local\arduino15\packages\macchina\hardware\sam\0.1.0\variants\m2/libsam_sam3x8e_gcc_rel.a(uotghs_device.o)
                0x00084be8                UDD_SetAddress
 .text.__libc_init_array
                0x00084c08       0x50 c:/users/tony/appdata/local/arduino15/packages/arduino/tools/arm-none-eabi-gcc/4.8.3-2014q1/bin/../lib/gcc/arm-none-eabi/4.8.3/../../../../arm-none-eabi/lib/armv7-m\libg.a(lib_a-init.o)
                0x00084c08                __libc_init_array
 .text.iprintf  0x00084c58       0x28 c:/users/tony/appdata/local/arduino15/packages/arduino/tools/arm-none-eabi-gcc/4.8.3-2014q1/bin/../lib/gcc/arm-none-eabi/4.8.3/../../../../arm-none-eabi/lib/armv7-m\libg.a(lib_a-iprintf.o)
                0x00084c58                iprintf
 .text.malloc   0x00084c80       0x10 c:/users/tony/appdata/local/arduino15/packages/arduino/tools/arm-none-eabi-gcc/4.8.3-2014q1/bin/../lib/gcc/arm-none-eabi/4.8.3/../../../../arm-none-eabi/lib/armv7-m\libg.a(lib_a-malloc.o)
                0x00084c80                malloc
 .text.free     0x00084c90       0x10 c:/users/tony/appdata/local/arduino15/packages/arduino/tools/arm-none-eabi-gcc/4.8.3-2014q1/bin/../lib/gcc/arm-none-eabi/4.8.3/../../../../arm-none-eabi/lib/armv7-m\libg.a(lib_a-malloc.o)
                0x00084c90                free
 .text._malloc_r
                0x00084ca0      0x538 c:/users/tony/appdata/local/arduino15/packages/arduino/tools/arm-none-eabi-gcc/4.8.3-2014q1/bin/../lib/gcc/arm-none-eabi/4.8.3/../../../../arm-none-eabi/lib/armv7-m\libg.a(lib_a-mallocr.o)
                0x00084ca0                _malloc_r
 .text          0x000851d8       0xec c:/users/tony/appdata/local/arduino15/packages/arduino/tools/arm-none-eabi-gcc/4.8.3-2014q1/bin/../lib/gcc/arm-none-eabi/4.8.3/../../../../arm-none-eabi/lib/armv7-m\libg.a(lib_a-memcpy.o)
                0x000851d8                memcpy
 .text.memmove  0x000852c4       0xcc c:/users/tony/appdata/local/arduino15/packages/arduino/tools/arm-none-eabi-gcc/4.8.3-2014q1/bin/../lib/gcc/arm-none-eabi/4.8.3/../../../../arm-none-eabi/lib/armv7-m\libg.a(lib_a-memmove.o)
                0x000852c4                memmove
 .text.memset   0x00085390       0x94 c:/users/tony/appdata/local/arduino15/packages/arduino/tools/arm-none-eabi-gcc/4.8.3-2014q1/bin/../lib/gcc/arm-none-eabi/4.8.3/../../../../arm-none-eabi/lib/armv7-m\libg.a(lib_a-memset.o)
                0x00085390                memset
 .text.__malloc_lock
                0x00085424        0x4 c:/users/tony/appdata/local/arduino15/packages/arduino/tools/arm-none-eabi-gcc/4.8.3-2014q1/bin/../lib/gcc/arm-none-eabi/4.8.3/../../../../arm-none-eabi/lib/armv7-m\libg.a(lib_a-mlock.o)
                0x00085424                __malloc_lock
 .text.__malloc_unlock
                0x00085428        0x4 c:/users/tony/appdata/local/arduino15/packages/arduino/tools/arm-none-eabi-gcc/4.8.3-2014q1/bin/../lib/gcc/arm-none-eabi/4.8.3/../../../../arm-none-eabi/lib/armv7-m\libg.a(lib_a-mlock.o)
                0x00085428                __malloc_unlock
 .text.realloc  0x0008542c       0x10 c:/users/tony/appdata/local/arduino15/packages/arduino/tools/arm-none-eabi-gcc/4.8.3-2014q1/bin/../lib/gcc/arm-none-eabi/4.8.3/../../../../arm-none-eabi/lib/armv7-m\libg.a(lib_a-realloc.o)
                0x0008542c                realloc
 .text._realloc_r
                0x0008543c      0x3c0 c:/users/tony/appdata/local/arduino15/packages/arduino/tools/arm-none-eabi-gcc/4.8.3-2014q1/bin/../lib/gcc/arm-none-eabi/4.8.3/../../../../arm-none-eabi/lib/armv7-m\libg.a(lib_a-reallocr.o)
                0x0008543c                _realloc_r
 .text._sbrk_r  0x000857fc       0x24 c:/users/tony/appdata/local/arduino15/packages/arduino/tools/arm-none-eabi-gcc/4.8.3-2014q1/bin/../lib/gcc/arm-none-eabi/4.8.3/../../../../arm-none-eabi/lib/armv7-m\libg.a(lib_a-sbrkr.o)
                0x000857fc                _sbrk_r
 .text.strcpy   0x00085820       0xbc c:/users/tony/appdata/local/arduino15/packages/arduino/tools/arm-none-eabi-gcc/4.8.3-2014q1/bin/../lib/gcc/arm-none-eabi/4.8.3/../../../../arm-none-eabi/lib/armv7-m\libg.a(lib_a-strcpy.o)
                0x00085820                strcpy
 .text.strlen   0x000858dc       0x60 c:/users/tony/appdata/local/arduino15/packages/arduino/tools/arm-none-eabi-gcc/4.8.3-2014q1/bin/../lib/gcc/arm-none-eabi/4.8.3/../../../../arm-none-eabi/lib/armv7-m\libg.a(lib_a-strlen.o)
                0x000858dc                strlen
 .text.strncpy  0x0008593c       0x64 c:/users/tony/appdata/local/arduino15/packages/arduino/tools/arm-none-eabi-gcc/4.8.3-2014q1/bin/../lib/gcc/arm-none-eabi/4.8.3/../../../../arm-none-eabi/lib/armv7-m\libg.a(lib_a-strncpy.o)
                0x0008593c                strncpy
 .text.kill     0x000859a0       0x10 c:/users/tony/appdata/local/arduino15/packages/arduino/tools/arm-none-eabi-gcc/4.8.3-2014q1/bin/../lib/gcc/arm-none-eabi/4.8.3/../../../../arm-none-eabi/lib/armv7-m\libg.a(lib_a-syskill.o)
                0x000859a0                kill
 .text.__sprint_r.part.0
                0x000859b0       0x78 c:/users/tony/appdata/local/arduino15/packages/arduino/tools/arm-none-eabi-gcc/4.8.3-2014q1/bin/../lib/gcc/arm-none-eabi/4.8.3/../../../../arm-none-eabi/lib/armv7-m\libg.a(lib_a-vfiprintf.o)
 .text._vfiprintf_r
                0x00085a28      0xc54 c:/users/tony/appdata/local/arduino15/packages/arduino/tools/arm-none-eabi-gcc/4.8.3-2014q1/bin/../lib/gcc/arm-none-eabi/4.8.3/../../../../arm-none-eabi/lib/armv7-m\libg.a(lib_a-vfiprintf.o)
                0x00085a28                _vfiprintf_r
 .text.__sbprintf
                0x0008667c       0x7c c:/users/tony/appdata/local/arduino15/packages/arduino/tools/arm-none-eabi-gcc/4.8.3-2014q1/bin/../lib/gcc/arm-none-eabi/4.8.3/../../../../arm-none-eabi/lib/armv7-m\libg.a(lib_a-vfiprintf.o)
 .text.__swsetup_r
                0x000866f8       0xc4 c:/users/tony/appdata/local/arduino15/packages/arduino/tools/arm-none-eabi-gcc/4.8.3-2014q1/bin/../lib/gcc/arm-none-eabi/4.8.3/../../../../arm-none-eabi/lib/armv7-m\libg.a(lib_a-wsetup.o)
                0x000866f8                __swsetup_r
 .text.startup.register_fini
                0x000867bc       0x14 c:/users/tony/appdata/local/arduino15/packages/arduino/tools/arm-none-eabi-gcc/4.8.3-2014q1/bin/../lib/gcc/arm-none-eabi/4.8.3/../../../../arm-none-eabi/lib/armv7-m\libg.a(lib_a-__call_atexit.o)
 .text.atexit   0x000867d0        0xc c:/users/tony/appdata/local/arduino15/packages/arduino/tools/arm-none-eabi-gcc/4.8.3-2014q1/bin/../lib/gcc/arm-none-eabi/4.8.3/../../../../arm-none-eabi/lib/armv7-m\libg.a(lib_a-atexit.o)
                0x000867d0                atexit
 .text.__sflush_r
                0x000867dc      0x148 c:/users/tony/appdata/local/arduino15/packages/arduino/tools/arm-none-eabi-gcc/4.8.3-2014q1/bin/../lib/gcc/arm-none-eabi/4.8.3/../../../../arm-none-eabi/lib/armv7-m\libg.a(lib_a-fflush.o)
                0x000867dc                __sflush_r
 .text._fflush_r
                0x00086924       0x2c c:/users/tony/appdata/local/arduino15/packages/arduino/tools/arm-none-eabi-gcc/4.8.3-2014q1/bin/../lib/gcc/arm-none-eabi/4.8.3/../../../../arm-none-eabi/lib/armv7-m\libg.a(lib_a-fflush.o)
                0x00086924                _fflush_r
 .text._cleanup_r
                0x00086950        0xc c:/users/tony/appdata/local/arduino15/packages/arduino/tools/arm-none-eabi-gcc/4.8.3-2014q1/bin/../lib/gcc/arm-none-eabi/4.8.3/../../../../arm-none-eabi/lib/armv7-m\libg.a(lib_a-findfp.o)
                0x00086950                _cleanup_r
 .text.__sinit  0x0008695c       0xf4 c:/users/tony/appdata/local/arduino15/packages/arduino/tools/arm-none-eabi-gcc/4.8.3-2014q1/bin/../lib/gcc/arm-none-eabi/4.8.3/../../../../arm-none-eabi/lib/armv7-m\libg.a(lib_a-findfp.o)
                0x0008695c                __sinit
 .text.__sfp_lock_acquire
                0x00086a50        0x4 c:/users/tony/appdata/local/arduino15/packages/arduino/tools/arm-none-eabi-gcc/4.8.3-2014q1/bin/../lib/gcc/arm-none-eabi/4.8.3/../../../../arm-none-eabi/lib/armv7-m\libg.a(lib_a-findfp.o)
                0x00086a50                __sfp_lock_acquire
 .text.__sfp_lock_release
                0x00086a54        0x4 c:/users/tony/appdata/local/arduino15/packages/arduino/tools/arm-none-eabi-gcc/4.8.3-2014q1/bin/../lib/gcc/arm-none-eabi/4.8.3/../../../../arm-none-eabi/lib/armv7-m\libg.a(lib_a-findfp.o)
                0x00086a54                __sfp_lock_release
 .text.__libc_fini_array
                0x00086a58       0x30 c:/users/tony/appdata/local/arduino15/packages/arduino/tools/arm-none-eabi-gcc/4.8.3-2014q1/bin/../lib/gcc/arm-none-eabi/4.8.3/../../../../arm-none-eabi/lib/armv7-m\libg.a(lib_a-fini.o)
                0x00086a58                __libc_fini_array
 .text._fputwc_r
                0x00086a88       0xc0 c:/users/tony/appdata/local/arduino15/packages/arduino/tools/arm-none-eabi-gcc/4.8.3-2014q1/bin/../lib/gcc/arm-none-eabi/4.8.3/../../../../arm-none-eabi/lib/armv7-m\libg.a(lib_a-fputwc.o)
                0x00086a88                _fputwc_r
 .text._malloc_trim_r
                0x00086b48       0x9c c:/users/tony/appdata/local/arduino15/packages/arduino/tools/arm-none-eabi-gcc/4.8.3-2014q1/bin/../lib/gcc/arm-none-eabi/4.8.3/../../../../arm-none-eabi/lib/armv7-m\libg.a(lib_a-freer.o)
                0x00086b48                _malloc_trim_r
 .text._free_r  0x00086be4      0x198 c:/users/tony/appdata/local/arduino15/packages/arduino/tools/arm-none-eabi-gcc/4.8.3-2014q1/bin/../lib/gcc/arm-none-eabi/4.8.3/../../../../arm-none-eabi/lib/armv7-m\libg.a(lib_a-freer.o)
                0x00086be4                _free_r
 .text.__sfvwrite_r
                0x00086d7c      0x314 c:/users/tony/appdata/local/arduino15/packages/arduino/tools/arm-none-eabi-gcc/4.8.3-2014q1/bin/../lib/gcc/arm-none-eabi/4.8.3/../../../../arm-none-eabi/lib/armv7-m\libg.a(lib_a-fvwrite.o)
                0x00086d7c                __sfvwrite_r
 .text._fwalk   0x00087090       0x48 c:/users/tony/appdata/local/arduino15/packages/arduino/tools/arm-none-eabi-gcc/4.8.3-2014q1/bin/../lib/gcc/arm-none-eabi/4.8.3/../../../../arm-none-eabi/lib/armv7-m\libg.a(lib_a-fwalk.o)
                0x00087090                _fwalk
 .text.__locale_charset
                0x000870d8        0x8 c:/users/tony/appdata/local/arduino15/packages/arduino/tools/arm-none-eabi-gcc/4.8.3-2014q1/bin/../lib/gcc/arm-none-eabi/4.8.3/../../../../arm-none-eabi/lib/armv7-m\libg.a(lib_a-locale.o)
                0x000870d8                __locale_charset
 .text.__locale_mb_cur_max
                0x000870e0        0xc c:/users/tony/appdata/local/arduino15/packages/arduino/tools/arm-none-eabi-gcc/4.8.3-2014q1/bin/../lib/gcc/arm-none-eabi/4.8.3/../../../../arm-none-eabi/lib/armv7-m\libg.a(lib_a-locale.o)
                0x000870e0                __locale_mb_cur_max
 .text.__smakebuf_r
                0x000870ec       0xe0 c:/users/tony/appdata/local/arduino15/packages/arduino/tools/arm-none-eabi-gcc/4.8.3-2014q1/bin/../lib/gcc/arm-none-eabi/4.8.3/../../../../arm-none-eabi/lib/armv7-m\libg.a(lib_a-makebuf.o)
                0x000870ec                __smakebuf_r
 .text.memchr   0x000871cc       0x94 c:/users/tony/appdata/local/arduino15/packages/arduino/tools/arm-none-eabi-gcc/4.8.3-2014q1/bin/../lib/gcc/arm-none-eabi/4.8.3/../../../../arm-none-eabi/lib/armv7-m\libg.a(lib_a-memchr-stub.o)
                0x000871cc                memchr
 .text._kill_r  0x00087260       0x28 c:/users/tony/appdata/local/arduino15/packages/arduino/tools/arm-none-eabi-gcc/4.8.3-2014q1/bin/../lib/gcc/arm-none-eabi/4.8.3/../../../../arm-none-eabi/lib/armv7-m\libg.a(lib_a-signalr.o)
                0x00087260                _kill_r
 .text.__sread  0x00087288       0x24 c:/users/tony/appdata/local/arduino15/packages/arduino/tools/arm-none-eabi-gcc/4.8.3-2014q1/bin/../lib/gcc/arm-none-eabi/4.8.3/../../../../arm-none-eabi/lib/armv7-m\libg.a(lib_a-stdio.o)
                0x00087288                __sread
 .text.__swrite
                0x000872ac       0x38 c:/users/tony/appdata/local/arduino15/packages/arduino/tools/arm-none-eabi-gcc/4.8.3-2014q1/bin/../lib/gcc/arm-none-eabi/4.8.3/../../../../arm-none-eabi/lib/armv7-m\libg.a(lib_a-stdio.o)
                0x000872ac                __swrite
 .text.__sseek  0x000872e4       0x20 c:/users/tony/appdata/local/arduino15/packages/arduino/tools/arm-none-eabi-gcc/4.8.3-2014q1/bin/../lib/gcc/arm-none-eabi/4.8.3/../../../../arm-none-eabi/lib/armv7-m\libg.a(lib_a-stdio.o)
                0x000872e4                __sseek
 .text.__sclose
                0x00087304        0x8 c:/users/tony/appdata/local/arduino15/packages/arduino/tools/arm-none-eabi-gcc/4.8.3-2014q1/bin/../lib/gcc/arm-none-eabi/4.8.3/../../../../arm-none-eabi/lib/armv7-m\libg.a(lib_a-stdio.o)
                0x00087304                __sclose
 .text.__swbuf_r
                0x0008730c       0xa8 c:/users/tony/appdata/local/arduino15/packages/arduino/tools/arm-none-eabi-gcc/4.8.3-2014q1/bin/../lib/gcc/arm-none-eabi/4.8.3/../../../../arm-none-eabi/lib/armv7-m\libg.a(lib_a-wbuf.o)
                0x0008730c                __swbuf_r
 .text._wcrtomb_r
                0x000873b4       0x50 c:/users/tony/appdata/local/arduino15/packages/arduino/tools/arm-none-eabi-gcc/4.8.3-2014q1/bin/../lib/gcc/arm-none-eabi/4.8.3/../../../../arm-none-eabi/lib/armv7-m\libg.a(lib_a-wcrtomb.o)
                0x000873b4                _wcrtomb_r
 .text.__ascii_wctomb
                0x00087404       0x1c c:/users/tony/appdata/local/arduino15/packages/arduino/tools/arm-none-eabi-gcc/4.8.3-2014q1/bin/../lib/gcc/arm-none-eabi/4.8.3/../../../../arm-none-eabi/lib/armv7-m\libg.a(lib_a-wctomb_r.o)
                0x00087404                __ascii_wctomb
 .text._write_r
                0x00087420       0x28 c:/users/tony/appdata/local/arduino15/packages/arduino/tools/arm-none-eabi-gcc/4.8.3-2014q1/bin/../lib/gcc/arm-none-eabi/4.8.3/../../../../arm-none-eabi/lib/armv7-m\libg.a(lib_a-writer.o)
                0x00087420                _write_r
 .text.__register_exitproc
                0x00087448       0xa8 c:/users/tony/appdata/local/arduino15/packages/arduino/tools/arm-none-eabi-gcc/4.8.3-2014q1/bin/../lib/gcc/arm-none-eabi/4.8.3/../../../../arm-none-eabi/lib/armv7-m\libg.a(lib_a-__atexit.o)
                0x00087448                __register_exitproc
 .text._close_r
                0x000874f0       0x24 c:/users/tony/appdata/local/arduino15/packages/arduino/tools/arm-none-eabi-gcc/4.8.3-2014q1/bin/../lib/gcc/arm-none-eabi/4.8.3/../../../../arm-none-eabi/lib/armv7-m\libg.a(lib_a-closer.o)
                0x000874f0                _close_r
 .text._fclose_r
                0x00087514       0x80 c:/users/tony/appdata/local/arduino15/packages/arduino/tools/arm-none-eabi-gcc/4.8.3-2014q1/bin/../lib/gcc/arm-none-eabi/4.8.3/../../../../arm-none-eabi/lib/armv7-m\libg.a(lib_a-fclose.o)
                0x00087514                _fclose_r
 .text.fclose   0x00087594       0x10 c:/users/tony/appdata/local/arduino15/packages/arduino/tools/arm-none-eabi-gcc/4.8.3-2014q1/bin/../lib/gcc/arm-none-eabi/4.8.3/../../../../arm-none-eabi/lib/armv7-m\libg.a(lib_a-fclose.o)
                0x00087594                fclose
 .text._fstat_r
                0x000875a4       0x28 c:/users/tony/appdata/local/arduino15/packages/arduino/tools/arm-none-eabi-gcc/4.8.3-2014q1/bin/../lib/gcc/arm-none-eabi/4.8.3/../../../../arm-none-eabi/lib/armv7-m\libg.a(lib_a-fstatr.o)
                0x000875a4                _fstat_r
 .text._isatty_r
                0x000875cc       0x24 c:/users/tony/appdata/local/arduino15/packages/arduino/tools/arm-none-eabi-gcc/4.8.3-2014q1/bin/../lib/gcc/arm-none-eabi/4.8.3/../../../../arm-none-eabi/lib/armv7-m\libg.a(lib_a-isattyr.o)
                0x000875cc                _isatty_r
 .text._lseek_r
                0x000875f0       0x28 c:/users/tony/appdata/local/arduino15/packages/arduino/tools/arm-none-eabi-gcc/4.8.3-2014q1/bin/../lib/gcc/arm-none-eabi/4.8.3/../../../../arm-none-eabi/lib/armv7-m\libg.a(lib_a-lseekr.o)
                0x000875f0                _lseek_r
 .text._read_r  0x00087618       0x28 c:/users/tony/appdata/local/arduino15/packages/arduino/tools/arm-none-eabi-gcc/4.8.3-2014q1/bin/../lib/gcc/arm-none-eabi/4.8.3/../../../../arm-none-eabi/lib/armv7-m\libg.a(lib_a-readr.o)
                0x00087618                _read_r
 .text          0x00087640       0x2c c:/users/tony/appdata/local/arduino15/packages/arduino/tools/arm-none-eabi-gcc/4.8.3-2014q1/bin/../lib/gcc/arm-none-eabi/4.8.3/armv7-m\libgcc.a(_aeabi_uldivmod.o)
                0x00087640                __aeabi_uldivmod
 .text          0x0008766c       0x60 c:/users/tony/appdata/local/arduino15/packages/arduino/tools/arm-none-eabi-gcc/4.8.3-2014q1/bin/../lib/gcc/arm-none-eabi/4.8.3/armv7-m\libgcc.a(bpabi.o)
                0x0008766c                __gnu_ldivmod_helper
                0x0008769c                __gnu_uldivmod_helper
 .text          0x000876cc        0x4 c:/users/tony/appdata/local/arduino15/packages/arduino/tools/arm-none-eabi-gcc/4.8.3-2014q1/bin/../lib/gcc/arm-none-eabi/4.8.3/armv7-m\libgcc.a(_dvmd_tls.o)
                0x000876cc                __aeabi_idiv0
                0x000876cc                __aeabi_ldiv0
 .text          0x000876d0      0x2a0 c:/users/tony/appdata/local/arduino15/packages/arduino/tools/arm-none-eabi-gcc/4.8.3-2014q1/bin/../lib/gcc/arm-none-eabi/4.8.3/armv7-m\libgcc.a(_divdi3.o)
                0x000876d0                __divdi3
 .text          0x00087970      0x290 c:/users/tony/appdata/local/arduino15/packages/arduino/tools/arm-none-eabi-gcc/4.8.3-2014q1/bin/../lib/gcc/arm-none-eabi/4.8.3/armv7-m\libgcc.a(_udivdi3.o)
                0x00087970                __udivdi3
 *(.glue_7t)
 .glue_7t       0x00000000        0x0 linker stubs
 *(.glue_7)
 .glue_7        0x00000000        0x0 linker stubs
 *(.rodata .rodata* .gnu.linkonce.r.*)
 .rodata.str1.1
                0x00087c00       0x16 C:\Users\Tony\AppData\Local\Temp\VMBuilds\DataLogger_dif\macchina_macchina_sam_m2\Debug\DataLogger_dif.cpp.o
                                 0x18 (size before relaxing)
 .rodata.str1.1
                0x00087c16      0x49a C:\Users\Tony\AppData\Local\Temp\VMBuilds\DataLogger_dif\macchina_macchina_sam_m2\Debug\M2_Due_SD_HSCMI\M2_Due_SD_HSCMI.cpp.o
                                0x4bd (size before relaxing)
 .rodata.tbl_lower.4253
                0x000880b0      0x1e0 C:\Users\Tony\AppData\Local\Temp\VMBuilds\DataLogger_dif\macchina_macchina_sam_m2\Debug\SD_HSMCI\utility\ccsbcs.c.o
 .rodata.Tbl    0x00088290      0x100 C:\Users\Tony\AppData\Local\Temp\VMBuilds\DataLogger_dif\macchina_macchina_sam_m2\Debug\SD_HSMCI\utility\ccsbcs.c.o
 .rodata.tbl_upper.4254
                0x00088390      0x1e0 C:\Users\Tony\AppData\Local\Temp\VMBuilds\DataLogger_dif\macchina_macchina_sam_m2\Debug\SD_HSMCI\utility\ccsbcs.c.o
 .rodata.excvt.4503
                0x00088570       0x80 C:\Users\Tony\AppData\Local\Temp\VMBuilds\DataLogger_dif\macchina_macchina_sam_m2\Debug\SD_HSMCI\utility\ff.c.o
 .rodata.str1.1
                0x000885f0       0x44 C:\Users\Tony\AppData\Local\Temp\VMBuilds\DataLogger_dif\macchina_macchina_sam_m2\Debug\SD_HSMCI\utility\ff.c.o
 .rodata.LfnOfs
                0x00088634        0xd C:\Users\Tony\AppData\Local\Temp\VMBuilds\DataLogger_dif\macchina_macchina_sam_m2\Debug\SD_HSMCI\utility\ff.c.o
 .rodata.str1.1
                0x00088641        0xe C:\Users\Tony\AppData\Local\Temp\VMBuilds\DataLogger_dif\macchina_macchina_sam_m2\Debug\SD_HSMCI\utility\hsmci.c.o
 .rodata.__func__.10085
                0x0008864f       0x10 C:\Users\Tony\AppData\Local\Temp\VMBuilds\DataLogger_dif\macchina_macchina_sam_m2\Debug\SD_HSMCI\utility\hsmci.c.o
 *fill*         0x0008865f        0x1 
 .rodata.sd_trans_multipliers
                0x00088660       0x40 C:\Users\Tony\AppData\Local\Temp\VMBuilds\DataLogger_dif\macchina_macchina_sam_m2\Debug\SD_HSMCI\utility\sd_mmc.c.o
                0x00088660                sd_trans_multipliers
 .rodata.sd_mmc_trans_units
                0x000886a0       0x1c C:\Users\Tony\AppData\Local\Temp\VMBuilds\DataLogger_dif\macchina_macchina_sam_m2\Debug\SD_HSMCI\utility\sd_mmc.c.o
                0x000886a0                sd_mmc_trans_units
 .rodata.mmc_trans_multipliers
                0x000886bc       0x40 C:\Users\Tony\AppData\Local\Temp\VMBuilds\DataLogger_dif\macchina_macchina_sam_m2\Debug\SD_HSMCI\utility\sd_mmc.c.o
                0x000886bc                mmc_trans_multipliers
 .rodata.g_APinDescription
                0x000886fc      0xbec C:\Users\Tony\AppData\Local\Temp\VMBuilds\DataLogger_dif\macchina_macchina_sam_m2\Debug\variant\variant.cpp.o
                0x000886fc                g_APinDescription
 .rodata        0x000892e8       0x40 C:\Users\Tony\AppData\Local\arduino15\packages\macchina\hardware\sam\0.1.0\variants\m2/libsam_sam3x8e_gcc_rel.a(adc.o)
 .rodata.str1.1
                0x00089328       0x19 C:\Users\Tony\AppData\Local\Temp\VMBuilds\DataLogger_dif\macchina_macchina_sam_m2\Debug/core.a(syscalls_sam3.c.o)
 *fill*         0x00089341        0x7 
 .rodata._ZTV9UARTClass
                0x00089348       0x30 C:\Users\Tony\AppData\Local\Temp\VMBuilds\DataLogger_dif\macchina_macchina_sam_m2\Debug/core.a(UARTClass.cpp.o)
                0x00089348                vtable for UARTClass
 .rodata._ZTV10USARTClass
                0x00089378       0x30 C:\Users\Tony\AppData\Local\Temp\VMBuilds\DataLogger_dif\macchina_macchina_sam_m2\Debug/core.a(USARTClass.cpp.o)
                0x00089378                vtable for USARTClass
 .rodata._ZTV7Serial_
                0x000893a8       0x28 C:\Users\Tony\AppData\Local\Temp\VMBuilds\DataLogger_dif\macchina_macchina_sam_m2\Debug/core.a(CDC.cpp.o)
                0x000893a8                vtable for Serial_
 .rodata._ZL18_cdcOtherInterface
                0x000893d0       0x42 C:\Users\Tony\AppData\Local\Temp\VMBuilds\DataLogger_dif\macchina_macchina_sam_m2\Debug/core.a(CDC.cpp.o)
 .rodata._ZL13_cdcInterface
                0x00089412       0x42 C:\Users\Tony\AppData\Local\Temp\VMBuilds\DataLogger_dif\macchina_macchina_sam_m2\Debug/core.a(CDC.cpp.o)
 .rodata.STRING_PRODUCT
                0x00089454        0xc C:\Users\Tony\AppData\Local\Temp\VMBuilds\DataLogger_dif\macchina_macchina_sam_m2\Debug/core.a(USBCore.cpp.o)
                0x00089454                STRING_PRODUCT
 .rodata.USB_DeviceDescriptor
                0x00089460       0x12 C:\Users\Tony\AppData\Local\Temp\VMBuilds\DataLogger_dif\macchina_macchina_sam_m2\Debug/core.a(USBCore.cpp.o)
                0x00089460                USB_DeviceDescriptor
 .rodata.STRING_LANGUAGE