Archive member included because of file (symbol)

C:\Users\Tony\AppData\Local\arduino15\packages\macchina\hardware\sam\0.1.0\variants\m2/libsam_sam3x8e_gcc_rel.a(pio.o)
                              C:\Users\Tony\AppData\Local\Temp\VMBuilds\Dumpdata_SDtoSerial\macchina_macchina_sam_m2\Debug\M2_Due_SD_HSCMI\M2_Due_SD_HSCMI.cpp.o (PIO_Configure)
C:\Users\Tony\AppData\Local\arduino15\packages\macchina\hardware\sam\0.1.0\variants\m2/libsam_sam3x8e_gcc_rel.a(pmc.o)
                              C:\Users\Tony\AppData\Local\Temp\VMBuilds\Dumpdata_SDtoSerial\macchina_macchina_sam_m2\Debug\SD_HSMCI\utility\hsmci.c.o (pmc_enable_periph_clk)
C:\Users\Tony\AppData\Local\arduino15\packages\macchina\hardware\sam\0.1.0\variants\m2/libsam_sam3x8e_gcc_rel.a(system_sam3xa.o)
                              C:\Users\Tony\AppData\Local\Temp\VMBuilds\Dumpdata_SDtoSerial\macchina_macchina_sam_m2\Debug\variant\variant.cpp.o (SystemInit)
C:\Users\Tony\AppData\Local\arduino15\packages\macchina\hardware\sam\0.1.0\variants\m2/libsam_sam3x8e_gcc_rel.a(startup_sam3xa.o)
                              (Reset_Handler)
C:\Users\Tony\AppData\Local\arduino15\packages\macchina\hardware\sam\0.1.0\variants\m2/libsam_sam3x8e_gcc_rel.a(adc.o)
                              C:\Users\Tony\AppData\Local\Temp\VMBuilds\Dumpdata_SDtoSerial\macchina_macchina_sam_m2\Debug\variant\variant.cpp.o (adc_init)
C:\Users\Tony\AppData\Local\arduino15\packages\macchina\hardware\sam\0.1.0\variants\m2/libsam_sam3x8e_gcc_rel.a(uotghs.o)
                              C:\Users\Tony\AppData\Local\arduino15\packages\macchina\hardware\sam\0.1.0\variants\m2/libsam_sam3x8e_gcc_rel.a(startup_sam3xa.o) (UOTGHS_Handler)
C:\Users\Tony\AppData\Local\Temp\VMBuilds\Dumpdata_SDtoSerial\macchina_macchina_sam_m2\Debug/core.a(cortex_handlers.c.o)
                              C:\Users\Tony\AppData\Local\arduino15\packages\macchina\hardware\sam\0.1.0\variants\m2/libsam_sam3x8e_gcc_rel.a(startup_sam3xa.o) (NMI_Handler)
C:\Users\Tony\AppData\Local\Temp\VMBuilds\Dumpdata_SDtoSerial\macchina_macchina_sam_m2\Debug/core.a(hooks.c.o)
                              C:\Users\Tony\AppData\Local\Temp\VMBuilds\Dumpdata_SDtoSerial\macchina_macchina_sam_m2\Debug/core.a(cortex_handlers.c.o) (sysTickHook)
C:\Users\Tony\AppData\Local\Temp\VMBuilds\Dumpdata_SDtoSerial\macchina_macchina_sam_m2\Debug/core.a(syscalls_sam3.c.o)
                              (_sbrk)
C:\Users\Tony\AppData\Local\Temp\VMBuilds\Dumpdata_SDtoSerial\macchina_macchina_sam_m2\Debug/core.a(wiring.c.o)
                              C:\Users\Tony\AppData\Local\Temp\VMBuilds\Dumpdata_SDtoSerial\macchina_macchina_sam_m2\Debug\M2_Due_SD_HSCMI\M2_Due_SD_HSCMI.cpp.o (millis)
C:\Users\Tony\AppData\Local\Temp\VMBuilds\Dumpdata_SDtoSerial\macchina_macchina_sam_m2\Debug/core.a(wiring_analog.c.o)
                              C:\Users\Tony\AppData\Local\Temp\VMBuilds\Dumpdata_SDtoSerial\macchina_macchina_sam_m2\Debug\variant\variant.cpp.o (analogReadResolution)
C:\Users\Tony\AppData\Local\Temp\VMBuilds\Dumpdata_SDtoSerial\macchina_macchina_sam_m2\Debug/core.a(wiring_digital.c.o)
                              C:\Users\Tony\AppData\Local\Temp\VMBuilds\Dumpdata_SDtoSerial\macchina_macchina_sam_m2\Debug\M2_Due_SD_HSCMI\M2_Due_SD_HSCMI.cpp.o (pinMode)
C:\Users\Tony\AppData\Local\Temp\VMBuilds\Dumpdata_SDtoSerial\macchina_macchina_sam_m2\Debug/core.a(main.cpp.o)
                              c:/users/tony/appdata/local/arduino15/packages/arduino/tools/arm-none-eabi-gcc/4.8.3-2014q1/bin/../lib/gcc/arm-none-eabi/4.8.3/../../../../arm-none-eabi/lib/armv7-m/crt0.o (main)
C:\Users\Tony\AppData\Local\Temp\VMBuilds\Dumpdata_SDtoSerial\macchina_macchina_sam_m2\Debug/core.a(new.cpp.o)
                              C:\Users\Tony\AppData\Local\Temp\VMBuilds\Dumpdata_SDtoSerial\macchina_macchina_sam_m2\Debug\M2_Due_SD_HSCMI\M2_Due_SD_HSCMI.cpp.o (operator new(unsigned int))
C:\Users\Tony\AppData\Local\Temp\VMBuilds\Dumpdata_SDtoSerial\macchina_macchina_sam_m2\Debug/core.a(Print.cpp.o)
                              C:\Users\Tony\AppData\Local\Temp\VMBuilds\Dumpdata_SDtoSerial\macchina_macchina_sam_m2\Debug\Dumpdata_SDtoSerial.cpp.o (Print::print(char const*))
C:\Users\Tony\AppData\Local\Temp\VMBuilds\Dumpdata_SDtoSerial\macchina_macchina_sam_m2\Debug/core.a(Reset.cpp.o)
                              C:\Users\Tony\AppData\Local\Temp\VMBuilds\Dumpdata_SDtoSerial\macchina_macchina_sam_m2\Debug/core.a(cortex_handlers.c.o) (tickReset)
C:\Users\Tony\AppData\Local\Temp\VMBuilds\Dumpdata_SDtoSerial\macchina_macchina_sam_m2\Debug/core.a(RingBuffer.cpp.o)
                              C:\Users\Tony\AppData\Local\Temp\VMBuilds\Dumpdata_SDtoSerial\macchina_macchina_sam_m2\Debug\variant\variant.cpp.o (RingBuffer::RingBuffer())
C:\Users\Tony\AppData\Local\Temp\VMBuilds\Dumpdata_SDtoSerial\macchina_macchina_sam_m2\Debug/core.a(UARTClass.cpp.o)
[...]
Memory Configuration

Name             Origin             Length             Attributes
rom              0x00080000         0x00080000         xr
sram0            0x20000000         0x00010000         xrw
sram1            0x20080000         0x00008000         xrw
ram              0x20070000         0x00018000         xrw
*default*        0x00000000         0xffffffff

Linker script and memory map

LOAD c:/users/tony/appdata/local/arduino15/packages/arduino/tools/arm-none-eabi-gcc/4.8.3-2014q1/bin/../lib/gcc/arm-none-eabi/4.8.3/armv7-m/crti.o
LOAD c:/users/tony/appdata/local/arduino15/packages/arduino/tools/arm-none-eabi-gcc/4.8.3-2014q1/bin/../lib/gcc/arm-none-eabi/4.8.3/armv7-m/crtbegin.o
LOAD c:/users/tony/appdata/local/arduino15/packages/arduino/tools/arm-none-eabi-gcc/4.8.3-2014q1/bin/../lib/gcc/arm-none-eabi/4.8.3/../../../../arm-none-eabi/lib/armv7-m/crt0.o
START GROUP
LOAD C:\Users\Tony\AppData\Local\Temp\VMBuilds\Dumpdata_SDtoSerial\macchina_macchina_sam_m2\Debug\Dumpdata_SDtoSerial.cpp.o
LOAD C:\Users\Tony\AppData\Local\Temp\VMBuilds\Dumpdata_SDtoSerial\macchina_macchina_sam_m2\Debug\M2_Due_SD_HSCMI\M2_Due_SD_HSCMI.cpp.o
LOAD C:\Users\Tony\AppData\Local\Temp\VMBuilds\Dumpdata_SDtoSerial\macchina_macchina_sam_m2\Debug\SD_HSMCI\utility\ccsbcs.c.o
LOAD C:\Users\Tony\AppData\Local\Temp\VMBuilds\Dumpdata_SDtoSerial\macchina_macchina_sam_m2\Debug\SD_HSMCI\utility\ctrl_access.c.o
LOAD C:\Users\Tony\AppData\Local\Temp\VMBuilds\Dumpdata_SDtoSerial\macchina_macchina_sam_m2\Debug\SD_HSMCI\utility\diskio.c.o
LOAD C:\Users\Tony\AppData\Local\Temp\VMBuilds\Dumpdata_SDtoSerial\macchina_macchina_sam_m2\Debug\SD_HSMCI\utility\dmac.c.o
LOAD C:\Users\Tony\AppData\Local\Temp\VMBuilds\Dumpdata_SDtoSerial\macchina_macchina_sam_m2\Debug\SD_HSMCI\utility\fattime_rtc.c.o
LOAD C:\Users\Tony\AppData\Local\Temp\VMBuilds\Dumpdata_SDtoSerial\macchina_macchina_sam_m2\Debug\SD_HSMCI\utility\ff.c.o
LOAD C:\Users\Tony\AppData\Local\Temp\VMBuilds\Dumpdata_SDtoSerial\macchina_macchina_sam_m2\Debug\SD_HSMCI\utility\hsmci.c.o
LOAD C:\Users\Tony\AppData\Local\Temp\VMBuilds\Dumpdata_SDtoSerial\macchina_macchina_sam_m2\Debug\SD_HSMCI\utility\rtc.c.o
LOAD C:\Users\Tony\AppData\Local\Temp\VMBuilds\Dumpdata_SDtoSerial\macchina_macchina_sam_m2\Debug\SD_HSMCI\utility\sd_mmc.c.o
LOAD C:\Users\Tony\AppData\Local\Temp\VMBuilds\Dumpdata_SDtoSerial\macchina_macchina_sam_m2\Debug\SD_HSMCI\utility\sd_mmc_mem.c.o
LOAD C:\Users\Tony\AppData\Local\Temp\VMBuilds\Dumpdata_SDtoSerial\macchina_macchina_sam_m2\Debug\variant\variant.cpp.o
LOAD C:\Users\Tony\AppData\Local\arduino15\packages\macchina\hardware\sam\0.1.0\variants\m2/libsam_sam3x8e_gcc_rel.a
LOAD C:\Users\Tony\AppData\Local\Temp\VMBuilds\Dumpdata_SDtoSerial\macchina_macchina_sam_m2\Debug/core.a
END GROUP
LOAD c:/users/tony/appdata/local/arduino15/packages/arduino/tools/arm-none-eabi-gcc/4.8.3-2014q1/bin/../lib/gcc/arm-none-eabi/4.8.3/../../../../arm-none-eabi/lib/armv7-m\libm.a
START GROUP
LOAD c:/users/tony/appdata/local/arduino15/packages/arduino/tools/arm-none-eabi-gcc/4.8.3-2014q1/bin/../lib/gcc/arm-none-eabi/4.8.3/armv7-m\libgcc.a
LOAD c:/users/tony/appdata/local/arduino15/packages/arduino/tools/arm-none-eabi-gcc/4.8.3-2014q1/bin/../lib/gcc/arm-none-eabi/4.8.3/../../../../arm-none-eabi/lib/armv7-m\libg.a
LOAD c:/users/tony/appdata/local/arduino15/packages/arduino/tools/arm-none-eabi-gcc/4.8.3-2014q1/bin/../lib/gcc/arm-none-eabi/4.8.3/../../../../arm-none-eabi/lib/armv7-m\libc.a
END GROUP
LOAD c:/users/tony/appdata/local/arduino15/packages/arduino/tools/arm-none-eabi-gcc/4.8.3-2014q1/bin/../lib/gcc/arm-none-eabi/4.8.3/armv7-m/crtend.o
LOAD c:/users/tony/appdata/local/arduino15/packages/arduino/tools/arm-none-eabi-gcc/4.8.3-2014q1/bin/../lib/gcc/arm-none-eabi/4.8.3/armv7-m/crtn.o

.text           0x00080000     0x9364
                0x00080000                . = ALIGN (0x4)
                0x00080000                _sfixed = .
 *(.vectors .vectors.*)
 .vectors       0x00080000       0xf4 C:\Users\Tony\AppData\Local\arduino15\packages\macchina\hardware\sam\0.1.0\variants\m2/libsam_sam3x8e_gcc_rel.a(startup_sam3xa.o)
                0x00080000                exception_table
 *(.text .text.* .gnu.linkonce.t.*)
 .text          0x000800f4       0x54 c:/users/tony/appdata/local/arduino15/packages/arduino/tools/arm-none-eabi-gcc/4.8.3-2014q1/bin/../lib/gcc/arm-none-eabi/4.8.3/armv7-m/crtbegin.o
 .text.loop     0x00080148        0x2 C:\Users\Tony\AppData\Local\Temp\VMBuilds\Dumpdata_SDtoSerial\macchina_macchina_sam_m2\Debug\Dumpdata_SDtoSerial.cpp.o
                0x00080148                loop
 *fill*         0x0008014a        0x2 
 .text.startup._GLOBAL__sub_I_FS
                0x0008014c        0xc C:\Users\Tony\AppData\Local\Temp\VMBuilds\Dumpdata_SDtoSerial\macchina_macchina_sam_m2\Debug\Dumpdata_SDtoSerial.cpp.o
 .text.setup    0x00080158       0xa8 C:\Users\Tony\AppData\Local\Temp\VMBuilds\Dumpdata_SDtoSerial\macchina_macchina_sam_m2\Debug\Dumpdata_SDtoSerial.cpp.o
                0x00080158                setup
 .text._Z5DebugPKcS0_
                0x00080200       0x34 C:\Users\Tony\AppData\Local\Temp\VMBuilds\Dumpdata_SDtoSerial\macchina_macchina_sam_m2\Debug\M2_Due_SD_HSCMI\M2_Due_SD_HSCMI.cpp.o
                0x00080200                Debug(char const*, char const*)
 .text._Z5DebugPKch
                0x00080234       0x38 C:\Users\Tony\AppData\Local\Temp\VMBuilds\Dumpdata_SDtoSerial\macchina_macchina_sam_m2\Debug\M2_Due_SD_HSCMI\M2_Due_SD_HSCMI.cpp.o
                0x00080234                Debug(char const*, unsigned char)
 .text._Z5Debugh
                0x0008026c       0x20 C:\Users\Tony\AppData\Local\Temp\VMBuilds\Dumpdata_SDtoSerial\macchina_macchina_sam_m2\Debug\M2_Due_SD_HSCMI\M2_Due_SD_HSCMI.cpp.o
                0x0008026c                Debug(unsigned char)
 .text._Z5DebugPKc
                0x0008028c       0x20 C:\Users\Tony\AppData\Local\Temp\VMBuilds\Dumpdata_SDtoSerial\macchina_macchina_sam_m2\Debug\M2_Due_SD_HSCMI\M2_Due_SD_HSCMI.cpp.o
                0x0008028c                Debug(char const*)
 .text._ZN11MassStorageC2Ev
                0x000802ac       0x34 C:\Users\Tony\AppData\Local\Temp\VMBuilds\Dumpdata_SDtoSerial\macchina_macchina_sam_m2\Debug\M2_Due_SD_HSCMI\M2_Due_SD_HSCMI.cpp.o
                0x000802ac                MassStorage::MassStorage()
                0x000802ac                MassStorage::MassStorage()
 .text._ZN11MassStorage4InitEv
                0x000802e0      0x268 C:\Users\Tony\AppData\Local\Temp\VMBuilds\Dumpdata_SDtoSerial\macchina_macchina_sam_m2\Debug\M2_Due_SD_HSCMI\M2_Due_SD_HSCMI.cpp.o
                0x000802e0                MassStorage::Init()
 .text._ZN11MassStorage11CombineNameEPKcS1_
                0x00080548       0x90 C:\Users\Tony\AppData\Local\Temp\VMBuilds\Dumpdata_SDtoSerial\macchina_macchina_sam_m2\Debug\M2_Due_SD_HSCMI\M2_Due_SD_HSCMI.cpp.o
                0x00080548                MassStorage::CombineName(char const*, char const*)
 .text._ZN9FileStoreC2Ev
                0x000805d8        0x2 C:\Users\Tony\AppData\Local\Temp\VMBuilds\Dumpdata_SDtoSerial\macchina_macchina_sam_m2\Debug\M2_Due_SD_HSCMI\M2_Due_SD_HSCMI.cpp.o
                0x000805d8                FileStore::FileStore()
                0x000805d8                FileStore::FileStore()
 .text._ZN9FileStore4InitEv
                0x000805da       0x16 C:\Users\Tony\AppData\Local\Temp\VMBuilds\Dumpdata_SDtoSerial\macchina_macchina_sam_m2\Debug\M2_Due_SD_HSCMI\M2_Due_SD_HSCMI.cpp.o
                0x000805da                FileStore::Init()
 .text._ZN9FileStore4OpenEPKcS1_b
                0x000805f0       0xc4 C:\Users\Tony\AppData\Local\Temp\VMBuilds\Dumpdata_SDtoSerial\macchina_macchina_sam_m2\Debug\M2_Due_SD_HSCMI\M2_Due_SD_HSCMI.cpp.o
                0x000805f0                FileStore::Open(char const*, char const*, bool)
 .text._ZN9FileStore9CreateNewEPKcS1_
                0x000806b4       0xb4 C:\Users\Tony\AppData\Local\Temp\VMBuilds\Dumpdata_SDtoSerial\macchina_macchina_sam_m2\Debug\M2_Due_SD_HSCMI\M2_Due_SD_HSCMI.cpp.o
                0x000806b4                FileStore::CreateNew(char const*, char const*)
 .text._ZNK9FileStore6LengthEv
                0x00080768       0x20 C:\Users\Tony\AppData\Local\Temp\VMBuilds\Dumpdata_SDtoSerial\macchina_macchina_sam_m2\Debug\M2_Due_SD_HSCMI\M2_Due_SD_HSCMI.cpp.o
                0x00080768                FileStore::Length() const
 .text._ZN9FileStore10ReadBufferEv
                0x00080788       0x34 C:\Users\Tony\AppData\Local\Temp\VMBuilds\Dumpdata_SDtoSerial\macchina_macchina_sam_m2\Debug\M2_Due_SD_HSCMI\M2_Due_SD_HSCMI.cpp.o
                0x00080788                FileStore::ReadBuffer()
 .text._ZN9FileStore4ReadERc
                0x000807bc       0x60 C:\Users\Tony\AppData\Local\Temp\VMBuilds\Dumpdata_SDtoSerial\macchina_macchina_sam_m2\Debug\M2_Due_SD_HSCMI\M2_Due_SD_HSCMI.cpp.o
                0x000807bc                FileStore::Read(char&)
 .text._ZN9FileStore18InternalWriteBlockEPKcj
                0x0008081c       0x54 C:\Users\Tony\AppData\Local\Temp\VMBuilds\Dumpdata_SDtoSerial\macchina_macchina_sam_m2\Debug\M2_Due_SD_HSCMI\M2_Due_SD_HSCMI.cpp.o
                0x0008081c                FileStore::InternalWriteBlock(char const*, unsigned int)
 .text._ZN9FileStore11WriteBufferEv
                0x00080870       0x34 C:\Users\Tony\AppData\Local\Temp\VMBuilds\Dumpdata_SDtoSerial\macchina_macchina_sam_m2\Debug\M2_Due_SD_HSCMI\M2_Due_SD_HSCMI.cpp.o
                0x00080870                FileStore::WriteBuffer()
 .text._ZN9FileStore4SeekEm
                0x000808a4       0x50 C:\Users\Tony\AppData\Local\Temp\VMBuilds\Dumpdata_SDtoSerial\macchina_macchina_sam_m2\Debug\M2_Due_SD_HSCMI\M2_Due_SD_HSCMI.cpp.o
                0x000808a4                FileStore::Seek(unsigned long)
 .text._ZN9FileStore5WriteEc
                0x000808f4       0x38 C:\Users\Tony\AppData\Local\Temp\VMBuilds\Dumpdata_SDtoSerial\macchina_macchina_sam_m2\Debug\M2_Due_SD_HSCMI\M2_Due_SD_HSCMI.cpp.o
                0x000808f4                FileStore::Write(char)
 .text._ZN9FileStore5WriteEPKc
                0x0008092c       0x34 C:\Users\Tony\AppData\Local\Temp\VMBuilds\Dumpdata_SDtoSerial\macchina_macchina_sam_m2\Debug\M2_Due_SD_HSCMI\M2_Due_SD_HSCMI.cpp.o
                0x0008092c                FileStore::Write(char const*)
 .text._ZN9FileStore5FlushEv
                0x00080960       0x38 C:\Users\Tony\AppData\Local\Temp\VMBuilds\Dumpdata_SDtoSerial\macchina_macchina_sam_m2\Debug\M2_Due_SD_HSCMI\M2_Due_SD_HSCMI.cpp.o
                0x00080960                FileStore::Flush()
 .text._ZN9FileStore5CloseEv
                0x00080998       0x64 C:\Users\Tony\AppData\Local\Temp\VMBuilds\Dumpdata_SDtoSerial\macchina_macchina_sam_m2\Debug\M2_Due_SD_HSCMI\M2_Due_SD_HSCMI.cpp.o
                0x00080998                FileStore::Close()
 .text.startup._GLOBAL__sub_I__Z5DebugPKcS0_
                0x000809fc        0xc C:\Users\Tony\AppData\Local\Temp\VMBuilds\Dumpdata_SDtoSerial\macchina_macchina_sam_m2\Debug\M2_Due_SD_HSCMI\M2_Due_SD_HSCMI.cpp.o
 .text.ff_convert
                0x00080a08       0x38 C:\Users\Tony\AppData\Local\Temp\VMBuilds\Dumpdata_SDtoSerial\macchina_macchina_sam_m2\Debug\SD_HSMCI\utility\ccsbcs.c.o
                0x00080a08                ff_convert
 .text.ff_wtoupper
                0x00080a40       0x24 C:\Users\Tony\AppData\Local\Temp\VMBuilds\Dumpdata_SDtoSerial\macchina_macchina_sam_m2\Debug\SD_HSMCI\utility\ccsbcs.c.o
                0x00080a40                ff_wtoupper
 .text.mem_test_unit_ready
                0x00080a64        0xa C:\Users\Tony\AppData\Local\Temp\VMBuilds\Dumpdata_SDtoSerial\macchina_macchina_sam_m2\Debug\SD_HSMCI\utility\ctrl_access.c.o
                0x00080a64                mem_test_unit_ready
 .text.mem_read_capacity
                0x00080a6e        0xc C:\Users\Tony\AppData\Local\Temp\VMBuilds\Dumpdata_SDtoSerial\macchina_macchina_sam_m2\Debug\SD_HSMCI\utility\ctrl_access.c.o
                0x00080a6e                mem_read_capacity
 .text.mem_sector_size
                0x00080a7a        0xa C:\Users\Tony\AppData\Local\Temp\VMBuilds\Dumpdata_SDtoSerial\macchina_macchina_sam_m2\Debug\SD_HSMCI\utility\ctrl_access.c.o
                0x00080a7a                mem_sector_size
 .text.mem_wr_protect
                0x00080a84        0xa C:\Users\Tony\AppData\Local\Temp\VMBuilds\Dumpdata_SDtoSerial\macchina_macchina_sam_m2\Debug\SD_HSMCI\utility\ctrl_access.c.o
                0x00080a84                mem_wr_protect
 .text.memory_2_ram
                0x00080a8e        0xe C:\Users\Tony\AppData\Local\Temp\VMBuilds\Dumpdata_SDtoSerial\macchina_macchina_sam_m2\Debug\SD_HSMCI\utility\ctrl_access.c.o
                0x00080a8e                memory_2_ram
 .text.ram_2_memory
                0x00080a9c        0xe C:\Users\Tony\AppData\Local\Temp\VMBuilds\Dumpdata_SDtoSerial\macchina_macchina_sam_m2\Debug\SD_HSMCI\utility\ctrl_access.c.o
                0x00080a9c                ram_2_memory
 .text.disk_initialize
                0x00080aaa       0x2e C:\Users\Tony\AppData\Local\Temp\VMBuilds\Dumpdata_SDtoSerial\macchina_macchina_sam_m2\Debug\SD_HSMCI\utility\diskio.c.o
                0x00080aaa                disk_initialize
 .text.disk_status
                0x00080ad8       0x12 C:\Users\Tony\AppData\Local\Temp\VMBuilds\Dumpdata_SDtoSerial\macchina_macchina_sam_m2\Debug\SD_HSMCI\utility\diskio.c.o
                0x00080ad8                disk_status
 .text.disk_read
                0x00080aea       0x5c C:\Users\Tony\AppData\Local\Temp\VMBuilds\Dumpdata_SDtoSerial\macchina_macchina_sam_m2\Debug\SD_HSMCI\utility\diskio.c.o
                0x00080aea                disk_read
 .text.disk_write
                0x00080b46       0x5c C:\Users\Tony\AppData\Local\Temp\VMBuilds\Dumpdata_SDtoSerial\macchina_macchina_sam_m2\Debug\SD_HSMCI\utility\diskio.c.o
                0x00080b46                disk_write
 .text.disk_ioctl
                0x00080ba2       0x56 C:\Users\Tony\AppData\Local\Temp\VMBuilds\Dumpdata_SDtoSerial\macchina_macchina_sam_m2\Debug\SD_HSMCI\utility\diskio.c.o
                0x00080ba2                disk_ioctl
 .text.dmac_enable
                0x00080bf8        0x6 C:\Users\Tony\AppData\Local\Temp\VMBuilds\Dumpdata_SDtoSerial\macchina_macchina_sam_m2\Debug\SD_HSMCI\utility\dmac.c.o
                0x00080bf8                dmac_enable
 .text.dmac_channel_enable
                0x00080bfe        0xa C:\Users\Tony\AppData\Local\Temp\VMBuilds\Dumpdata_SDtoSerial\macchina_macchina_sam_m2\Debug\SD_HSMCI\utility\dmac.c.o
                0x00080bfe                dmac_channel_enable
 .text.dmac_channel_disable
                0x00080c08        0xa C:\Users\Tony\AppData\Local\Temp\VMBuilds\Dumpdata_SDtoSerial\macchina_macchina_sam_m2\Debug\SD_HSMCI\utility\dmac.c.o
                0x00080c08                dmac_channel_disable
 .text.dmac_channel_set_configuration
                0x00080c12        0xa C:\Users\Tony\AppData\Local\Temp\VMBuilds\Dumpdata_SDtoSerial\macchina_macchina_sam_m2\Debug\SD_HSMCI\utility\dmac.c.o
                0x00080c12                dmac_channel_set_configuration
 .text.dmac_channel_single_buf_transfer_init
                0x00080c1c       0x20 C:\Users\Tony\AppData\Local\Temp\VMBuilds\Dumpdata_SDtoSerial\macchina_macchina_sam_m2\Debug\SD_HSMCI\utility\dmac.c.o
                0x00080c1c                dmac_channel_single_buf_transfer_init
 .text.get_fattime
                0x00080c3c        0x8 C:\Users\Tony\AppData\Local\Temp\VMBuilds\Dumpdata_SDtoSerial\macchina_macchina_sam_m2\Debug\SD_HSMCI\utility\fattime_rtc.c.o
                0x00080c3c                get_fattime
 .text.mem_cpy  0x00080c44       0x12 C:\Users\Tony\AppData\Local\Temp\VMBuilds\Dumpdata_SDtoSerial\macchina_macchina_sam_m2\Debug\SD_HSMCI\utility\ff.c.o
 .text.mem_set  0x00080c56        0xe C:\Users\Tony\AppData\Local\Temp\VMBuilds\Dumpdata_SDtoSerial\macchina_macchina_sam_m2\Debug\SD_HSMCI\utility\ff.c.o
 .text.clust2sect
                0x00080c64       0x16 C:\Users\Tony\AppData\Local\Temp\VMBuilds\Dumpdata_SDtoSerial\macchina_macchina_sam_m2\Debug\SD_HSMCI\utility\ff.c.o
 .text.sum_sfn  0x00080c7a       0x1e C:\Users\Tony\AppData\Local\Temp\VMBuilds\Dumpdata_SDtoSerial\macchina_macchina_sam_m2\Debug\SD_HSMCI\utility\ff.c.o
 .text.move_window
                0x00080c98       0x76 C:\Users\Tony\AppData\Local\Temp\VMBuilds\Dumpdata_SDtoSerial\macchina_macchina_sam_m2\Debug\SD_HSMCI\utility\ff.c.o
 .text.sync     0x00080d0e       0xb6 C:\Users\Tony\AppData\Local\Temp\VMBuilds\Dumpdata_SDtoSerial\macchina_macchina_sam_m2\Debug\SD_HSMCI\utility\ff.c.o
 .text.validate
                0x00080dc4       0x24 C:\Users\Tony\AppData\Local\Temp\VMBuilds\Dumpdata_SDtoSerial\macchina_macchina_sam_m2\Debug\SD_HSMCI\utility\ff.c.o
 .text.check_fs
                0x00080de8       0x88 C:\Users\Tony\AppData\Local\Temp\VMBuilds\Dumpdata_SDtoSerial\macchina_macchina_sam_m2\Debug\SD_HSMCI\utility\ff.c.o
 .text.chk_mounted
                0x00080e70      0x30c C:\Users\Tony\AppData\Local\Temp\VMBuilds\Dumpdata_SDtoSerial\macchina_macchina_sam_m2\Debug\SD_HSMCI\utility\ff.c.o
 .text.get_fat  0x0008117c       0xca C:\Users\Tony\AppData\Local\Temp\VMBuilds\Dumpdata_SDtoSerial\macchina_macchina_sam_m2\Debug\SD_HSMCI\utility\ff.c.o
 .text.dir_sdi  0x00081246       0x84 C:\Users\Tony\AppData\Local\Temp\VMBuilds\Dumpdata_SDtoSerial\macchina_macchina_sam_m2\Debug\SD_HSMCI\utility\ff.c.o
 .text.put_fat  0x000812ca       0xf0 C:\Users\Tony\AppData\Local\Temp\VMBuilds\Dumpdata_SDtoSerial\macchina_macchina_sam_m2\Debug\SD_HSMCI\utility\ff.c.o
 .text.create_chain
                0x000813ba       0x9a C:\Users\Tony\AppData\Local\Temp\VMBuilds\Dumpdata_SDtoSerial\macchina_macchina_sam_m2\Debug\SD_HSMCI\utility\ff.c.o
 .text.dir_next
                0x00081454       0xf8 C:\Users\Tony\AppData\Local\Temp\VMBuilds\Dumpdata_SDtoSerial\macchina_macchina_sam_m2\Debug\SD_HSMCI\utility\ff.c.o
 .text.remove_chain
                0x0008154c       0x54 C:\Users\Tony\AppData\Local\Temp\VMBuilds\Dumpdata_SDtoSerial\macchina_macchina_sam_m2\Debug\SD_HSMCI\utility\ff.c.o
 .text.dir_find.part.4
                0x000815a0      0x12c C:\Users\Tony\AppData\Local\Temp\VMBuilds\Dumpdata_SDtoSerial\macchina_macchina_sam_m2\Debug\SD_HSMCI\utility\ff.c.o
 .text.dir_register
                0x000816cc      0x224 C:\Users\Tony\AppData\Local\Temp\VMBuilds\Dumpdata_SDtoSerial\macchina_macchina_sam_m2\Debug\SD_HSMCI\utility\ff.c.o
 .text.follow_path
                0x000818f0      0x268 C:\Users\Tony\AppData\Local\Temp\VMBuilds\Dumpdata_SDtoSerial\macchina_macchina_sam_m2\Debug\SD_HSMCI\utility\ff.c.o
 .text.f_mount  0x00081b58       0x28 C:\Users\Tony\AppData\Local\Temp\VMBuilds\Dumpdata_SDtoSerial\macchina_macchina_sam_m2\Debug\SD_HSMCI\utility\ff.c.o
                0x00081b58                f_mount
 .text.f_open   0x00081b80      0x13e C:\Users\Tony\AppData\Local\Temp\VMBuilds\Dumpdata_SDtoSerial\macchina_macchina_sam_m2\Debug\SD_HSMCI\utility\ff.c.o
                0x00081b80                f_open
 .text.f_read   0x00081cbe      0x13e C:\Users\Tony\AppData\Local\Temp\VMBuilds\Dumpdata_SDtoSerial\macchina_macchina_sam_m2\Debug\SD_HSMCI\utility\ff.c.o
                0x00081cbe                f_read
 .text.f_write  0x00081dfc      0x190 C:\Users\Tony\AppData\Local\Temp\VMBuilds\Dumpdata_SDtoSerial\macchina_macchina_sam_m2\Debug\SD_HSMCI\utility\ff.c.o
                0x00081dfc                f_write
 .text.f_sync   0x00081f8c       0x7e C:\Users\Tony\AppData\Local\Temp\VMBuilds\Dumpdata_SDtoSerial\macchina_macchina_sam_m2\Debug\SD_HSMCI\utility\ff.c.o
                0x00081f8c                f_sync
 .text.f_close  0x0008200a        0xe C:\Users\Tony\AppData\Local\Temp\VMBuilds\Dumpdata_SDtoSerial\macchina_macchina_sam_m2\Debug\SD_HSMCI\utility\ff.c.o
                0x0008200a                f_close
 .text.f_lseek  0x00082018      0x104 C:\Users\Tony\AppData\Local\Temp\VMBuilds\Dumpdata_SDtoSerial\macchina_macchina_sam_m2\Debug\SD_HSMCI\utility\ff.c.o
                0x00082018                f_lseek
 .text.hsmci_reset
                0x0008211c       0x28 C:\Users\Tony\AppData\Local\Temp\VMBuilds\Dumpdata_SDtoSerial\macchina_macchina_sam_m2\Debug\SD_HSMCI\utility\hsmci.c.o
 .text.debugPrintf
                0x00082144        0xe C:\Users\Tony\AppData\Local\Temp\VMBuilds\Dumpdata_SDtoSerial\macchina_macchina_sam_m2\Debug\SD_HSMCI\utility\hsmci.c.o
                0x00082144                debugPrintf
 *fill*         0x00082152        0x2 
 .text.hsmci_send_cmd_execute
                0x00082154       0x94 C:\Users\Tony\AppData\Local\Temp\VMBuilds\Dumpdata_SDtoSerial\macchina_macchina_sam_m2\Debug\SD_HSMCI\utility\hsmci.c.o
 .text.hsmci_init
                0x000821e8       0x28 C:\Users\Tony\AppData\Local\Temp\VMBuilds\Dumpdata_SDtoSerial\macchina_macchina_sam_m2\Debug\SD_HSMCI\utility\hsmci.c.o
                0x000821e8                hsmci_init
 .text.hsmci_get_bus_width
                0x00082210        0xa C:\Users\Tony\AppData\Local\Temp\VMBuilds\Dumpdata_SDtoSerial\macchina_macchina_sam_m2\Debug\SD_HSMCI\utility\hsmci.c.o
                0x00082210                hsmci_get_bus_width
 .text.hsmci_is_high_speed_capable
                0x0008221a        0x4 C:\Users\Tony\AppData\Local\Temp\VMBuilds\Dumpdata_SDtoSerial\macchina_macchina_sam_m2\Debug\SD_HSMCI\utility\hsmci.c.o
                0x0008221a                hsmci_is_high_speed_capable
 *fill*         0x0008221e        0x2 
 .text.hsmci_select_device
                0x00082220       0x5c C:\Users\Tony\AppData\Local\Temp\VMBuilds\Dumpdata_SDtoSerial\macchina_macchina_sam_m2\Debug\SD_HSMCI\utility\hsmci.c.o
                0x00082220                hsmci_select_device
 .text.hsmci_deselect_device
                0x0008227c        0x2 C:\Users\Tony\AppData\Local\Temp\VMBuilds\Dumpdata_SDtoSerial\macchina_macchina_sam_m2\Debug\SD_HSMCI\utility\hsmci.c.o
                0x0008227c                hsmci_deselect_device
 .text.hsmci_send_clock
                0x0008227e       0x22 C:\Users\Tony\AppData\Local\Temp\VMBuilds\Dumpdata_SDtoSerial\macchina_macchina_sam_m2\Debug\SD_HSMCI\utility\hsmci.c.o
                0x0008227e                hsmci_send_clock
 .text.hsmci_send_cmd
                0x000822a0       0x22 C:\Users\Tony\AppData\Local\Temp\VMBuilds\Dumpdata_SDtoSerial\macchina_macchina_sam_m2\Debug\SD_HSMCI\utility\hsmci.c.o
                0x000822a0                hsmci_send_cmd
 .text.hsmci_get_response
                0x000822c2        0x8 C:\Users\Tony\AppData\Local\Temp\VMBuilds\Dumpdata_SDtoSerial\macchina_macchina_sam_m2\Debug\SD_HSMCI\utility\hsmci.c.o
                0x000822c2                hsmci_get_response
 .text.hsmci_get_response_128
                0x000822ca       0x28 C:\Users\Tony\AppData\Local\Temp\VMBuilds\Dumpdata_SDtoSerial\macchina_macchina_sam_m2\Debug\SD_HSMCI\utility\hsmci.c.o
                0x000822ca                hsmci_get_response_128
 *fill*         0x000822f2        0x2 
 .text.hsmci_adtc_start
                0x000822f4       0xa8 C:\Users\Tony\AppData\Local\Temp\VMBuilds\Dumpdata_SDtoSerial\macchina_macchina_sam_m2\Debug\SD_HSMCI\utility\hsmci.c.o
                0x000822f4                hsmci_adtc_start
 .text.hsmci_read_word
                0x0008239c       0x5c C:\Users\Tony\AppData\Local\Temp\VMBuilds\Dumpdata_SDtoSerial\macchina_macchina_sam_m2\Debug\SD_HSMCI\utility\hsmci.c.o
                0x0008239c                hsmci_read_word
 .text.hsmci_start_read_blocks
                0x000823f8       0x94 C:\Users\Tony\AppData\Local\Temp\VMBuilds\Dumpdata_SDtoSerial\macchina_macchina_sam_m2\Debug\SD_HSMCI\utility\hsmci.c.o
                0x000823f8                hsmci_start_read_blocks
 .text.hsmci_wait_end_of_read_blocks
                0x0008248c       0x50 C:\Users\Tony\AppData\Local\Temp\VMBuilds\Dumpdata_SDtoSerial\macchina_macchina_sam_m2\Debug\SD_HSMCI\utility\hsmci.c.o
                0x0008248c                hsmci_wait_end_of_read_blocks
 .text.hsmci_start_write_blocks
                0x000824dc       0x8c C:\Users\Tony\AppData\Local\Temp\VMBuilds\Dumpdata_SDtoSerial\macchina_macchina_sam_m2\Debug\SD_HSMCI\utility\hsmci.c.o
                0x000824dc                hsmci_start_write_blocks
 .text.hsmci_wait_end_of_write_blocks
                0x00082568       0x50 C:\Users\Tony\AppData\Local\Temp\VMBuilds\Dumpdata_SDtoSerial\macchina_macchina_sam_m2\Debug\SD_HSMCI\utility\hsmci.c.o
                0x00082568                hsmci_wait_end_of_write_blocks
 .text.SDMMC_UNSTUFF_BITS
                0x000825b8       0x4e C:\Users\Tony\AppData\Local\Temp\VMBuilds\Dumpdata_SDtoSerial\macchina_macchina_sam_m2\Debug\SD_HSMCI\utility\sd_mmc.c.o
 *fill*         0x00082606        0x2 
 .text.sd_mmc_configure_slot
                0x00082608       0x24 C:\Users\Tony\AppData\Local\Temp\VMBuilds\Dumpdata_SDtoSerial\macchina_macchina_sam_m2\Debug\SD_HSMCI\utility\sd_mmc.c.o
 .text.sd_mmc_deselect_slot
                0x0008262c       0x10 C:\Users\Tony\AppData\Local\Temp\VMBuilds\Dumpdata_SDtoSerial\macchina_macchina_sam_m2\Debug\SD_HSMCI\utility\sd_mmc.c.o
 .text.sd_mmc_select_slot
                0x0008263c       0xd0 C:\Users\Tony\AppData\Local\Temp\VMBuilds\Dumpdata_SDtoSerial\macchina_macchina_sam_m2\Debug\SD_HSMCI\utility\sd_mmc.c.o
 .text.sd_mmc_cmd9_mci
                0x0008270c       0x28 C:\Users\Tony\AppData\Local\Temp\VMBuilds\Dumpdata_SDtoSerial\macchina_macchina_sam_m2\Debug\SD_HSMCI\utility\sd_mmc.c.o
 .text.sd_mmc_init
                0x00082734       0x24 C:\Users\Tony\AppData\Local\Temp\VMBuilds\Dumpdata_SDtoSerial\macchina_macchina_sam_m2\Debug\SD_HSMCI\utility\sd_mmc.c.o
                0x00082734                sd_mmc_init
 .text.sd_mmc_check
                0x00082758      0x5c0 C:\Users\Tony\AppData\Local\Temp\VMBuilds\Dumpdata_SDtoSerial\macchina_macchina_sam_m2\Debug\SD_HSMCI\utility\sd_mmc.c.o
                0x00082758                sd_mmc_check
 .text.sd_mmc_get_type
                0x00082d18       0x1c C:\Users\Tony\AppData\Local\Temp\VMBuilds\Dumpdata_SDtoSerial\macchina_macchina_sam_m2\Debug\SD_HSMCI\utility\sd_mmc.c.o
                0x00082d18                sd_mmc_get_type
 .text.sd_mmc_get_capacity
                0x00082d34       0x1c C:\Users\Tony\AppData\Local\Temp\VMBuilds\Dumpdata_SDtoSerial\macchina_macchina_sam_m2\Debug\SD_HSMCI\utility\sd_mmc.c.o
                0x00082d34                sd_mmc_get_capacity
 .text.sd_mmc_get_bus_width
                0x00082d50       0x1c C:\Users\Tony\AppData\Local\Temp\VMBuilds\Dumpdata_SDtoSerial\macchina_macchina_sam_m2\Debug\SD_HSMCI\utility\sd_mmc.c.o
                0x00082d50                sd_mmc_get_bus_width
 .text.sd_mmc_get_bus_clock
                0x00082d6c       0x1c C:\Users\Tony\AppData\Local\Temp\VMBuilds\Dumpdata_SDtoSerial\macchina_macchina_sam_m2\Debug\SD_HSMCI\utility\sd_mmc.c.o
                0x00082d6c                sd_mmc_get_bus_clock
 .text.sd_mmc_is_write_protected
                0x00082d88        0x4 C:\Users\Tony\AppData\Local\Temp\VMBuilds\Dumpdata_SDtoSerial\macchina_macchina_sam_m2\Debug\SD_HSMCI\utility\sd_mmc.c.o
                0x00082d88                sd_mmc_is_write_protected
 .text.sd_mmc_init_read_blocks
                0x00082d8c       0x94 C:\Users\Tony\AppData\Local\Temp\VMBuilds\Dumpdata_SDtoSerial\macchina_macchina_sam_m2\Debug\SD_HSMCI\utility\sd_mmc.c.o
                0x00082d8c                sd_mmc_init_read_blocks
 .text.sd_mmc_start_read_blocks
                0x00082e20       0x20 C:\Users\Tony\AppData\Local\Temp\VMBuilds\Dumpdata_SDtoSerial\macchina_macchina_sam_m2\Debug\SD_HSMCI\utility\sd_mmc.c.o
                0x00082e20                sd_mmc_start_read_blocks
 .text.sd_mmc_wait_end_of_read_blocks
                0x00082e40       0x44 C:\Users\Tony\AppData\Local\Temp\VMBuilds\Dumpdata_SDtoSerial\macchina_macchina_sam_m2\Debug\SD_HSMCI\utility\sd_mmc.c.o
                0x00082e40                sd_mmc_wait_end_of_read_blocks
 .text.sd_mmc_init_write_blocks
                0x00082e84       0x70 C:\Users\Tony\AppData\Local\Temp\VMBuilds\Dumpdata_SDtoSerial\macchina_macchina_sam_m2\Debug\SD_HSMCI\utility\sd_mmc.c.o
                0x00082e84                sd_mmc_init_write_blocks
 .text.sd_mmc_start_write_blocks
                0x00082ef4       0x20 C:\Users\Tony\AppData\Local\Temp\VMBuilds\Dumpdata_SDtoSerial\macchina_macchina_sam_m2\Debug\SD_HSMCI\utility\sd_mmc.c.o
                0x00082ef4                sd_mmc_start_write_blocks
 .text.sd_mmc_wait_end_of_write_blocks
                0x00082f14       0x3c C:\Users\Tony\AppData\Local\Temp\VMBuilds\Dumpdata_SDtoSerial\macchina_macchina_sam_m2\Debug\SD_HSMCI\utility\sd_mmc.c.o
                0x00082f14                sd_mmc_wait_end_of_write_blocks
 .text.sd_mmc_test_unit_ready
                0x00082f50       0x44 C:\Users\Tony\AppData\Local\Temp\VMBuilds\Dumpdata_SDtoSerial\macchina_macchina_sam_m2\Debug\SD_HSMCI\utility\sd_mmc_mem.c.o
                0x00082f50                sd_mmc_test_unit_ready
 .text.sd_mmc_test_unit_ready_0
                0x00082f94        0x6 C:\Users\Tony\AppData\Local\Temp\VMBuilds\Dumpdata_SDtoSerial\macchina_macchina_sam_m2\Debug\SD_HSMCI\utility\sd_mmc_mem.c.o
                0x00082f94                sd_mmc_test_unit_ready_0
 .text.sd_mmc_read_capacity
                0x00082f9a       0x1a C:\Users\Tony\AppData\Local\Temp\VMBuilds\Dumpdata_SDtoSerial\macchina_macchina_sam_m2\Debug\SD_HSMCI\utility\sd_mmc_mem.c.o
                0x00082f9a                sd_mmc_read_capacity
 .text.sd_mmc_read_capacity_0
                0x00082fb4        0x8 C:\Users\Tony\AppData\Local\Temp\VMBuilds\Dumpdata_SDtoSerial\macchina_macchina_sam_m2\Debug\SD_HSMCI\utility\sd_mmc_mem.c.o
                0x00082fb4                sd_mmc_read_capacity_0
 .text.sd_mmc_wr_protect_0
                0x00082fbc        0x6 C:\Users\Tony\AppData\Local\Temp\VMBuilds\Dumpdata_SDtoSerial\macchina_macchina_sam_m2\Debug\SD_HSMCI\utility\sd_mmc_mem.c.o
                0x00082fbc                sd_mmc_wr_protect_0
 .text.sd_mmc_mem_2_ram
                0x00082fc2       0x30 C:\Users\Tony\AppData\Local\Temp\VMBuilds\Dumpdata_SDtoSerial\macchina_macchina_sam_m2\Debug\SD_HSMCI\utility\sd_mmc_mem.c.o
                0x00082fc2                sd_mmc_mem_2_ram
 .text.sd_mmc_mem_2_ram_0
                0x00082ff2        0xc C:\Users\Tony\AppData\Local\Temp\VMBuilds\Dumpdata_SDtoSerial\macchina_macchina_sam_m2\Debug\SD_HSMCI\utility\sd_mmc_mem.c.o
                0x00082ff2                sd_mmc_mem_2_ram_0
 .text.sd_mmc_ram_2_mem
                0x00082ffe       0x30 C:\Users\Tony\AppData\Local\Temp\VMBuilds\Dumpdata_SDtoSerial\macchina_macchina_sam_m2\Debug\SD_HSMCI\utility\sd_mmc_mem.c.o
                0x00082ffe                sd_mmc_ram_2_mem
 .text.sd_mmc_ram_2_mem_0
                0x0008302e        0xc C:\Users\Tony\AppData\Local\Temp\VMBuilds\Dumpdata_SDtoSerial\macchina_macchina_sam_m2\Debug\SD_HSMCI\utility\sd_mmc_mem.c.o
                0x0008302e                sd_mmc_ram_2_mem_0
 .text._Z11serialEventv
                0x0008303a        0x2 C:\Users\Tony\AppData\Local\Temp\VMBuilds\Dumpdata_SDtoSerial\macchina_macchina_sam_m2\Debug\variant\variant.cpp.o
                0x0008303a                serialEvent()
 .text._Z14serialEventUSBv
                0x0008303c        0x2 C:\Users\Tony\AppData\Local\Temp\VMBuilds\Dumpdata_SDtoSerial\macchina_macchina_sam_m2\Debug\variant\variant.cpp.o
                0x0008303c                serialEventUSB()
 *fill*         0x0008303e        0x2 
 .text.UART_Handler
                0x00083040        0xc C:\Users\Tony\AppData\Local\Temp\VMBuilds\Dumpdata_SDtoSerial\macchina_macchina_sam_m2\Debug\variant\variant.cpp.o
                0x00083040                UART_Handler
 .text._Z12serialEvent1v
                0x0008304c        0x2 C:\Users\Tony\AppData\Local\Temp\VMBuilds\Dumpdata_SDtoSerial\macchina_macchina_sam_m2\Debug\variant\variant.cpp.o
                0x0008304c                serialEvent1()
 .text._Z12serialEvent2v
                0x0008304e        0x2 C:\Users\Tony\AppData\Local\Temp\VMBuilds\Dumpdata_SDtoSerial\macchina_macchina_sam_m2\Debug\variant\variant.cpp.o
                0x0008304e                serialEvent2()
 .text._Z12serialEvent3v
                0x00083050        0x2 C:\Users\Tony\AppData\Local\Temp\VMBuilds\Dumpdata_SDtoSerial\macchina_macchina_sam_m2\Debug\variant\variant.cpp.o
                0x00083050                serialEvent3()
 *fill*         0x00083052        0x2 
 .text.USART0_Handler
                0x00083054        0xc C:\Users\Tony\AppData\Local\Temp\VMBuilds\Dumpdata_SDtoSerial\macchina_macchina_sam_m2\Debug\variant\variant.cpp.o
                0x00083054                USART0_Handler
 .text.USART1_Handler
                0x00083060        0xc C:\Users\Tony\AppData\Local\Temp\VMBuilds\Dumpdata_SDtoSerial\macchina_macchina_sam_m2\Debug\variant\variant.cpp.o
                0x00083060                USART1_Handler
 .text.USART3_Handler
                0x0008306c        0xc C:\Users\Tony\AppData\Local\Temp\VMBuilds\Dumpdata_SDtoSerial\macchina_macchina_sam_m2\Debug\variant\variant.cpp.o
                0x0008306c                USART3_Handler
 .text.init     0x00083078      0x188 C:\Users\Tony\AppData\Local\Temp\VMBuilds\Dumpdata_SDtoSerial\macchina_macchina_sam_m2\Debug\variant\variant.cpp.o
                0x00083078                init
 .text.startup._GLOBAL__sub_I_g_APinDescription
                0x00083200       0xd4 C:\Users\Tony\AppData\Local\Temp\VMBuilds\Dumpdata_SDtoSerial\macchina_macchina_sam_m2\Debug\variant\variant.cpp.o
 .text._Z14serialEventRunv
                0x000832d4       0x54 C:\Users\Tony\AppData\Local\Temp\VMBuilds\Dumpdata_SDtoSerial\macchina_macchina_sam_m2\Debug\variant\variant.cpp.o
                0x000832d4                serialEventRun()
 .text.PIO_PullUp
                0x00083328        0xa C:\Users\Tony\AppData\Local\arduino15\packages\macchina\hardware\sam\0.1.0\variants\m2/libsam_sam3x8e_gcc_rel.a(pio.o)
                0x00083328                PIO_PullUp
 .text.PIO_Get  0x00083332       0x14 C:\Users\Tony\AppData\Local\arduino15\packages\macchina\hardware\sam\0.1.0\variants\m2/libsam_sam3x8e_gcc_rel.a(pio.o)
                0x00083332                PIO_Get
 .text.PIO_SetPeripheral
                0x00083346       0x26 C:\Users\Tony\AppData\Local\arduino15\packages\macchina\hardware\sam\0.1.0\variants\m2/libsam_sam3x8e_gcc_rel.a(pio.o)
                0x00083346                PIO_SetPeripheral
 .text.PIO_SetInput
                0x0008336c       0x26 C:\Users\Tony\AppData\Local\arduino15\packages\macchina\hardware\sam\0.1.0\variants\m2/libsam_sam3x8e_gcc_rel.a(pio.o)
                0x0008336c                PIO_SetInput
 .text.PIO_SetOutput
                0x00083392       0x24 C:\Users\Tony\AppData\Local\arduino15\packages\macchina\hardware\sam\0.1.0\variants\m2/libsam_sam3x8e_gcc_rel.a(pio.o)
                0x00083392                PIO_SetOutput
 *fill*         0x000833b6        0x2 
 .text.PIO_Configure
                0x000833b8       0x64 C:\Users\Tony\AppData\Local\arduino15\packages\macchina\hardware\sam\0.1.0\variants\m2/libsam_sam3x8e_gcc_rel.a(pio.o)
                0x000833b8                PIO_Configure
 .text.PIO_GetOutputDataStatus
                0x0008341c       0x14 C:\Users\Tony\AppData\Local\arduino15\packages\macchina\hardware\sam\0.1.0\variants\m2/libsam_sam3x8e_gcc_rel.a(pio.o)
                0x0008341c                PIO_GetOutputDataStatus
 .text.pmc_enable_upll_clock
                0x00083430       0x14 C:\Users\Tony\AppData\Local\arduino15\packages\macchina\hardware\sam\0.1.0\variants\m2/libsam_sam3x8e_gcc_rel.a(pmc.o)
                0x00083430                pmc_enable_upll_clock
 .text.pmc_enable_periph_clk
                0x00083444       0x44 C:\Users\Tony\AppData\Local\arduino15\packages\macchina\hardware\sam\0.1.0\variants\m2/libsam_sam3x8e_gcc_rel.a(pmc.o)
                0x00083444                pmc_enable_periph_clk
 .text.pmc_disable_periph_clk
                0x00083488       0x40 C:\Users\Tony\AppData\Local\arduino15\packages\macchina\hardware\sam\0.1.0\variants\m2/libsam_sam3x8e_gcc_rel.a(pmc.o)
                0x00083488                pmc_disable_periph_clk
 .text.pmc_switch_udpck_to_upllck
                0x000834c8       0x14 C:\Users\Tony\AppData\Local\arduino15\packages\macchina\hardware\sam\0.1.0\variants\m2/libsam_sam3x8e_gcc_rel.a(pmc.o)
                0x000834c8                pmc_switch_udpck_to_upllck
 .text.pmc_enable_udpck
                0x000834dc        0xc C:\Users\Tony\AppData\Local\arduino15\packages\macchina\hardware\sam\0.1.0\variants\m2/libsam_sam3x8e_gcc_rel.a(pmc.o)
                0x000834dc                pmc_enable_udpck
 .text.SystemInit
                0x000834e8       0x88 C:\Users\Tony\AppData\Local\arduino15\packages\macchina\hardware\sam\0.1.0\variants\m2/libsam_sam3x8e_gcc_rel.a(system_sam3xa.o)
                0x000834e8                SystemInit
 .text.Reset_Handler
                0x00083570       0x78 C:\Users\Tony\AppData\Local\arduino15\packages\macchina\hardware\sam\0.1.0\variants\m2/libsam_sam3x8e_gcc_rel.a(startup_sam3xa.o)
                0x00083570                Reset_Handler
 .text.adc_init
                0x000835e8       0x98 C:\Users\Tony\AppData\Local\arduino15\packages\macchina\hardware\sam\0.1.0\variants\m2/libsam_sam3x8e_gcc_rel.a(adc.o)
                0x000835e8                adc_init
 .text.adc_configure_trigger
                0x00083680        0xe C:\Users\Tony\AppData\Local\arduino15\packages\macchina\hardware\sam\0.1.0\variants\m2/libsam_sam3x8e_gcc_rel.a(adc.o)
                0x00083680                adc_configure_trigger
 .text.adc_configure_timing
                0x0008368e       0x1a C:\Users\Tony\AppData\Local\arduino15\packages\macchina\hardware\sam\0.1.0\variants\m2/libsam_sam3x8e_gcc_rel.a(adc.o)
                0x0008368e                adc_configure_timing
 .text.adc_enable_channel
                0x000836a8        0xa C:\Users\Tony\AppData\Local\arduino15\packages\macchina\hardware\sam\0.1.0\variants\m2/libsam_sam3x8e_gcc_rel.a(adc.o)
                0x000836a8                adc_enable_channel
 .text.adc_disable_channel
                0x000836b2        0xa C:\Users\Tony\AppData\Local\arduino15\packages\macchina\hardware\sam\0.1.0\variants\m2/libsam_sam3x8e_gcc_rel.a(adc.o)
                0x000836b2                adc_disable_channel
 .text.adc_disable_all_channel
                0x000836bc        0x8 C:\Users\Tony\AppData\Local\arduino15\packages\macchina\hardware\sam\0.1.0\variants\m2/libsam_sam3x8e_gcc_rel.a(adc.o)
                0x000836bc                adc_disable_all_channel
 .text.adc_disable_interrupt
                0x000836c4        0x4 C:\Users\Tony\AppData\Local\arduino15\packages\macchina\hardware\sam\0.1.0\variants\m2/libsam_sam3x8e_gcc_rel.a(adc.o)
                0x000836c4                adc_disable_interrupt
 .text.adc_enable_ts
                0x000836c8        0xe C:\Users\Tony\AppData\Local\arduino15\packages\macchina\hardware\sam\0.1.0\variants\m2/libsam_sam3x8e_gcc_rel.a(adc.o)
                0x000836c8                adc_enable_ts
 *fill*         0x000836d6        0x2 
 .text.UOTGHS_Handler
                0x000836d8       0x10 C:\Users\Tony\AppData\Local\arduino15\packages\macchina\hardware\sam\0.1.0\variants\m2/libsam_sam3x8e_gcc_rel.a(uotghs.o)
                0x000836d8                UOTGHS_Handler
 .text.__halt   0x000836e8        0x2 C:\Users\Tony\AppData\Local\Temp\VMBuilds\Dumpdata_SDtoSerial\macchina_macchina_sam_m2\Debug/core.a(cortex_handlers.c.o)
                0x000836e8                DACC_Handler
                0x000836e8                DebugMon_Handler
                0x000836e8                DMAC_Handler
                0x000836e8                TRNG_Handler
                0x000836e8                HardFault_Handler
                0x000836e8                TC2_Handler
                0x000836e8                TWI1_Handler
                0x000836e8                NMI_Handler
                0x000836e8                TC7_Handler
                0x000836e8                ADC_Handler
                0x000836e8                SMC_Handler
                0x000836e8                RTT_Handler
                0x000836e8                EFC1_Handler
                0x000836e8                PIOB_Handler
                0x000836e8                RTC_Handler
                0x000836e8                UsageFault_Handler
                0x000836e8                TC6_Handler
                0x000836e8                WDT_Handler
                0x000836e8                CAN0_Handler
                0x000836e8                TC4_Handler
                0x000836e8                TC1_Handler
                0x000836e8                HSMCI_Handler
                0x000836e8                TC3_Handler
                0x000836e8                TWI0_Handler
                0x000836e8                PIOA_Handler
                0x000836e8                SSC_Handler
                0x000836e8                EFC0_Handler
                0x000836e8                PMC_Handler
                0x000836e8                PWM_Handler
                0x000836e8                CAN1_Handler
                0x000836e8                MemManage_Handler
                0x000836e8                SUPC_Handler
                0x000836e8                TC8_Handler
                0x000836e8                USART2_Handler
                0x000836e8                PIOD_Handler
                0x000836e8                EMAC_Handler
                0x000836e8                PIOC_Handler
                0x000836e8                BusFault_Handler
                0x000836e8                RSTC_Handler
                0x000836e8                TC0_Handler
                0x000836e8                TC5_Handler
                0x000836e8                SPI0_Handler
 .text.SVC_Handler
                0x000836ea        0x4 C:\Users\Tony\AppData\Local\Temp\VMBuilds\Dumpdata_SDtoSerial\macchina_macchina_sam_m2\Debug/core.a(cortex_handlers.c.o)
                0x000836ea                SVC_Handler
 .text.PendSV_Handler
                0x000836ee        0x4 C:\Users\Tony\AppData\Local\Temp\VMBuilds\Dumpdata_SDtoSerial\macchina_macchina_sam_m2\Debug/core.a(cortex_handlers.c.o)
                0x000836ee                PendSV_Handler
 .text.SysTick_Handler
                0x000836f2       0x16 C:\Users\Tony\AppData\Local\Temp\VMBuilds\Dumpdata_SDtoSerial\macchina_macchina_sam_m2\Debug/core.a(cortex_handlers.c.o)
                0x000836f2                SysTick_Handler
 .text.__empty  0x00083708        0x2 C:\Users\Tony\AppData\Local\Temp\VMBuilds\Dumpdata_SDtoSerial\macchina_macchina_sam_m2\Debug/core.a(hooks.c.o)
                0x00083708                yield
 .text.__false  0x0008370a        0x4 C:\Users\Tony\AppData\Local\Temp\VMBuilds\Dumpdata_SDtoSerial\macchina_macchina_sam_m2\Debug/core.a(hooks.c.o)
                0x0008370a                sysTickHook
 .text.__halt   0x0008370e        0x2 C:\Users\Tony\AppData\Local\Temp\VMBuilds\Dumpdata_SDtoSerial\macchina_macchina_sam_m2\Debug/core.a(hooks.c.o)
                0x0008370e                svcHook
                0x0008370e                pendSVHook
 .text._sbrk    0x00083710       0x1c C:\Users\Tony\AppData\Local\Temp\VMBuilds\Dumpdata_SDtoSerial\macchina_macchina_sam_m2\Debug/core.a(syscalls_sam3.c.o)
                0x00083710                _sbrk
 .text.link     0x0008372c        0x6 C:\Users\Tony\AppData\Local\Temp\VMBuilds\Dumpdata_SDtoSerial\macchina_macchina_sam_m2\Debug/core.a(syscalls_sam3.c.o)
                0x0008372c                link
 .text._close   0x00083732        0x6 C:\Users\Tony\AppData\Local\Temp\VMBuilds\Dumpdata_SDtoSerial\macchina_macchina_sam_m2\Debug/core.a(syscalls_sam3.c.o)
                0x00083732                _close
 .text._fstat   0x00083738        0xa C:\Users\Tony\AppData\Local\Temp\VMBuilds\Dumpdata_SDtoSerial\macchina_macchina_sam_m2\Debug/core.a(syscalls_sam3.c.o)
                0x00083738                _fstat
 .text._isatty  0x00083742        0x4 C:\Users\Tony\AppData\Local\Temp\VMBuilds\Dumpdata_SDtoSerial\macchina_macchina_sam_m2\Debug/core.a(syscalls_sam3.c.o)
                0x00083742                _isatty
 .text._lseek   0x00083746        0x4 C:\Users\Tony\AppData\Local\Temp\VMBuilds\Dumpdata_SDtoSerial\macchina_macchina_sam_m2\Debug/core.a(syscalls_sam3.c.o)
                0x00083746                _lseek
 .text._read    0x0008374a        0x4 C:\Users\Tony\AppData\Local\Temp\VMBuilds\Dumpdata_SDtoSerial\macchina_macchina_sam_m2\Debug/core.a(syscalls_sam3.c.o)
                0x0008374a                _read
 *fill*         0x0008374e        0x2 
 .text._write   0x00083750       0x24 C:\Users\Tony\AppData\Local\Temp\VMBuilds\Dumpdata_SDtoSerial\macchina_macchina_sam_m2\Debug/core.a(syscalls_sam3.c.o)
                0x00083750                _write
 .text._exit    0x00083774       0x10 C:\Users\Tony\AppData\Local\Temp\VMBuilds\Dumpdata_SDtoSerial\macchina_macchina_sam_m2\Debug/core.a(syscalls_sam3.c.o)
                0x00083774                _exit
 .text._kill    0x00083784        0x2 C:\Users\Tony\AppData\Local\Temp\VMBuilds\Dumpdata_SDtoSerial\macchina_macchina_sam_m2\Debug/core.a(syscalls_sam3.c.o)
                0x00083784                _kill
 .text._getpid  0x00083786        0x6 C:\Users\Tony\AppData\Local\Temp\VMBuilds\Dumpdata_SDtoSerial\macchina_macchina_sam_m2\Debug/core.a(syscalls_sam3.c.o)
                0x00083786                _getpid
 .text.millis   0x0008378c        0x4 C:\Users\Tony\AppData\Local\Temp\VMBuilds\Dumpdata_SDtoSerial\macchina_macchina_sam_m2\Debug/core.a(wiring.c.o)
                0x0008378c                millis
 .text.micros   0x00083790       0x74 C:\Users\Tony\AppData\Local\Temp\VMBuilds\Dumpdata_SDtoSerial\macchina_macchina_sam_m2\Debug/core.a(wiring.c.o)
                0x00083790                micros
 .text.delay    0x00083804       0x1c C:\Users\Tony\AppData\Local\Temp\VMBuilds\Dumpdata_SDtoSerial\macchina_macchina_sam_m2\Debug/core.a(wiring.c.o)
                0x00083804                delay
 .text.analogReadResolution
                0x00083820        0xc C:\Users\Tony\AppData\Local\Temp\VMBuilds\Dumpdata_SDtoSerial\macchina_macchina_sam_m2\Debug/core.a(wiring_analog.c.o)
                0x00083820                analogReadResolution
 .text.analogWriteResolution
                0x0008382c        0xc C:\Users\Tony\AppData\Local\Temp\VMBuilds\Dumpdata_SDtoSerial\macchina_macchina_sam_m2\Debug/core.a(wiring_analog.c.o)
                0x0008382c                analogWriteResolution
 .text.analogReference
                0x00083838        0xc C:\Users\Tony\AppData\Local\Temp\VMBuilds\Dumpdata_SDtoSerial\macchina_macchina_sam_m2\Debug/core.a(wiring_analog.c.o)
                0x00083838                analogReference
 .text.analogOutputInit
                0x00083844        0x2 C:\Users\Tony\AppData\Local\Temp\VMBuilds\Dumpdata_SDtoSerial\macchina_macchina_sam_m2\Debug/core.a(wiring_analog.c.o)
                0x00083844                analogOutputInit
 *fill*         0x00083846        0x2 
 .text.pinMode  0x00083848      0x108 C:\Users\Tony\AppData\Local\Temp\VMBuilds\Dumpdata_SDtoSerial\macchina_macchina_sam_m2\Debug/core.a(wiring_digital.c.o)
                0x00083848                pinMode
 .text.digitalWrite
                0x00083950       0x70 C:\Users\Tony\AppData\Local\Temp\VMBuilds\Dumpdata_SDtoSerial\macchina_macchina_sam_m2\Debug/core.a(wiring_digital.c.o)
                0x00083950                digitalWrite
 .text.digitalRead
                0x000839c0       0x44 C:\Users\Tony\AppData\Local\Temp\VMBuilds\Dumpdata_SDtoSerial\macchina_macchina_sam_m2\Debug/core.a(wiring_digital.c.o)
                0x000839c0                digitalRead
 .text.initVariant
                0x00083a04        0x2 C:\Users\Tony\AppData\Local\Temp\VMBuilds\Dumpdata_SDtoSerial\macchina_macchina_sam_m2\Debug/core.a(main.cpp.o)
                0x00083a04                initVariant
 *fill*         0x00083a06        0x2 
 .text.startup.main
                0x00083a08       0x38 C:\Users\Tony\AppData\Local\Temp\VMBuilds\Dumpdata_SDtoSerial\macchina_macchina_sam_m2\Debug/core.a(main.cpp.o)
                0x00083a08                main
 .text._Znwj    0x00083a40        0x4 C:\Users\Tony\AppData\Local\Temp\VMBuilds\Dumpdata_SDtoSerial\macchina_macchina_sam_m2\Debug/core.a(new.cpp.o)
                0x00083a40                operator new(unsigned int)
 .text._ZN5Print5writeEPKhj
                0x00083a44       0x22 C:\Users\Tony\AppData\Local\Temp\VMBuilds\Dumpdata_SDtoSerial\macchina_macchina_sam_m2\Debug/core.a(Print.cpp.o)
                0x00083a44                Print::write(unsigned char const*, unsigned int)
 .text._ZN5Print5printEmi.part.3
                0x00083a66        0xc C:\Users\Tony\AppData\Local\Temp\VMBuilds\Dumpdata_SDtoSerial\macchina_macchina_sam_m2\Debug/core.a(Print.cpp.o)
 .text._ZN5Print5writeEPKc
                0x00083a72       0x1e C:\Users\Tony\AppData\Local\Temp\VMBuilds\Dumpdata_SDtoSerial\macchina_macchina_sam_m2\Debug/core.a(Print.cpp.o)
                0x00083a72                Print::write(char const*)
 .text._ZN5Print5printEPKc
                0x00083a90        0x8 C:\Users\Tony\AppData\Local\Temp\VMBuilds\Dumpdata_SDtoSerial\macchina_macchina_sam_m2\Debug/core.a(Print.cpp.o)
                0x00083a90                Print::print(char const*)
 .text._ZN5Print5printEc
                0x00083a98        0xa C:\Users\Tony\AppData\Local\Temp\VMBuilds\Dumpdata_SDtoSerial\macchina_macchina_sam_m2\Debug/core.a(Print.cpp.o)
                0x00083a98                Print::print(char)
 .text._ZN5Print11printNumberEmh
                0x00083aa2       0x3e C:\Users\Tony\AppData\Local\Temp\VMBuilds\Dumpdata_SDtoSerial\macchina_macchina_sam_m2\Debug/core.a(Print.cpp.o)
                0x00083aa2                Print::printNumber(unsigned long, unsigned char)
 .text._ZN5Print5printEmi
                0x00083ae0        0xc C:\Users\Tony\AppData\Local\Temp\VMBuilds\Dumpdata_SDtoSerial\macchina_macchina_sam_m2\Debug/core.a(Print.cpp.o)
                0x00083ae0                Print::print(unsigned long, int)
 .text._ZN5Print5printEhi
                0x00083aec        0x4 C:\Users\Tony\AppData\Local\Temp\VMBuilds\Dumpdata_SDtoSerial\macchina_macchina_sam_m2\Debug/core.a(Print.cpp.o)
                0x00083aec                Print::print(unsigned char, int)
 .text.initiateReset
                0x00083af0        0xc C:\Users\Tony\AppData\Local\Temp\VMBuilds\Dumpdata_SDtoSerial\macchina_macchina_sam_m2\Debug/core.a(Reset.cpp.o)
                0x00083af0                initiateReset
 .text.cancelReset
                0x00083afc       0x10 C:\Users\Tony\AppData\Local\Temp\VMBuilds\Dumpdata_SDtoSerial\macchina_macchina_sam_m2\Debug/core.a(Reset.cpp.o)
                0x00083afc                cancelReset
 .text.tickReset
                0x00083b0c       0x20 C:\Users\Tony\AppData\Local\Temp\VMBuilds\Dumpdata_SDtoSerial\macchina_macchina_sam_m2\Debug/core.a(Reset.cpp.o)
                0x00083b0c                tickReset
 .text._ZN10RingBufferC2Ev
                0x00083b2c       0x1a C:\Users\Tony\AppData\Local\Temp\VMBuilds\Dumpdata_SDtoSerial\macchina_macchina_sam_m2\Debug/core.a(RingBuffer.cpp.o)
                0x00083b2c                RingBuffer::RingBuffer()
                0x00083b2c                RingBuffer::RingBuffer()
 .text._ZN10RingBuffer10store_charEh
                0x00083b46       0x1e C:\Users\Tony\AppData\Local\Temp\VMBuilds\Dumpdata_SDtoSerial\macchina_macchina_sam_m2\Debug/core.a(RingBuffer.cpp.o)
                0x00083b46                RingBuffer::store_char(unsigned char)
 .text._ZN9UARTClasscvbEv
                0x00083b64        0x4 C:\Users\Tony\AppData\Local\Temp\VMBuilds\Dumpdata_SDtoSerial\macchina_macchina_sam_m2\Debug/core.a(UARTClass.cpp.o)
                0x00083b64                UARTClass::operator bool()
 .text._ZN9UARTClass9availableEv
                0x00083b68       0x12 C:\Users\Tony\AppData\Local\Temp\VMBuilds\Dumpdata_SDtoSerial\macchina_macchina_sam_m2\Debug/core.a(UARTClass.cpp.o)
                0x00083b68                UARTClass::available()
 .text._ZN9UARTClass4peekEv
                0x00083b7a       0x1c C:\Users\Tony\AppData\Local\Temp\VMBuilds\Dumpdata_SDtoSerial\macchina_macchina_sam_m2\Debug/core.a(UARTClass.cpp.o)
                0x00083b7a                UARTClass::peek()
 .text._ZN9UARTClass4readEv
                0x00083b96       0x2a C:\Users\Tony\AppData\Local\Temp\VMBuilds\Dumpdata_SDtoSerial\macchina_macchina_sam_m2\Debug/core.a(UARTClass.cpp.o)
                0x00083b96                UARTClass::read()
 .text._ZN9UARTClass5flushEv
                0x00083bc0       0x18 C:\Users\Tony\AppData\Local\Temp\VMBuilds\Dumpdata_SDtoSerial\macchina_macchina_sam_m2\Debug/core.a(UARTClass.cpp.o)
                0x00083bc0                UARTClass::flush()
 .text._ZN9UARTClass5writeEh
                0x00083bd8       0x54 C:\Users\Tony\AppData\Local\Temp\VMBuilds\Dumpdata_SDtoSerial\macchina_macchina_sam_m2\Debug/core.a(UARTClass.cpp.o)
                0x00083bd8                UARTClass::write(unsigned char)
 .text._ZN9UARTClass3endEv
                0x00083c2c       0x3c C:\Users\Tony\AppData\Local\Temp\VMBuilds\Dumpdata_SDtoSerial\macchina_macchina_sam_m2\Debug/core.a(UARTClass.cpp.o)
                0x00083c2c                UARTClass::end()
 .text._ZN9UARTClassC2EP4Uart4IRQnmP10RingBufferS4_
                0x00083c68       0x24 C:\Users\Tony\AppData\Local\Temp\VMBuilds\Dumpdata_SDtoSerial\macchina_macchina_sam_m2\Debug/core.a(UARTClass.cpp.o)
                0x00083c68                UARTClass::UARTClass(Uart*, IRQn, unsigned long, RingBuffer*, RingBuffer*)
                0x00083c68                UARTClass::UARTClass(Uart*, IRQn, unsigned long, RingBuffer*, RingBuffer*)
 .text._ZN9UARTClass4initEmm
                0x00083c8c       0x70 C:\Users\Tony\AppData\Local\Temp\VMBuilds\Dumpdata_SDtoSerial\macchina_macchina_sam_m2\Debug/core.a(UARTClass.cpp.o)
                0x00083c8c                UARTClass::init(unsigned long, unsigned long)
 .text._ZN9UARTClass5beginEm
                0x00083cfc        0x8 C:\Users\Tony\AppData\Local\Temp\VMBuilds\Dumpdata_SDtoSerial\macchina_macchina_sam_m2\Debug/core.a(UARTClass.cpp.o)
                0x00083cfc                UARTClass::begin(unsigned long)
 .text._ZN9UARTClass10IrqHandlerEv
                0x00083d04       0x5a C:\Users\Tony\AppData\Local\Temp\VMBuilds\Dumpdata_SDtoSerial\macchina_macchina_sam_m2\Debug/core.a(UARTClass.cpp.o)
                0x00083d04                UARTClass::IrqHandler()
 .text._ZN10USARTClass5beginEm
                0x00083d5e        0x8 C:\Users\Tony\AppData\Local\Temp\VMBuilds\Dumpdata_SDtoSerial\macchina_macchina_sam_m2\Debug/core.a(USARTClass.cpp.o)
                0x00083d5e                USARTClass::begin(unsigned long)
 *fill*         0x00083d66        0x2 
 .text._ZN10USARTClassC2EP5Usart4IRQnmP10RingBufferS4_
                0x00083d68       0x24 C:\Users\Tony\AppData\Local\Temp\VMBuilds\Dumpdata_SDtoSerial\macchina_macchina_sam_m2\Debug/core.a(USARTClass.cpp.o)
                0x00083d68                USARTClass::USARTClass(Usart*, IRQn, unsigned long, RingBuffer*, RingBuffer*)
                0x00083d68                USARTClass::USARTClass(Usart*, IRQn, unsigned long, RingBuffer*, RingBuffer*)
 .text._watchdogDefaultSetup
                0x00083d8c        0xc C:\Users\Tony\AppData\Local\Temp\VMBuilds\Dumpdata_SDtoSerial\macchina_macchina_sam_m2\Debug/core.a(watchdog.cpp.o)
                0x00083d8c                _watchdogDefaultSetup
                0x00083d8c                watchdogSetup()
 .text._ZN7Serial_9availableEv
                0x00083d98       0x18 C:\Users\Tony\AppData\Local\Temp\VMBuilds\Dumpdata_SDtoSerial\macchina_macchina_sam_m2\Debug/core.a(CDC.cpp.o)
                0x00083d98                Serial_::available()
 .text._ZN7Serial_17availableForWriteEv
                0x00083db0        0x6 C:\Users\Tony\AppData\Local\Temp\VMBuilds\Dumpdata_SDtoSerial\macchina_macchina_sam_m2\Debug/core.a(CDC.cpp.o)
                0x00083db0                Serial_::availableForWrite()
 *fill*         0x00083db6        0x2 
 .text._ZN7Serial_4peekEv
                0x00083db8       0x20 C:\Users\Tony\AppData\Local\Temp\VMBuilds\Dumpdata_SDtoSerial\macchina_macchina_sam_m2\Debug/core.a(CDC.cpp.o)
                0x00083db8                Serial_::peek()
 .text._ZN7Serial_5writeEh
                0x00083dd8       0x16 C:\Users\Tony\AppData\Local\Temp\VMBuilds\Dumpdata_SDtoSerial\macchina_macchina_sam_m2\Debug/core.a(CDC.cpp.o)
                0x00083dd8                Serial_::write(unsigned char)
 *fill*         0x00083dee        0x2 
 .text._ZN7Serial_4readEv
                0x00083df0       0x44 C:\Users\Tony\AppData\Local\Temp\VMBuilds\Dumpdata_SDtoSerial\macchina_macchina_sam_m2\Debug/core.a(CDC.cpp.o)
                0x00083df0                Serial_::read()
 .text._ZN7Serial_5flushEv
                0x00083e34        0x6 C:\Users\Tony\AppData\Local\Temp\VMBuilds\Dumpdata_SDtoSerial\macchina_macchina_sam_m2\Debug/core.a(CDC.cpp.o)
                0x00083e34                Serial_::flush()
 *fill*         0x00083e3a        0x2 
 .text._ZN7Serial_6acceptEv
                0x00083e3c       0x70 C:\Users\Tony\AppData\Local\Temp\VMBuilds\Dumpdata_SDtoSerial\macchina_macchina_sam_m2\Debug/core.a(CDC.cpp.o)
                0x00083e3c                Serial_::accept()
 .text._ZN7Serial_5writeEPKhj
                0x00083eac       0x2c C:\Users\Tony\AppData\Local\Temp\VMBuilds\Dumpdata_SDtoSerial\macchina_macchina_sam_m2\Debug/core.a(CDC.cpp.o)
                0x00083eac                Serial_::write(unsigned char const*, unsigned int)
 .text._Z16CDC_GetInterfacePh
                0x00083ed8       0x14 C:\Users\Tony\AppData\Local\Temp\VMBuilds\Dumpdata_SDtoSerial\macchina_macchina_sam_m2\Debug/core.a(CDC.cpp.o)
                0x00083ed8                CDC_GetInterface(unsigned char*)
 .text._Z21CDC_GetOtherInterfacePh
                0x00083eec       0x14 C:\Users\Tony\AppData\Local\Temp\VMBuilds\Dumpdata_SDtoSerial\macchina_macchina_sam_m2\Debug/core.a(CDC.cpp.o)
                0x00083eec                CDC_GetOtherInterface(unsigned char*)
 .text._Z9CDC_SetupR8USBSetup
                0x00083f00       0x78 C:\Users\Tony\AppData\Local\Temp\VMBuilds\Dumpdata_SDtoSerial\macchina_macchina_sam_m2\Debug/core.a(CDC.cpp.o)
                0x00083f00                CDC_Setup(USBSetup&)
 .text._ZN7Serial_cvbEv
                0x00083f78       0x28 C:\Users\Tony\AppData\Local\Temp\VMBuilds\Dumpdata_SDtoSerial\macchina_macchina_sam_m2\Debug/core.a(CDC.cpp.o)
                0x00083f78                Serial_::operator bool()
 .text.startup._GLOBAL__sub_I_cdc_rx_buffer
                0x00083fa0       0x1c C:\Users\Tony\AppData\Local\Temp\VMBuilds\Dumpdata_SDtoSerial\macchina_macchina_sam_m2\Debug/core.a(CDC.cpp.o)
 .text.unlikely._ZL11USB_SendZlpv
                0x00083fbc       0x20 C:\Users\Tony\AppData\Local\Temp\VMBuilds\Dumpdata_SDtoSerial\macchina_macchina_sam_m2\Debug/core.a(USBCore.cpp.o)
 .text._Z14USBD_Availablem
                0x00083fdc       0x2c C:\Users\Tony\AppData\Local\Temp\VMBuilds\Dumpdata_SDtoSerial\macchina_macchina_sam_m2\Debug/core.a(USBCore.cpp.o)
                0x00083fdc                USBD_Available(unsigned long)
 .text._Z9USBD_RecvmPvm
                0x00084008       0x7c C:\Users\Tony\AppData\Local\Temp\VMBuilds\Dumpdata_SDtoSerial\macchina_macchina_sam_m2\Debug/core.a(USBCore.cpp.o)
                0x00084008                USBD_Recv(unsigned long, void*, unsigned long)
 .text._Z9USBD_Recvm
                0x00084084       0x22 C:\Users\Tony\AppData\Local\Temp\VMBuilds\Dumpdata_SDtoSerial\macchina_macchina_sam_m2\Debug/core.a(USBCore.cpp.o)
                0x00084084                USBD_Recv(unsigned long)
 *fill*         0x000840a6        0x2 
 .text._Z9USBD_SendmPKvm
                0x000840a8       0x4c C:\Users\Tony\AppData\Local\Temp\VMBuilds\Dumpdata_SDtoSerial\macchina_macchina_sam_m2\Debug/core.a(USBCore.cpp.o)
                0x000840a8                USBD_Send(unsigned long, void const*, unsigned long)
 .text._Z16USBD_SendControlhPKvm
                0x000840f4       0x40 C:\Users\Tony\AppData\Local\Temp\VMBuilds\Dumpdata_SDtoSerial\macchina_macchina_sam_m2\Debug/core.a(USBCore.cpp.o)
                0x000840f4                USBD_SendControl(unsigned char, void const*, unsigned long)
 .text.unlikely._ZL24USB_SendStringDescriptorPKhi
                0x00084134       0x64 C:\Users\Tony\AppData\Local\Temp\VMBuilds\Dumpdata_SDtoSerial\macchina_macchina_sam_m2\Debug/core.a(USBCore.cpp.o)
 .text._Z16USBD_RecvControlPvm
                0x00084198       0x1c C:\Users\Tony\AppData\Local\Temp\VMBuilds\Dumpdata_SDtoSerial\macchina_macchina_sam_m2\Debug/core.a(USBCore.cpp.o)
                0x00084198                USBD_RecvControl(void*, unsigned long)
 .text._Z26USBD_ClassInterfaceRequestR8USBSetup
                0x000841b4       0x1e C:\Users\Tony\AppData\Local\Temp\VMBuilds\Dumpdata_SDtoSerial\macchina_macchina_sam_m2\Debug/core.a(USBCore.cpp.o)
                0x000841b4                USBD_ClassInterfaceRequest(USBSetup&)
 .text._Z19USBD_SendInterfacesv
                0x000841d2       0x22 C:\Users\Tony\AppData\Local\Temp\VMBuilds\Dumpdata_SDtoSerial\macchina_macchina_sam_m2\Debug/core.a(USBCore.cpp.o)
                0x000841d2                USBD_SendInterfaces()
 .text._Z24USBD_SendOtherInterfacesv
                0x000841f4       0x22 C:\Users\Tony\AppData\Local\Temp\VMBuilds\Dumpdata_SDtoSerial\macchina_macchina_sam_m2\Debug/core.a(USBCore.cpp.o)
                0x000841f4                USBD_SendOtherInterfaces()
 .text._Z10USBD_Flushm
                0x00084216       0x16 C:\Users\Tony\AppData\Local\Temp\VMBuilds\Dumpdata_SDtoSerial\macchina_macchina_sam_m2\Debug/core.a(USBCore.cpp.o)
                0x00084216                USBD_Flush(unsigned long)
 .text._ZN10USBDevice_C2Ev
                0x0008422c       0x24 C:\Users\Tony\AppData\Local\Temp\VMBuilds\Dumpdata_SDtoSerial\macchina_macchina_sam_m2\Debug/core.a(USBCore.cpp.o)
                0x0008422c                USBDevice_::USBDevice_()
                0x0008422c                USBDevice_::USBDevice_()
 .text._ZN10USBDevice_6attachEv
                0x00084250       0x20 C:\Users\Tony\AppData\Local\Temp\VMBuilds\Dumpdata_SDtoSerial\macchina_macchina_sam_m2\Debug/core.a(USBCore.cpp.o)
                0x00084250                USBDevice_::attach()
 .text.startup._GLOBAL__sub_I_EndPoints
                0x00084270        0xc C:\Users\Tony\AppData\Local\Temp\VMBuilds\Dumpdata_SDtoSerial\macchina_macchina_sam_m2\Debug/core.a(USBCore.cpp.o)
 .text._ZL7USB_ISRv
                0x0008427c      0x454 C:\Users\Tony\AppData\Local\Temp\VMBuilds\Dumpdata_SDtoSerial\macchina_macchina_sam_m2\Debug/core.a(USBCore.cpp.o)
 .text._ZN13PluggableUSB_12getInterfaceEPh
                0x000846d0       0x28 C:\Users\Tony\AppData\Local\Temp\VMBuilds\Dumpdata_SDtoSerial\macchina_macchina_sam_m2\Debug/core.a(PluggableUSB.cpp.o)
                0x000846d0                PluggableUSB_::getInterface(unsigned char*)
 .text._ZN13PluggableUSB_13getDescriptorER8USBSetup
                0x000846f8       0x1c C:\Users\Tony\AppData\Local\Temp\VMBuilds\Dumpdata_SDtoSerial\macchina_macchina_sam_m2\Debug/core.a(PluggableUSB.cpp.o)
                0x000846f8                PluggableUSB_::getDescriptor(USBSetup&)
 .text._ZN13PluggableUSB_12getShortNameEPc
                0x00084714       0x1c C:\Users\Tony\AppData\Local\Temp\VMBuilds\Dumpdata_SDtoSerial\macchina_macchina_sam_m2\Debug/core.a(PluggableUSB.cpp.o)
                0x00084714                PluggableUSB_::getShortName(char*)
 .text._ZN13PluggableUSB_5setupER8USBSetup
                0x00084730       0x20 C:\Users\Tony\AppData\Local\Temp\VMBuilds\Dumpdata_SDtoSerial\macchina_macchina_sam_m2\Debug/core.a(PluggableUSB.cpp.o)
                0x00084730                PluggableUSB_::setup(USBSetup&)
 .text._Z12PluggableUSBv
                0x00084750       0x28 C:\Users\Tony\AppData\Local\Temp\VMBuilds\Dumpdata_SDtoSerial\macchina_macchina_sam_m2\Debug/core.a(PluggableUSB.cpp.o)
                0x00084750                PluggableUSB()
 .text.TimeTick_Increment
                0x00084778       0x10 C:\Users\Tony\AppData\Local\arduino15\packages\macchina\hardware\sam\0.1.0\variants\m2/libsam_sam3x8e_gcc_rel.a(timetick.o)
                0x00084778                TimeTick_Increment
 .text.GetTickCount
                0x00084788        0xc C:\Users\Tony\AppData\Local\arduino15\packages\macchina\hardware\sam\0.1.0\variants\m2/libsam_sam3x8e_gcc_rel.a(timetick.o)
                0x00084788                GetTickCount
 .text.WDT_Disable
                0x00084794        0x8 C:\Users\Tony\AppData\Local\arduino15\packages\macchina\hardware\sam\0.1.0\variants\m2/libsam_sam3x8e_gcc_rel.a(wdt.o)
                0x00084794                WDT_Disable
 .text.UDD_SetStack
                0x0008479c        0xc C:\Users\Tony\AppData\Local\arduino15\packages\macchina\hardware\sam\0.1.0\variants\m2/libsam_sam3x8e_gcc_rel.a(uotghs_device.o)
                0x0008479c                UDD_SetStack
 .text.UDD_Init
                0x000847a8       0xd0 C:\Users\Tony\AppData\Local\arduino15\packages\macchina\hardware\sam\0.1.0\variants\m2/libsam_sam3x8e_gcc_rel.a(uotghs_device.o)
                0x000847a8                UDD_Init
 .text.UDD_Attach
                0x00084878       0x50 C:\Users\Tony\AppData\Local\arduino15\packages\macchina\hardware\sam\0.1.0\variants\m2/libsam_sam3x8e_gcc_rel.a(uotghs_device.o)
                0x00084878                UDD_Attach
 .text.UDD_InitEP
                0x000848c8       0x2c C:\Users\Tony\AppData\Local\arduino15\packages\macchina\hardware\sam\0.1.0\variants\m2/libsam_sam3x8e_gcc_rel.a(uotghs_device.o)
                0x000848c8                UDD_InitEP
 .text.UDD_InitEndpoints
                0x000848f4       0x3c C:\Users\Tony\AppData\Local\arduino15\packages\macchina\hardware\sam\0.1.0\variants\m2/libsam_sam3x8e_gcc_rel.a(uotghs_device.o)
                0x000848f4                UDD_InitEndpoints
 .text.UDD_WaitIN
                0x00084930       0x10 C:\Users\Tony\AppData\Local\arduino15\packages\macchina\hardware\sam\0.1.0\variants\m2/libsam_sam3x8e_gcc_rel.a(uotghs_device.o)
                0x00084930                UDD_WaitIN
 .text.UDD_WaitOUT
                0x00084940       0x10 C:\Users\Tony\AppData\Local\arduino15\packages\macchina\hardware\sam\0.1.0\variants\m2/libsam_sam3x8e_gcc_rel.a(uotghs_device.o)
                0x00084940                UDD_WaitOUT
 .text.UDD_ClearIN
                0x00084950       0x18 C:\Users\Tony\AppData\Local\arduino15\packages\macchina\hardware\sam\0.1.0\variants\m2/libsam_sam3x8e_gcc_rel.a(uotghs_device.o)
                0x00084950                UDD_ClearIN
 .text.UDD_ClearOUT
                0x00084968       0x18 C:\Users\Tony\AppData\Local\arduino15\packages\macchina\hardware\sam\0.1.0\variants\m2/libsam_sam3x8e_gcc_rel.a(uotghs_device.o)
                0x00084968                UDD_ClearOUT
 .text.UDD_ReceivedSetupInt
                0x00084980       0x10 C:\Users\Tony\AppData\Local\arduino15\packages\macchina\hardware\sam\0.1.0\variants\m2/libsam_sam3x8e_gcc_rel.a(uotghs_device.o)
                0x00084980                UDD_ReceivedSetupInt
 .text.UDD_ClearSetupInt
                0x00084990       0x10 C:\Users\Tony\AppData\Local\arduino15\packages\macchina\hardware\sam\0.1.0\variants\m2/libsam_sam3x8e_gcc_rel.a(uotghs_device.o)
                0x00084990                UDD_ClearSetupInt
 .text.UDD_Send
                0x000849a0       0x88 C:\Users\Tony\AppData\Local\arduino15\packages\macchina\hardware\sam\0.1.0\variants\m2/libsam_sam3x8e_gcc_rel.a(uotghs_device.o)
                0x000849a0                UDD_Send
 .text.UDD_Send8
                0x00084a28       0x24 C:\Users\Tony\AppData\Local\arduino15\packages\macchina\hardware\sam\0.1.0\variants\m2/libsam_sam3x8e_gcc_rel.a(uotghs_device.o)
                0x00084a28                UDD_Send8
 .text.UDD_Recv8
                0x00084a4c       0x28 C:\Users\Tony\AppData\Local\arduino15\packages\macchina\hardware\sam\0.1.0\variants\m2/libsam_sam3x8e_gcc_rel.a(uotghs_device.o)
                0x00084a4c                UDD_Recv8
 .text.UDD_Recv
                0x00084a74       0x34 C:\Users\Tony\AppData\Local\arduino15\packages\macchina\hardware\sam\0.1.0\variants\m2/libsam_sam3x8e_gcc_rel.a(uotghs_device.o)
                0x00084a74                UDD_Recv
 .text.UDD_Stall
                0x00084aa8       0x14 C:\Users\Tony\AppData\Local\arduino15\packages\macchina\hardware\sam\0.1.0\variants\m2/libsam_sam3x8e_gcc_rel.a(uotghs_device.o)
                0x00084aa8                UDD_Stall
 .text.UDD_FifoByteCount
                0x00084abc       0x14 C:\Users\Tony\AppData\Local\arduino15\packages\macchina\hardware\sam\0.1.0\variants\m2/libsam_sam3x8e_gcc_rel.a(uotghs_device.o)
                0x00084abc                UDD_FifoByteCount
 .text.UDD_ReleaseRX
                0x00084ad0       0x28 C:\Users\Tony\AppData\Local\arduino15\packages\macchina\hardware\sam\0.1.0\variants\m2/libsam_sam3x8e_gcc_rel.a(uotghs_device.o)
                0x00084ad0                UDD_ReleaseRX
 .text.UDD_ReleaseTX
                0x00084af8       0x28 C:\Users\Tony\AppData\Local\arduino15\packages\macchina\hardware\sam\0.1.0\variants\m2/libsam_sam3x8e_gcc_rel.a(uotghs_device.o)
                0x00084af8                UDD_ReleaseTX
 .text.UDD_SetAddress
                0x00084b20       0x20 C:\Users\Tony\AppData\Local\arduino15\packages\macchina\hardware\sam\0.1.0\variants\m2/libsam_sam3x8e_gcc_rel.a(uotghs_device.o)
                0x00084b20                UDD_SetAddress
 .text.__libc_init_array
                0x00084b40       0x50 c:/users/tony/appdata/local/arduino15/packages/arduino/tools/arm-none-eabi-gcc/4.8.3-2014q1/bin/../lib/gcc/arm-none-eabi/4.8.3/../../../../arm-none-eabi/lib/armv7-m\libg.a(lib_a-init.o)
                0x00084b40                __libc_init_array
 .text.iprintf  0x00084b90       0x28 c:/users/tony/appdata/local/arduino15/packages/arduino/tools/arm-none-eabi-gcc/4.8.3-2014q1/bin/../lib/gcc/arm-none-eabi/4.8.3/../../../../arm-none-eabi/lib/armv7-m\libg.a(lib_a-iprintf.o)
                0x00084b90                iprintf
 .text.malloc   0x00084bb8       0x10 c:/users/tony/appdata/local/arduino15/packages/arduino/tools/arm-none-eabi-gcc/4.8.3-2014q1/bin/../lib/gcc/arm-none-eabi/4.8.3/../../../../arm-none-eabi/lib/armv7-m\libg.a(lib_a-malloc.o)
                0x00084bb8                malloc
 .text._malloc_r
                0x00084bc8      0x538 c:/users/tony/appdata/local/arduino15/packages/arduino/tools/arm-none-eabi-gcc/4.8.3-2014q1/bin/../lib/gcc/arm-none-eabi/4.8.3/../../../../arm-none-eabi/lib/armv7-m\libg.a(lib_a-mallocr.o)
                0x00084bc8                _malloc_r
 .text.memset   0x00085100       0x94 c:/users/tony/appdata/local/arduino15/packages/arduino/tools/arm-none-eabi-gcc/4.8.3-2014q1/bin/../lib/gcc/arm-none-eabi/4.8.3/../../../../arm-none-eabi/lib/armv7-m\libg.a(lib_a-memset.o)
                0x00085100                memset
 .text.__malloc_lock
                0x00085194        0x4 c:/users/tony/appdata/local/arduino15/packages/arduino/tools/arm-none-eabi-gcc/4.8.3-2014q1/bin/../lib/gcc/arm-none-eabi/4.8.3/../../../../arm-none-eabi/lib/armv7-m\libg.a(lib_a-mlock.o)
                0x00085194                __malloc_lock
 .text.__malloc_unlock
                0x00085198        0x4 c:/users/tony/appdata/local/arduino15/packages/arduino/tools/arm-none-eabi-gcc/4.8.3-2014q1/bin/../lib/gcc/arm-none-eabi/4.8.3/../../../../arm-none-eabi/lib/armv7-m\libg.a(lib_a-mlock.o)
                0x00085198                __malloc_unlock
 .text._sbrk_r  0x0008519c       0x24 c:/users/tony/appdata/local/arduino15/packages/arduino/tools/arm-none-eabi-gcc/4.8.3-2014q1/bin/../lib/gcc/arm-none-eabi/4.8.3/../../../../arm-none-eabi/lib/armv7-m\libg.a(lib_a-sbrkr.o)
                0x0008519c                _sbrk_r
 .text.strlen   0x000851c0       0x60 c:/users/tony/appdata/local/arduino15/packages/arduino/tools/arm-none-eabi-gcc/4.8.3-2014q1/bin/../lib/gcc/arm-none-eabi/4.8.3/../../../../arm-none-eabi/lib/armv7-m\libg.a(lib_a-strlen.o)
                0x000851c0                strlen
 .text.kill     0x00085220       0x10 c:/users/tony/appdata/local/arduino15/packages/arduino/tools/arm-none-eabi-gcc/4.8.3-2014q1/bin/../lib/gcc/arm-none-eabi/4.8.3/../../../../arm-none-eabi/lib/armv7-m\libg.a(lib_a-syskill.o)
                0x00085220                kill
 .text.__sprint_r.part.0
                0x00085230       0x78 c:/users/tony/appdata/local/arduino15/packages/arduino/tools/arm-none-eabi-gcc/4.8.3-2014q1/bin/../lib/gcc/arm-none-eabi/4.8.3/../../../../arm-none-eabi/lib/armv7-m\libg.a(lib_a-vfiprintf.o)
 .text._vfiprintf_r
                0x000852a8      0xc54 c:/users/tony/appdata/local/arduino15/packages/arduino/tools/arm-none-eabi-gcc/4.8.3-2014q1/bin/../lib/gcc/arm-none-eabi/4.8.3/../../../../arm-none-eabi/lib/armv7-m\libg.a(lib_a-vfiprintf.o)
                0x000852a8                _vfiprintf_r
 .text.__sbprintf
                0x00085efc       0x7c c:/users/tony/appdata/local/arduino15/packages/arduino/tools/arm-none-eabi-gcc/4.8.3-2014q1/bin/../lib/gcc/arm-none-eabi/4.8.3/../../../../arm-none-eabi/lib/armv7-m\libg.a(lib_a-vfiprintf.o)
 .text.__swsetup_r
                0x00085f78       0xc4 c:/users/tony/appdata/local/arduino15/packages/arduino/tools/arm-none-eabi-gcc/4.8.3-2014q1/bin/../lib/gcc/arm-none-eabi/4.8.3/../../../../arm-none-eabi/lib/armv7-m\libg.a(lib_a-wsetup.o)
                0x00085f78                __swsetup_r
 .text.startup.register_fini
                0x0008603c       0x14 c:/users/tony/appdata/local/arduino15/packages/arduino/tools/arm-none-eabi-gcc/4.8.3-2014q1/bin/../lib/gcc/arm-none-eabi/4.8.3/../../../../arm-none-eabi/lib/armv7-m\libg.a(lib_a-__call_atexit.o)
 .text.atexit   0x00086050        0xc c:/users/tony/appdata/local/arduino15/packages/arduino/tools/arm-none-eabi-gcc/4.8.3-2014q1/bin/../lib/gcc/arm-none-eabi/4.8.3/../../../../arm-none-eabi/lib/armv7-m\libg.a(lib_a-atexit.o)
                0x00086050                atexit
 .text.__sflush_r
                0x0008605c      0x148 c:/users/tony/appdata/local/arduino15/packages/arduino/tools/arm-none-eabi-gcc/4.8.3-2014q1/bin/../lib/gcc/arm-none-eabi/4.8.3/../../../../arm-none-eabi/lib/armv7-m\libg.a(lib_a-fflush.o)
                0x0008605c                __sflush_r
 .text._fflush_r
                0x000861a4       0x2c c:/users/tony/appdata/local/arduino15/packages/arduino/tools/arm-none-eabi-gcc/4.8.3-2014q1/bin/../lib/gcc/arm-none-eabi/4.8.3/../../../../arm-none-eabi/lib/armv7-m\libg.a(lib_a-fflush.o)
                0x000861a4                _fflush_r
 .text._cleanup_r
                0x000861d0        0xc c:/users/tony/appdata/local/arduino15/packages/arduino/tools/arm-none-eabi-gcc/4.8.3-2014q1/bin/../lib/gcc/arm-none-eabi/4.8.3/../../../../arm-none-eabi/lib/armv7-m\libg.a(lib_a-findfp.o)
                0x000861d0                _cleanup_r
 .text.__sinit  0x000861dc       0xf4 c:/users/tony/appdata/local/arduino15/packages/arduino/tools/arm-none-eabi-gcc/4.8.3-2014q1/bin/../lib/gcc/arm-none-eabi/4.8.3/../../../../arm-none-eabi/lib/armv7-m\libg.a(lib_a-findfp.o)
                0x000861dc                __sinit
 .text.__sfp_lock_acquire
                0x000862d0        0x4 c:/users/tony/appdata/local/arduino15/packages/arduino/tools/arm-none-eabi-gcc/4.8.3-2014q1/bin/../lib/gcc/arm-none-eabi/4.8.3/../../../../arm-none-eabi/lib/armv7-m\libg.a(lib_a-findfp.o)
                0x000862d0                __sfp_lock_acquire
 .text.__sfp_lock_release
                0x000862d4        0x4 c:/users/tony/appdata/local/arduino15/packages/arduino/tools/arm-none-eabi-gcc/4.8.3-2014q1/bin/../lib/gcc/arm-none-eabi/4.8.3/../../../../arm-none-eabi/lib/armv7-m\libg.a(lib_a-findfp.o)
                0x000862d4                __sfp_lock_release
 .text.__libc_fini_array
                0x000862d8       0x30 c:/users/tony/appdata/local/arduino15/packages/arduino/tools/arm-none-eabi-gcc/4.8.3-2014q1/bin/../lib/gcc/arm-none-eabi/4.8.3/../../../../arm-none-eabi/lib/armv7-m\libg.a(lib_a-fini.o)
                0x000862d8                __libc_fini_array
 .text._fputwc_r
                0x00086308       0xc0 c:/users/tony/appdata/local/arduino15/packages/arduino/tools/arm-none-eabi-gcc/4.8.3-2014q1/bin/../lib/gcc/arm-none-eabi/4.8.3/../../../../arm-none-eabi/lib/armv7-m\libg.a(lib_a-fputwc.o)
                0x00086308                _fputwc_r
 .text._malloc_trim_r
                0x000863c8       0x9c c:/users/tony/appdata/local/arduino15/packages/arduino/tools/arm-none-eabi-gcc/4.8.3-2014q1/bin/../lib/gcc/arm-none-eabi/4.8.3/../../../../arm-none-eabi/lib/armv7-m\libg.a(lib_a-freer.o)
                0x000863c8                _malloc_trim_r
 .text._free_r  0x00086464      0x198 c:/users/tony/appdata/local/arduino15/packages/arduino/tools/arm-none-eabi-gcc/4.8.3-2014q1/bin/../lib/gcc/arm-none-eabi/4.8.3/../../../../arm-none-eabi/lib/armv7-m\libg.a(lib_a-freer.o)
                0x00086464                _free_r
 .text.__sfvwrite_r
                0x000865fc      0x314 c:/users/tony/appdata/local/arduino15/packages/arduino/tools/arm-none-eabi-gcc/4.8.3-2014q1/bin/../lib/gcc/arm-none-eabi/4.8.3/../../../../arm-none-eabi/lib/armv7-m\libg.a(lib_a-fvwrite.o)
                0x000865fc                __sfvwrite_r
 .text._fwalk   0x00086910       0x48 c:/users/tony/appdata/local/arduino15/packages/arduino/tools/arm-none-eabi-gcc/4.8.3-2014q1/bin/../lib/gcc/arm-none-eabi/4.8.3/../../../../arm-none-eabi/lib/armv7-m\libg.a(lib_a-fwalk.o)
                0x00086910                _fwalk
 .text.__locale_charset
                0x00086958        0x8 c:/users/tony/appdata/local/arduino15/packages/arduino/tools/arm-none-eabi-gcc/4.8.3-2014q1/bin/../lib/gcc/arm-none-eabi/4.8.3/../../../../arm-none-eabi/lib/armv7-m\libg.a(lib_a-locale.o)
                0x00086958                __locale_charset
 .text.__locale_mb_cur_max
                0x00086960        0xc c:/users/tony/appdata/local/arduino15/packages/arduino/tools/arm-none-eabi-gcc/4.8.3-2014q1/bin/../lib/gcc/arm-none-eabi/4.8.3/../../../../arm-none-eabi/lib/armv7-m\libg.a(lib_a-locale.o)
                0x00086960                __locale_mb_cur_max
 .text.__smakebuf_r
                0x0008696c       0xe0 c:/users/tony/appdata/local/arduino15/packages/arduino/tools/arm-none-eabi-gcc/4.8.3-2014q1/bin/../lib/gcc/arm-none-eabi/4.8.3/../../../../arm-none-eabi/lib/armv7-m\libg.a(lib_a-makebuf.o)
                0x0008696c                __smakebuf_r
 .text.memchr   0x00086a4c       0x94 c:/users/tony/appdata/local/arduino15/packages/arduino/tools/arm-none-eabi-gcc/4.8.3-2014q1/bin/../lib/gcc/arm-none-eabi/4.8.3/../../../../arm-none-eabi/lib/armv7-m\libg.a(lib_a-memchr-stub.o)
                0x00086a4c                memchr
 .text          0x00086ae0       0xec c:/users/tony/appdata/local/arduino15/packages/arduino/tools/arm-none-eabi-gcc/4.8.3-2014q1/bin/../lib/gcc/arm-none-eabi/4.8.3/../../../../arm-none-eabi/lib/armv7-m\libg.a(lib_a-memcpy.o)
                0x00086ae0                memcpy
 .text.memmove  0x00086bcc       0xcc c:/users/tony/appdata/local/arduino15/packages/arduino/tools/arm-none-eabi-gcc/4.8.3-2014q1/bin/../lib/gcc/arm-none-eabi/4.8.3/../../../../arm-none-eabi/lib/armv7-m\libg.a(lib_a-memmove.o)
                0x00086bcc                memmove
 .text._realloc_r
                0x00086c98      0x3c0 c:/users/tony/appdata/local/arduino15/packages/arduino/tools/arm-none-eabi-gcc/4.8.3-2014q1/bin/../lib/gcc/arm-none-eabi/4.8.3/../../../../arm-none-eabi/lib/armv7-m\libg.a(lib_a-reallocr.o)
                0x00086c98                _realloc_r
 .text._kill_r  0x00087058       0x28 c:/users/tony/appdata/local/arduino15/packages/arduino/tools/arm-none-eabi-gcc/4.8.3-2014q1/bin/../lib/gcc/arm-none-eabi/4.8.3/../../../../arm-none-eabi/lib/armv7-m\libg.a(lib_a-signalr.o)
                0x00087058                _kill_r
 .text.__sread  0x00087080       0x24 c:/users/tony/appdata/local/arduino15/packages/arduino/tools/arm-none-eabi-gcc/4.8.3-2014q1/bin/../lib/gcc/arm-none-eabi/4.8.3/../../../../arm-none-eabi/lib/armv7-m\libg.a(lib_a-stdio.o)
                0x00087080                __sread
 .text.__swrite
                0x000870a4       0x38 c:/users/tony/appdata/local/arduino15/packages/arduino/tools/arm-none-eabi-gcc/4.8.3-2014q1/bin/../lib/gcc/arm-none-eabi/4.8.3/../../../../arm-none-eabi/lib/armv7-m\libg.a(lib_a-stdio.o)
                0x000870a4                __swrite
 .text.__sseek  0x000870dc       0x20 c:/users/tony/appdata/local/arduino15/packages/arduino/tools/arm-none-eabi-gcc/4.8.3-2014q1/bin/../lib/gcc/arm-none-eabi/4.8.3/../../../../arm-none-eabi/lib/armv7-m\libg.a(lib_a-stdio.o)
                0x000870dc                __sseek
 .text.__sclose
                0x000870fc        0x8 c:/users/tony/appdata/local/arduino15/packages/arduino/tools/arm-none-eabi-gcc/4.8.3-2014q1/bin/../lib/gcc/arm-none-eabi/4.8.3/../../../../arm-none-eabi/lib/armv7-m\libg.a(lib_a-stdio.o)
                0x000870fc                __sclose
 .text.__swbuf_r
                0x00087104       0xa8 c:/users/tony/appdata/local/arduino15/packages/arduino/tools/arm-none-eabi-gcc/4.8.3-2014q1/bin/../lib/gcc/arm-none-eabi/4.8.3/../../../../arm-none-eabi/lib/armv7-m\libg.a(lib_a-wbuf.o)
                0x00087104                __swbuf_r
 .text._wcrtomb_r
                0x000871ac       0x50 c:/users/tony/appdata/local/arduino15/packages/arduino/tools/arm-none-eabi-gcc/4.8.3-2014q1/bin/../lib/gcc/arm-none-eabi/4.8.3/../../../../arm-none-eabi/lib/armv7-m\libg.a(lib_a-wcrtomb.o)
                0x000871ac                _wcrtomb_r
 .text.__ascii_wctomb
                0x000871fc       0x1c c:/users/tony/appdata/local/arduino15/packages/arduino/tools/arm-none-eabi-gcc/4.8.3-2014q1/bin/../lib/gcc/arm-none-eabi/4.8.3/../../../../arm-none-eabi/lib/armv7-m\libg.a(lib_a-wctomb_r.o)
                0x000871fc                __ascii_wctomb
 .text._write_r
                0x00087218       0x28 c:/users/tony/appdata/local/arduino15/packages/arduino/tools/arm-none-eabi-gcc/4.8.3-2014q1/bin/../lib/gcc/arm-none-eabi/4.8.3/../../../../arm-none-eabi/lib/armv7-m\libg.a(lib_a-writer.o)
                0x00087218                _write_r
 .text.__register_exitproc
                0x00087240       0xa8 c:/users/tony/appdata/local/arduino15/packages/arduino/tools/arm-none-eabi-gcc/4.8.3-2014q1/bin/../lib/gcc/arm-none-eabi/4.8.3/../../../../arm-none-eabi/lib/armv7-m\libg.a(lib_a-__atexit.o)
                0x00087240                __register_exitproc
 .text._close_r
                0x000872e8       0x24 c:/users/tony/appdata/local/arduino15/packages/arduino/tools/arm-none-eabi-gcc/4.8.3-2014q1/bin/../lib/gcc/arm-none-eabi/4.8.3/../../../../arm-none-eabi/lib/armv7-m\libg.a(lib_a-closer.o)
                0x000872e8                _close_r
 .text._fclose_r
                0x0008730c       0x80 c:/users/tony/appdata/local/arduino15/packages/arduino/tools/arm-none-eabi-gcc/4.8.3-2014q1/bin/../lib/gcc/arm-none-eabi/4.8.3/../../../../arm-none-eabi/lib/armv7-m\libg.a(lib_a-fclose.o)
                0x0008730c                _fclose_r
 .text.fclose   0x0008738c       0x10 c:/users/tony/appdata/local/arduino15/packages/arduino/tools/arm-none-eabi-gcc/4.8.3-2014q1/bin/../lib/gcc/arm-none-eabi/4.8.3/../../../../arm-none-eabi/lib/armv7-m\libg.a(lib_a-fclose.o)
                0x0008738c                fclose
 .text._fstat_r
                0x0008739c       0x28 c:/users/tony/appdata/local/arduino15/packages/arduino/tools/arm-none-eabi-gcc/4.8.3-2014q1/bin/../lib/gcc/arm-none-eabi/4.8.3/../../../../arm-none-eabi/lib/armv7-m\libg.a(lib_a-fstatr.o)
                0x0008739c                _fstat_r
 .text._isatty_r
                0x000873c4       0x24 c:/users/tony/appdata/local/arduino15/packages/arduino/tools/arm-none-eabi-gcc/4.8.3-2014q1/bin/../lib/gcc/arm-none-eabi/4.8.3/../../../../arm-none-eabi/lib/armv7-m\libg.a(lib_a-isattyr.o)
                0x000873c4                _isatty_r
 .text._lseek_r
                0x000873e8       0x28 c:/users/tony/appdata/local/arduino15/packages/arduino/tools/arm-none-eabi-gcc/4.8.3-2014q1/bin/../lib/gcc/arm-none-eabi/4.8.3/../../../../arm-none-eabi/lib/armv7-m\libg.a(lib_a-lseekr.o)
                0x000873e8                _lseek_r
 .text._read_r  0x00087410       0x28 c:/users/tony/appdata/local/arduino15/packages/arduino/tools/arm-none-eabi-gcc/4.8.3-2014q1/bin/../lib/gcc/arm-none-eabi/4.8.3/../../../../arm-none-eabi/lib/armv7-m\libg.a(lib_a-readr.o)
                0x00087410                _read_r
 .text          0x00087438       0x2c c:/users/tony/appdata/local/arduino15/packages/arduino/tools/arm-none-eabi-gcc/4.8.3-2014q1/bin/../lib/gcc/arm-none-eabi/4.8.3/armv7-m\libgcc.a(_aeabi_uldivmod.o)
                0x00087438                __aeabi_uldivmod
 .text          0x00087464       0x60 c:/users/tony/appdata/local/arduino15/packages/arduino/tools/arm-none-eabi-gcc/4.8.3-2014q1/bin/../lib/gcc/arm-none-eabi/4.8.3/armv7-m\libgcc.a(bpabi.o)
                0x00087464                __gnu_ldivmod_helper
                0x00087494                __gnu_uldivmod_helper
 .text          0x000874c4        0x4 c:/users/tony/appdata/local/arduino15/packages/arduino/tools/arm-none-eabi-gcc/4.8.3-2014q1/bin/../lib/gcc/arm-none-eabi/4.8.3/armv7-m\libgcc.a(_dvmd_tls.o)
                0x000874c4                __aeabi_idiv0
                0x000874c4                __aeabi_ldiv0
 .text          0x000874c8      0x2a0 c:/users/tony/appdata/local/arduino15/packages/arduino/tools/arm-none-eabi-gcc/4.8.3-2014q1/bin/../lib/gcc/arm-none-eabi/4.8.3/armv7-m\libgcc.a(_divdi3.o)
                0x000874c8                __divdi3
 .text          0x00087768      0x290 c:/users/tony/appdata/local/arduino15/packages/arduino/tools/arm-none-eabi-gcc/4.8.3-2014q1/bin/../lib/gcc/arm-none-eabi/4.8.3/armv7-m\libgcc.a(_udivdi3.o)
                0x00087768                __udivdi3
 *(.glue_7t)
 .glue_7t       0x00000000        0x0 linker stubs
 *(.glue_7)
 .glue_7        0x00000000        0x0 linker stubs
 *(.rodata .rodata* .gnu.linkonce.r.*)
 .rodata.str1.1
                0x000879f8       0x22 C:\Users\Tony\AppData\Local\Temp\VMBuilds\Dumpdata_SDtoSerial\macchina_macchina_sam_m2\Debug\Dumpdata_SDtoSerial.cpp.o
 .rodata.str1.1
                0x00087a1a      0x49a C:\Users\Tony\AppData\Local\Temp\VMBuilds\Dumpdata_SDtoSerial\macchina_macchina_sam_m2\Debug\M2_Due_SD_HSCMI\M2_Due_SD_HSCMI.cpp.o
                                0x4bd (size before relaxing)
 .rodata.tbl_lower.4253
                0x00087eb4      0x1e0 C:\Users\Tony\AppData\Local\Temp\VMBuilds\Dumpdata_SDtoSerial\macchina_macchina_sam_m2\Debug\SD_HSMCI\utility\ccsbcs.c.o
 .rodata.Tbl    0x00088094      0x100 C:\Users\Tony\AppData\Local\Temp\VMBuilds\Dumpdata_SDtoSerial\macchina_macchina_sam_m2\Debug\SD_HSMCI\utility\ccsbcs.c.o
 .rodata.tbl_upper.4254
                0x00088194      0x1e0 C:\Users\Tony\AppData\Local\Temp\VMBuilds\Dumpdata_SDtoSerial\macchina_macchina_sam_m2\Debug\SD_HSMCI\utility\ccsbcs.c.o
 .rodata.excvt.4503
                0x00088374       0x80 C:\Users\Tony\AppData\Local\Temp\VMBuilds\Dumpdata_SDtoSerial\macchina_macchina_sam_m2\Debug\SD_HSMCI\utility\ff.c.o
 .rodata.str1.1
                0x000883f4       0x44 C:\Users\Tony\AppData\Local\Temp\VMBuilds\Dumpdata_SDtoSerial\macchina_macchina_sam_m2\Debug\SD_HSMCI\utility\ff.c.o
 .rodata.LfnOfs
                0x00088438        0xd C:\Users\Tony\AppData\Local\Temp\VMBuilds\Dumpdata_SDtoSerial\macchina_macchina_sam_m2\Debug\SD_HSMCI\utility\ff.c.o
 .rodata.str1.1
                0x00088445        0xe C:\Users\Tony\AppData\Local\Temp\VMBuilds\Dumpdata_SDtoSerial\macchina_macchina_sam_m2\Debug\SD_HSMCI\utility\hsmci.c.o
 .rodata.__func__.10085
                0x00088453       0x10 C:\Users\Tony\AppData\Local\Temp\VMBuilds\Dumpdata_SDtoSerial\macchina_macchina_sam_m2\Debug\SD_HSMCI\utility\hsmci.c.o
 *fill*         0x00088463        0x1 
 .rodata.sd_trans_multipliers
                0x00088464       0x40 C:\Users\Tony\AppData\Local\Temp\VMBuilds\Dumpdata_SDtoSerial\macchina_macchina_sam_m2\Debug\SD_HSMCI\utility\sd_mmc.c.o
                0x00088464                sd_trans_multipliers
 .rodata.sd_mmc_trans_units
                0x000884a4       0x1c C:\Users\Tony\AppData\Local\Temp\VMBuilds\Dumpdata_SDtoSerial\macchina_macchina_sam_m2\Debug\SD_HSMCI\utility\sd_mmc.c.o
                0x000884a4                sd_mmc_trans_units
 .rodata.mmc_trans_multipliers
                0x000884c0       0x40 C:\Users\Tony\AppData\Local\Temp\VMBuilds\Dumpdata_SDtoSerial\macchina_macchina_sam_m2\Debug\SD_HSMCI\utility\sd_mmc.c.o
                0x000884c0                mmc_trans_multipliers
 .rodata.g_APinDescription
                0x00088500      0xbec C:\Users\Tony\AppData\Local\Temp\VMBuilds\Dumpdata_SDtoSerial\macchina_macchina_sam_m2\Debug\variant\variant.cpp.o
                0x00088500                g_APinDescription
 .rodata        0x000890ec       0x40 C:\Users\Tony\AppData\Local\arduino15\packages\macchina\hardware\sam\0.1.0\variants\m2/libsam_sam3x8e_gcc_rel.a(adc.o)
 .rodata.str1.1
                0x0008912c       0x19 C:\Users\Tony\AppData\Local\Temp\VMBuilds\Dumpdata_SDtoSerial\macchina_macchina_sam_m2\Debug/core.a(syscalls_sam3.c.o)
 *fill*         0x00089145        0x3 
 .rodata._ZTV9UARTClass
                0x00089148       0x30 C:\Users\Tony\AppData\Local\Temp\VMBuilds\Dumpdata_SDtoSerial\macchina_macchina_sam_m2\Debug/core.a(UARTClass.cpp.o)
                0x00089148                vtable for UARTClass
 .rodata._ZTV10USARTClass
                0x00089178       0x30 C:\Users\Tony\AppData\Local\Temp\VMBuilds\Dumpdata_SDtoSerial\macchina_macchina_sam_m2\Debug/core.a(USARTClass.cpp.o)
                0x00089178                vtable for USARTClass
 .rodata._ZTV7Serial_
                0x000891a8       0x28 C:\Users\Tony\AppData\Local\Temp\VMBuilds\Dumpdata_SDtoSerial\macchina_macchina_sam_m2\Debug/core.a(CDC.cpp.o)
                0x000891a8                vtable for Serial_
 .rodata._ZL18_cdcOtherInterface
                0x000891d0       0x42 C:\Users\Tony\AppData\Local\Temp\VMBuilds\Dumpdata_SDtoSerial\macchina_macchina_sam_m2\Debug/core.a(CDC.cpp.o)
 .rodata._ZL13_cdcInterface
                0x00089212       0x42 C:\Users\Tony\AppData\Local\Temp\VMBuilds\Dumpdata_SDtoSerial\macchina_macchina_sam_m2\Debug/core.a(CDC.cpp.o)
 .rodata.STRING_PRODUCT
                0x00089254        0xc C:\Users\Tony\AppData\Local\Temp\VMBuilds\Dumpdata_SDtoSerial\macchina_macchina_sam_m2\Debug/core.a(USBCore.cpp.o)
                0x00089254                STRING_PRODUCT
 .rodata.USB_DeviceDescriptor
                0x00089260       0x12 C:\Users\Tony\AppData\Local\Temp\VMBuilds\Dumpdata_SDtoSerial\macchina_macchina_sam_m2\Debug/core.a(USBCore.cpp.o)
                0x00089260                USB_DeviceDescriptor
 .rodata.STRING_LANGUAGE
                0x00089272        0x4 C:\Users\Tony\AppData\Local\Temp\VMBuilds\Dumpdata_SDtoSerial\macchina_macchina_sam_m2\Debug/core.a(USBCore.cpp.o)
                0x00089272                STRING_LANGUAGE
 .rodata._ZL18test_packet_buffer
                0x00089276       0x35 C:\Users\Tony\AppData\Local\Temp\VMBuilds\Dumpdata_SDtoSerial\macchina_macchina_sam_m2\Debug/core.a(USBCore.cpp.o)
 .rodata.STRING_MANUFACTURER
                0x000892ab        0xc C:\Users\Tony\AppData\Local\Temp\VMBuilds\Dumpdata_SDtoSerial\macchina_macchina_sam_m2\Debug/core.a(USBCore.cpp.o)
                0x000892ab                STRING_MANUFACTURER
 .rodata.USB_DeviceDescriptorA
                0x000892b7       0x12 C:\Users\Tony\AppData\Local\Temp\VMBuilds\Dumpdata_SDtoSerial\macchina_macchina_sam_m2\Debug/core.a(USBCore.cpp.o)
                0x000892b7                USB_DeviceDescriptorA
 .rodata._ZL19USB_DeviceQualifier
                0x000892c9        0x9 C:\Users\Tony\AppData\Local\Temp\VMBuilds\Dumpdata_SDtoSerial\macchina_macchina_sam_m2\Debug/core.a(USBCore.cpp.o)
 *fill*         0x000892d2        0x2 
 .rodata.str1.4
                0x000892d4        0x2 c:/users/tony/appdata/local/arduino15/packages/arduino/tools/arm-none-eabi-gcc/4.8.3-2014q1/bin/../lib/gcc/arm-none-eabi/4.8.3/../../../../arm-none-eabi/lib/armv7-m\libg.a(lib_a-impure.o)
                                  0x4 (size before relaxing)
 *fill*         0x000892d6        0x2 
 .rodata._global_impure_ptr
                0x000892d8        0x4 c:/users/tony/appdata/local/arduino15/packages/arduino/tools/arm-none-eabi-gcc/4.8.3-2014q1/bin/../lib/gcc/arm-none-eabi/4.8.3/../../../../arm-none-eabi/lib/armv7-m\libg.a(lib_a-impure.o)
                0x000892d8                _global_impure_ptr
 .rodata.blanks.6717
                0x000892dc       0x10 c:/users/tony/appdata/local/arduino15/packages/arduino/tools/arm-none-eabi-gcc/4.8.3-2014q1/bin/../lib/gcc/arm-none-eabi/4.8.3/../../../../arm-none-eabi/lib/armv7-m\libg.a(lib_a-vfiprintf.o)
 .rodata.str1.4
                0x000892ec       0x30 c:/users/tony/appdata/local/arduino15/packages/arduino/tools/arm-none-eabi-gcc/4.8.3-2014q1/bin/../lib/gcc/arm-none-eabi/4.8.3/../../../../arm-none-eabi/lib/armv7-m\libg.a(lib_a-vfiprintf.o)
 .rodata.zeroes.6718
                0x0008931c       0x10 c:/users/tony/appdata/local/arduino15/packages/arduino/tools/arm-none-eabi-gcc/4.8.3-2014q1/bin/../lib/gcc/arm-none-eabi/4.8.3/../../../../arm-none-eabi/lib/armv7-m\libg.a(lib_a-vfiprintf.o)
 *(.ARM.extab* .gnu.linkonce.armextab.*)
                0x0008932c                . = ALIGN (0x4)
 *(.init)
 .init          0x0008932c        0x4 c:/users/tony/appdata/local/arduino15/packages/arduino/tools/arm-none-eabi-gcc/4.8.3-2014q1/bin/../lib/gcc/arm-none-eabi/4.8.3/armv7-m/crti.o
                0x0008932c                _init
 .init          0x00089330        0x8 c:/users/tony/appdata/local/arduino15/packages/arduino/tools/arm-none-eabi-gcc/4.8.3-2014q1/bin/../lib/gcc/arm-none-eabi/4.8.3/armv7-m/crtn.o
                0x00089338                . = ALIGN (0x4)
                0x00089338                __preinit_array_start = .
 *(.preinit_array)
                0x00089338                __preinit_array_end = .
                0x00089338                . = ALIGN (0x4)
                0x00089338                __init_array_start = .
 *(SORT(.init_array.*))
 .init_array.00000