Archive member included because of file (symbol)

C:\Users\Tony\AppData\Local\arduino15\packages\macchina\hardware\sam\0.1.0\variants\m2/libsam_sam3x8e_gcc_rel.a(pio.o)
                              C:\Users\Tony\AppData\Local\Temp\VMBuilds\FileManipulation\macchina_macchina_sam_m2\Debug\M2_Due_SD_HSCMI\M2_Due_SD_HSCMI.cpp.o (PIO_Configure)
C:\Users\Tony\AppData\Local\arduino15\packages\macchina\hardware\sam\0.1.0\variants\m2/libsam_sam3x8e_gcc_rel.a(pmc.o)
                              C:\Users\Tony\AppData\Local\Temp\VMBuilds\FileManipulation\macchina_macchina_sam_m2\Debug\SD_HSMCI\utility\hsmci.c.o (pmc_enable_periph_clk)
C:\Users\Tony\AppData\Local\arduino15\packages\macchina\hardware\sam\0.1.0\variants\m2/libsam_sam3x8e_gcc_rel.a(system_sam3xa.o)
                              C:\Users\Tony\AppData\Local\Temp\VMBuilds\FileManipulation\macchina_macchina_sam_m2\Debug\variant\variant.cpp.o (SystemInit)
C:\Users\Tony\AppData\Local\arduino15\packages\macchina\hardware\sam\0.1.0\variants\m2/libsam_sam3x8e_gcc_rel.a(startup_sam3xa.o)
                              (Reset_Handler)
C:\Users\Tony\AppData\Local\arduino15\packages\macchina\hardware\sam\0.1.0\variants\m2/libsam_sam3x8e_gcc_rel.a(adc.o)
                              C:\Users\Tony\AppData\Local\Temp\VMBuilds\FileManipulation\macchina_macchina_sam_m2\Debug\variant\variant.cpp.o (adc_init)
C:\Users\Tony\AppData\Local\arduino15\packages\macchina\hardware\sam\0.1.0\variants\m2/libsam_sam3x8e_gcc_rel.a(uotghs.o)
                              C:\Users\Tony\AppData\Local\arduino15\packages\macchina\hardware\sam\0.1.0\variants\m2/libsam_sam3x8e_gcc_rel.a(startup_sam3xa.o) (UOTGHS_Handler)
C:\Users\Tony\AppData\Local\Temp\VMBuilds\FileManipulation\macchina_macchina_sam_m2\Debug/core.a(cortex_handlers.c.o)
                              C:\Users\Tony\AppData\Local\arduino15\packages\macchina\hardware\sam\0.1.0\variants\m2/libsam_sam3x8e_gcc_rel.a(startup_sam3xa.o) (NMI_Handler)
C:\Users\Tony\AppData\Local\Temp\VMBuilds\FileManipulation\macchina_macchina_sam_m2\Debug/core.a(hooks.c.o)
                              C:\Users\Tony\AppData\Local\Temp\VMBuilds\FileManipulation\macchina_macchina_sam_m2\Debug/core.a(cortex_handlers.c.o) (sysTickHook)
C:\Users\Tony\AppData\Local\Temp\VMBuilds\FileManipulation\macchina_macchina_sam_m2\Debug/core.a(syscalls_sam3.c.o)
                              (_sbrk)
C:\Users\Tony\AppData\Local\Temp\VMBuilds\FileManipulation\macchina_macchina_sam_m2\Debug/core.a(wiring.c.o)
                              C:\Users\Tony\AppData\Local\Temp\VMBuilds\FileManipulation\macchina_macchina_sam_m2\Debug\M2_Due_SD_HSCMI\M2_Due_SD_HSCMI.cpp.o (millis)
C:\Users\Tony\AppData\Local\Temp\VMBuilds\FileManipulation\macchina_macchina_sam_m2\Debug/core.a(wiring_analog.c.o)
                              C:\Users\Tony\AppData\Local\Temp\VMBuilds\FileManipulation\macchina_macchina_sam_m2\Debug\variant\variant.cpp.o (analogReadResolution)
C:\Users\Tony\AppData\Local\Temp\VMBuilds\FileManipulation\macchina_macchina_sam_m2\Debug/core.a(wiring_digital.c.o)
                              C:\Users\Tony\AppData\Local\Temp\VMBuilds\FileManipulation\macchina_macchina_sam_m2\Debug\M2_Due_SD_HSCMI\M2_Due_SD_HSCMI.cpp.o (pinMode)
C:\Users\Tony\AppData\Local\Temp\VMBuilds\FileManipulation\macchina_macchina_sam_m2\Debug/core.a(main.cpp.o)
                              c:/users/tony/appdata/local/arduino15/packages/arduino/tools/arm-none-eabi-gcc/4.8.3-2014q1/bin/../lib/gcc/arm-none-eabi/4.8.3/../../../../arm-none-eabi/lib/armv7-m/crt0.o (main)
C:\Users\Tony\AppData\Local\Temp\VMBuilds\FileManipulation\macchina_macchina_sam_m2\Debug/core.a(new.cpp.o)
                              C:\Users\Tony\AppData\Local\Temp\VMBuilds\FileManipulation\macchina_macchina_sam_m2\Debug\M2_Due_SD_HSCMI\M2_Due_SD_HSCMI.cpp.o (operator new(unsigned int))
C:\Users\Tony\AppData\Local\Temp\VMBuilds\FileManipulation\macchina_macchina_sam_m2\Debug/core.a(Print.cpp.o)
                              C:\Users\Tony\AppData\Local\Temp\VMBuilds\FileManipulation\macchina_macchina_sam_m2\Debug\M2_Due_SD_HSCMI\M2_Due_SD_HSCMI.cpp.o (Print::print(char const*))
C:\Users\Tony\AppData\Local\Temp\VMBuilds\FileManipulation\macchina_macchina_sam_m2\Debug/core.a(Reset.cpp.o)
                              C:\Users\Tony\AppData\Local\Temp\VMBuilds\FileManipulation\macchina_macchina_sam_m2\Debug/core.a(cortex_handlers.c.o) (tickReset)
C:\Users\Tony\AppData\Local\Temp\VMBuilds\FileManipulation\macchina_macchina_sam_m2\Debug/core.a(RingBuffer.cpp.o)
                              C:\Users\Tony\AppData\Local\Temp\VMBuilds\FileManipulation\macchina_macchina_sam_m2\Debug\variant\variant.cpp.o (RingBuffer::RingBuffer())
C:\Users\Tony\AppData\Local\Temp\VMBuilds\FileManipulation\macchina_macchina_sam_m2\Debug/core.a(UARTClass.cpp.o)
                              C:\Users\Tony\AppData\Local\Temp\VMBuilds\FileManipulation\macchina_macchina_sam_m2\Debug\variant\variant.cpp.o (UARTClass::available())
[...]
Memory Configuration

Name             Origin             Length             Attributes
rom              0x00080000         0x00080000         xr
sram0            0x20000000         0x00010000         xrw
sram1            0x20080000         0x00008000         xrw
ram              0x20070000         0x00018000         xrw
*default*        0x00000000         0xffffffff

Linker script and memory map

LOAD c:/users/tony/appdata/local/arduino15/packages/arduino/tools/arm-none-eabi-gcc/4.8.3-2014q1/bin/../lib/gcc/arm-none-eabi/4.8.3/armv7-m/crti.o
LOAD c:/users/tony/appdata/local/arduino15/packages/arduino/tools/arm-none-eabi-gcc/4.8.3-2014q1/bin/../lib/gcc/arm-none-eabi/4.8.3/armv7-m/crtbegin.o
LOAD c:/users/tony/appdata/local/arduino15/packages/arduino/tools/arm-none-eabi-gcc/4.8.3-2014q1/bin/../lib/gcc/arm-none-eabi/4.8.3/../../../../arm-none-eabi/lib/armv7-m/crt0.o
START GROUP
LOAD C:\Users\Tony\AppData\Local\Temp\VMBuilds\FileManipulation\macchina_macchina_sam_m2\Debug\FileManipulation.cpp.o
LOAD C:\Users\Tony\AppData\Local\Temp\VMBuilds\FileManipulation\macchina_macchina_sam_m2\Debug\M2_Due_SD_HSCMI\M2_Due_SD_HSCMI.cpp.o
LOAD C:\Users\Tony\AppData\Local\Temp\VMBuilds\FileManipulation\macchina_macchina_sam_m2\Debug\SD_HSMCI\utility\ccsbcs.c.o
LOAD C:\Users\Tony\AppData\Local\Temp\VMBuilds\FileManipulation\macchina_macchina_sam_m2\Debug\SD_HSMCI\utility\ctrl_access.c.o
LOAD C:\Users\Tony\AppData\Local\Temp\VMBuilds\FileManipulation\macchina_macchina_sam_m2\Debug\SD_HSMCI\utility\diskio.c.o
LOAD C:\Users\Tony\AppData\Local\Temp\VMBuilds\FileManipulation\macchina_macchina_sam_m2\Debug\SD_HSMCI\utility\dmac.c.o
LOAD C:\Users\Tony\AppData\Local\Temp\VMBuilds\FileManipulation\macchina_macchina_sam_m2\Debug\SD_HSMCI\utility\fattime_rtc.c.o
LOAD C:\Users\Tony\AppData\Local\Temp\VMBuilds\FileManipulation\macchina_macchina_sam_m2\Debug\SD_HSMCI\utility\ff.c.o
LOAD C:\Users\Tony\AppData\Local\Temp\VMBuilds\FileManipulation\macchina_macchina_sam_m2\Debug\SD_HSMCI\utility\hsmci.c.o
LOAD C:\Users\Tony\AppData\Local\Temp\VMBuilds\FileManipulation\macchina_macchina_sam_m2\Debug\SD_HSMCI\utility\rtc.c.o
LOAD C:\Users\Tony\AppData\Local\Temp\VMBuilds\FileManipulation\macchina_macchina_sam_m2\Debug\SD_HSMCI\utility\sd_mmc.c.o
LOAD C:\Users\Tony\AppData\Local\Temp\VMBuilds\FileManipulation\macchina_macchina_sam_m2\Debug\SD_HSMCI\utility\sd_mmc_mem.c.o
LOAD C:\Users\Tony\AppData\Local\Temp\VMBuilds\FileManipulation\macchina_macchina_sam_m2\Debug\variant\variant.cpp.o
LOAD C:\Users\Tony\AppData\Local\arduino15\packages\macchina\hardware\sam\0.1.0\variants\m2/libsam_sam3x8e_gcc_rel.a
LOAD C:\Users\Tony\AppData\Local\Temp\VMBuilds\FileManipulation\macchina_macchina_sam_m2\Debug/core.a
END GROUP
LOAD c:/users/tony/appdata/local/arduino15/packages/arduino/tools/arm-none-eabi-gcc/4.8.3-2014q1/bin/../lib/gcc/arm-none-eabi/4.8.3/../../../../arm-none-eabi/lib/armv7-m\libm.a
START GROUP
LOAD c:/users/tony/appdata/local/arduino15/packages/arduino/tools/arm-none-eabi-gcc/4.8.3-2014q1/bin/../lib/gcc/arm-none-eabi/4.8.3/armv7-m\libgcc.a
LOAD c:/users/tony/appdata/local/arduino15/packages/arduino/tools/arm-none-eabi-gcc/4.8.3-2014q1/bin/../lib/gcc/arm-none-eabi/4.8.3/../../../../arm-none-eabi/lib/armv7-m\libg.a
LOAD c:/users/tony/appdata/local/arduino15/packages/arduino/tools/arm-none-eabi-gcc/4.8.3-2014q1/bin/../lib/gcc/arm-none-eabi/4.8.3/../../../../arm-none-eabi/lib/armv7-m\libc.a
END GROUP
LOAD c:/users/tony/appdata/local/arduino15/packages/arduino/tools/arm-none-eabi-gcc/4.8.3-2014q1/bin/../lib/gcc/arm-none-eabi/4.8.3/armv7-m/crtend.o
LOAD c:/users/tony/appdata/local/arduino15/packages/arduino/tools/arm-none-eabi-gcc/4.8.3-2014q1/bin/../lib/gcc/arm-none-eabi/4.8.3/armv7-m/crtn.o

.text           0x00080000     0x94b4
                0x00080000                . = ALIGN (0x4)
                0x00080000                _sfixed = .
 *(.vectors .vectors.*)
 .vectors       0x00080000       0xf4 C:\Users\Tony\AppData\Local\arduino15\packages\macchina\hardware\sam\0.1.0\variants\m2/libsam_sam3x8e_gcc_rel.a(startup_sam3xa.o)
                0x00080000                exception_table
 *(.text .text.* .gnu.linkonce.t.*)
 .text          0x000800f4       0x54 c:/users/tony/appdata/local/arduino15/packages/arduino/tools/arm-none-eabi-gcc/4.8.3-2014q1/bin/../lib/gcc/arm-none-eabi/4.8.3/armv7-m/crtbegin.o
 .text.setup    0x00080148       0x7c C:\Users\Tony\AppData\Local\Temp\VMBuilds\FileManipulation\macchina_macchina_sam_m2\Debug\FileManipulation.cpp.o
                0x00080148                setup
 .text.loop     0x000801c4        0x2 C:\Users\Tony\AppData\Local\Temp\VMBuilds\FileManipulation\macchina_macchina_sam_m2\Debug\FileManipulation.cpp.o
                0x000801c4                loop
 *fill*         0x000801c6        0x2 
 .text.startup._GLOBAL__sub_I_FS
                0x000801c8        0xc C:\Users\Tony\AppData\Local\Temp\VMBuilds\FileManipulation\macchina_macchina_sam_m2\Debug\FileManipulation.cpp.o
 .text._Z5DebugPKcS0_
                0x000801d4       0x34 C:\Users\Tony\AppData\Local\Temp\VMBuilds\FileManipulation\macchina_macchina_sam_m2\Debug\M2_Due_SD_HSCMI\M2_Due_SD_HSCMI.cpp.o
                0x000801d4                Debug(char const*, char const*)
 .text._Z5DebugPKch
                0x00080208       0x38 C:\Users\Tony\AppData\Local\Temp\VMBuilds\FileManipulation\macchina_macchina_sam_m2\Debug\M2_Due_SD_HSCMI\M2_Due_SD_HSCMI.cpp.o
                0x00080208                Debug(char const*, unsigned char)
 .text._Z5Debugh
                0x00080240       0x20 C:\Users\Tony\AppData\Local\Temp\VMBuilds\FileManipulation\macchina_macchina_sam_m2\Debug\M2_Due_SD_HSCMI\M2_Due_SD_HSCMI.cpp.o
                0x00080240                Debug(unsigned char)
 .text._Z5DebugPKc
                0x00080260       0x20 C:\Users\Tony\AppData\Local\Temp\VMBuilds\FileManipulation\macchina_macchina_sam_m2\Debug\M2_Due_SD_HSCMI\M2_Due_SD_HSCMI.cpp.o
                0x00080260                Debug(char const*)
 .text._ZN11MassStorageC2Ev
                0x00080280       0x34 C:\Users\Tony\AppData\Local\Temp\VMBuilds\FileManipulation\macchina_macchina_sam_m2\Debug\M2_Due_SD_HSCMI\M2_Due_SD_HSCMI.cpp.o
                0x00080280                MassStorage::MassStorage()
                0x00080280                MassStorage::MassStorage()
 .text._ZN11MassStorage4InitEv
                0x000802b4      0x268 C:\Users\Tony\AppData\Local\Temp\VMBuilds\FileManipulation\macchina_macchina_sam_m2\Debug\M2_Due_SD_HSCMI\M2_Due_SD_HSCMI.cpp.o
                0x000802b4                MassStorage::Init()
 .text._ZN11MassStorage11CombineNameEPKcS1_
                0x0008051c       0x90 C:\Users\Tony\AppData\Local\Temp\VMBuilds\FileManipulation\macchina_macchina_sam_m2\Debug\M2_Due_SD_HSCMI\M2_Due_SD_HSCMI.cpp.o
                0x0008051c                MassStorage::CombineName(char const*, char const*)
 .text._ZN11MassStorage6DeleteEPKcS1_
                0x000805ac       0x54 C:\Users\Tony\AppData\Local\Temp\VMBuilds\FileManipulation\macchina_macchina_sam_m2\Debug\M2_Due_SD_HSCMI\M2_Due_SD_HSCMI.cpp.o
                0x000805ac                MassStorage::Delete(char const*, char const*)
 .text._ZN11MassStorage6RenameEPKcS1_
                0x00080600       0x70 C:\Users\Tony\AppData\Local\Temp\VMBuilds\FileManipulation\macchina_macchina_sam_m2\Debug\M2_Due_SD_HSCMI\M2_Due_SD_HSCMI.cpp.o
                0x00080600                MassStorage::Rename(char const*, char const*)
 .text._ZNK11MassStorage10FileExistsEPKc
                0x00080670       0x58 C:\Users\Tony\AppData\Local\Temp\VMBuilds\FileManipulation\macchina_macchina_sam_m2\Debug\M2_Due_SD_HSCMI\M2_Due_SD_HSCMI.cpp.o
                0x00080670                MassStorage::FileExists(char const*) const
 .text._ZN9FileStoreC2Ev
                0x000806c8        0x2 C:\Users\Tony\AppData\Local\Temp\VMBuilds\FileManipulation\macchina_macchina_sam_m2\Debug\M2_Due_SD_HSCMI\M2_Due_SD_HSCMI.cpp.o
                0x000806c8                FileStore::FileStore()
                0x000806c8                FileStore::FileStore()
 .text._ZN9FileStore4InitEv
                0x000806ca       0x16 C:\Users\Tony\AppData\Local\Temp\VMBuilds\FileManipulation\macchina_macchina_sam_m2\Debug\M2_Due_SD_HSCMI\M2_Due_SD_HSCMI.cpp.o
                0x000806ca                FileStore::Init()
 .text._ZN9FileStore4OpenEPKcS1_b
                0x000806e0       0xc4 C:\Users\Tony\AppData\Local\Temp\VMBuilds\FileManipulation\macchina_macchina_sam_m2\Debug\M2_Due_SD_HSCMI\M2_Due_SD_HSCMI.cpp.o
                0x000806e0                FileStore::Open(char const*, char const*, bool)
 .text._ZN9FileStore9CreateNewEPKcS1_
                0x000807a4       0xb4 C:\Users\Tony\AppData\Local\Temp\VMBuilds\FileManipulation\macchina_macchina_sam_m2\Debug\M2_Due_SD_HSCMI\M2_Due_SD_HSCMI.cpp.o
                0x000807a4                FileStore::CreateNew(char const*, char const*)
 .text._ZN9FileStore18InternalWriteBlockEPKcj
                0x00080858       0x54 C:\Users\Tony\AppData\Local\Temp\VMBuilds\FileManipulation\macchina_macchina_sam_m2\Debug\M2_Due_SD_HSCMI\M2_Due_SD_HSCMI.cpp.o
                0x00080858                FileStore::InternalWriteBlock(char const*, unsigned int)
 .text._ZN9FileStore11WriteBufferEv
                0x000808ac       0x34 C:\Users\Tony\AppData\Local\Temp\VMBuilds\FileManipulation\macchina_macchina_sam_m2\Debug\M2_Due_SD_HSCMI\M2_Due_SD_HSCMI.cpp.o
                0x000808ac                FileStore::WriteBuffer()
 .text._ZN9FileStore5FlushEv
                0x000808e0       0x38 C:\Users\Tony\AppData\Local\Temp\VMBuilds\FileManipulation\macchina_macchina_sam_m2\Debug\M2_Due_SD_HSCMI\M2_Due_SD_HSCMI.cpp.o
                0x000808e0                FileStore::Flush()
 .text._ZN9FileStore5CloseEv
                0x00080918       0x64 C:\Users\Tony\AppData\Local\Temp\VMBuilds\FileManipulation\macchina_macchina_sam_m2\Debug\M2_Due_SD_HSCMI\M2_Due_SD_HSCMI.cpp.o
                0x00080918                FileStore::Close()
 .text.startup._GLOBAL__sub_I__Z5DebugPKcS0_
                0x0008097c        0xc C:\Users\Tony\AppData\Local\Temp\VMBuilds\FileManipulation\macchina_macchina_sam_m2\Debug\M2_Due_SD_HSCMI\M2_Due_SD_HSCMI.cpp.o
 .text.ff_convert
                0x00080988       0x38 C:\Users\Tony\AppData\Local\Temp\VMBuilds\FileManipulation\macchina_macchina_sam_m2\Debug\SD_HSMCI\utility\ccsbcs.c.o
                0x00080988                ff_convert
 .text.ff_wtoupper
                0x000809c0       0x24 C:\Users\Tony\AppData\Local\Temp\VMBuilds\FileManipulation\macchina_macchina_sam_m2\Debug\SD_HSMCI\utility\ccsbcs.c.o
                0x000809c0                ff_wtoupper
 .text.mem_test_unit_ready
                0x000809e4        0xa C:\Users\Tony\AppData\Local\Temp\VMBuilds\FileManipulation\macchina_macchina_sam_m2\Debug\SD_HSMCI\utility\ctrl_access.c.o
                0x000809e4                mem_test_unit_ready
 .text.mem_read_capacity
                0x000809ee        0xc C:\Users\Tony\AppData\Local\Temp\VMBuilds\FileManipulation\macchina_macchina_sam_m2\Debug\SD_HSMCI\utility\ctrl_access.c.o
                0x000809ee                mem_read_capacity
 .text.mem_sector_size
                0x000809fa        0xa C:\Users\Tony\AppData\Local\Temp\VMBuilds\FileManipulation\macchina_macchina_sam_m2\Debug\SD_HSMCI\utility\ctrl_access.c.o
                0x000809fa                mem_sector_size
 .text.mem_wr_protect
                0x00080a04        0xa C:\Users\Tony\AppData\Local\Temp\VMBuilds\FileManipulation\macchina_macchina_sam_m2\Debug\SD_HSMCI\utility\ctrl_access.c.o
                0x00080a04                mem_wr_protect
 .text.memory_2_ram
                0x00080a0e        0xe C:\Users\Tony\AppData\Local\Temp\VMBuilds\FileManipulation\macchina_macchina_sam_m2\Debug\SD_HSMCI\utility\ctrl_access.c.o
                0x00080a0e                memory_2_ram
 .text.ram_2_memory
                0x00080a1c        0xe C:\Users\Tony\AppData\Local\Temp\VMBuilds\FileManipulation\macchina_macchina_sam_m2\Debug\SD_HSMCI\utility\ctrl_access.c.o
                0x00080a1c                ram_2_memory
 .text.disk_initialize
                0x00080a2a       0x2e C:\Users\Tony\AppData\Local\Temp\VMBuilds\FileManipulation\macchina_macchina_sam_m2\Debug\SD_HSMCI\utility\diskio.c.o
                0x00080a2a                disk_initialize
 .text.disk_status
                0x00080a58       0x12 C:\Users\Tony\AppData\Local\Temp\VMBuilds\FileManipulation\macchina_macchina_sam_m2\Debug\SD_HSMCI\utility\diskio.c.o
                0x00080a58                disk_status
 .text.disk_read
                0x00080a6a       0x5c C:\Users\Tony\AppData\Local\Temp\VMBuilds\FileManipulation\macchina_macchina_sam_m2\Debug\SD_HSMCI\utility\diskio.c.o
                0x00080a6a                disk_read
 .text.disk_write
                0x00080ac6       0x5c C:\Users\Tony\AppData\Local\Temp\VMBuilds\FileManipulation\macchina_macchina_sam_m2\Debug\SD_HSMCI\utility\diskio.c.o
                0x00080ac6                disk_write
 .text.disk_ioctl
                0x00080b22       0x56 C:\Users\Tony\AppData\Local\Temp\VMBuilds\FileManipulation\macchina_macchina_sam_m2\Debug\SD_HSMCI\utility\diskio.c.o
                0x00080b22                disk_ioctl
 .text.dmac_enable
                0x00080b78        0x6 C:\Users\Tony\AppData\Local\Temp\VMBuilds\FileManipulation\macchina_macchina_sam_m2\Debug\SD_HSMCI\utility\dmac.c.o
                0x00080b78                dmac_enable
 .text.dmac_channel_enable
                0x00080b7e        0xa C:\Users\Tony\AppData\Local\Temp\VMBuilds\FileManipulation\macchina_macchina_sam_m2\Debug\SD_HSMCI\utility\dmac.c.o
                0x00080b7e                dmac_channel_enable
 .text.dmac_channel_disable
                0x00080b88        0xa C:\Users\Tony\AppData\Local\Temp\VMBuilds\FileManipulation\macchina_macchina_sam_m2\Debug\SD_HSMCI\utility\dmac.c.o
                0x00080b88                dmac_channel_disable
 .text.dmac_channel_set_configuration
                0x00080b92        0xa C:\Users\Tony\AppData\Local\Temp\VMBuilds\FileManipulation\macchina_macchina_sam_m2\Debug\SD_HSMCI\utility\dmac.c.o
                0x00080b92                dmac_channel_set_configuration
 .text.dmac_channel_single_buf_transfer_init
                0x00080b9c       0x20 C:\Users\Tony\AppData\Local\Temp\VMBuilds\FileManipulation\macchina_macchina_sam_m2\Debug\SD_HSMCI\utility\dmac.c.o
                0x00080b9c                dmac_channel_single_buf_transfer_init
 .text.get_fattime
                0x00080bbc        0x8 C:\Users\Tony\AppData\Local\Temp\VMBuilds\FileManipulation\macchina_macchina_sam_m2\Debug\SD_HSMCI\utility\fattime_rtc.c.o
                0x00080bbc                get_fattime
 .text.mem_cpy  0x00080bc4       0x12 C:\Users\Tony\AppData\Local\Temp\VMBuilds\FileManipulation\macchina_macchina_sam_m2\Debug\SD_HSMCI\utility\ff.c.o
 .text.mem_set  0x00080bd6        0xe C:\Users\Tony\AppData\Local\Temp\VMBuilds\FileManipulation\macchina_macchina_sam_m2\Debug\SD_HSMCI\utility\ff.c.o
 .text.clust2sect
                0x00080be4       0x16 C:\Users\Tony\AppData\Local\Temp\VMBuilds\FileManipulation\macchina_macchina_sam_m2\Debug\SD_HSMCI\utility\ff.c.o
 .text.sum_sfn  0x00080bfa       0x1e C:\Users\Tony\AppData\Local\Temp\VMBuilds\FileManipulation\macchina_macchina_sam_m2\Debug\SD_HSMCI\utility\ff.c.o
 .text.get_fileinfo
                0x00080c18       0xda C:\Users\Tony\AppData\Local\Temp\VMBuilds\FileManipulation\macchina_macchina_sam_m2\Debug\SD_HSMCI\utility\ff.c.o
 .text.move_window
                0x00080cf2       0x76 C:\Users\Tony\AppData\Local\Temp\VMBuilds\FileManipulation\macchina_macchina_sam_m2\Debug\SD_HSMCI\utility\ff.c.o
 .text.sync     0x00080d68       0xb6 C:\Users\Tony\AppData\Local\Temp\VMBuilds\FileManipulation\macchina_macchina_sam_m2\Debug\SD_HSMCI\utility\ff.c.o
 .text.validate
                0x00080e1e       0x24 C:\Users\Tony\AppData\Local\Temp\VMBuilds\FileManipulation\macchina_macchina_sam_m2\Debug\SD_HSMCI\utility\ff.c.o
 *fill*         0x00080e42        0x2 
 .text.check_fs
                0x00080e44       0x88 C:\Users\Tony\AppData\Local\Temp\VMBuilds\FileManipulation\macchina_macchina_sam_m2\Debug\SD_HSMCI\utility\ff.c.o
 .text.chk_mounted
                0x00080ecc      0x30c C:\Users\Tony\AppData\Local\Temp\VMBuilds\FileManipulation\macchina_macchina_sam_m2\Debug\SD_HSMCI\utility\ff.c.o
 .text.get_fat  0x000811d8       0xca C:\Users\Tony\AppData\Local\Temp\VMBuilds\FileManipulation\macchina_macchina_sam_m2\Debug\SD_HSMCI\utility\ff.c.o
 .text.dir_sdi  0x000812a2       0x84 C:\Users\Tony\AppData\Local\Temp\VMBuilds\FileManipulation\macchina_macchina_sam_m2\Debug\SD_HSMCI\utility\ff.c.o
 .text.put_fat  0x00081326       0xf0 C:\Users\Tony\AppData\Local\Temp\VMBuilds\FileManipulation\macchina_macchina_sam_m2\Debug\SD_HSMCI\utility\ff.c.o
 .text.create_chain
                0x00081416       0x9a C:\Users\Tony\AppData\Local\Temp\VMBuilds\FileManipulation\macchina_macchina_sam_m2\Debug\SD_HSMCI\utility\ff.c.o
 .text.dir_next
                0x000814b0       0xf8 C:\Users\Tony\AppData\Local\Temp\VMBuilds\FileManipulation\macchina_macchina_sam_m2\Debug\SD_HSMCI\utility\ff.c.o
 .text.dir_read
                0x000815a8       0xfc C:\Users\Tony\AppData\Local\Temp\VMBuilds\FileManipulation\macchina_macchina_sam_m2\Debug\SD_HSMCI\utility\ff.c.o
 .text.dir_remove
                0x000816a4       0x4e C:\Users\Tony\AppData\Local\Temp\VMBuilds\FileManipulation\macchina_macchina_sam_m2\Debug\SD_HSMCI\utility\ff.c.o
 .text.remove_chain
                0x000816f2       0x54 C:\Users\Tony\AppData\Local\Temp\VMBuilds\FileManipulation\macchina_macchina_sam_m2\Debug\SD_HSMCI\utility\ff.c.o
 *fill*         0x00081746        0x2 
 .text.dir_find.part.4
                0x00081748      0x12c C:\Users\Tony\AppData\Local\Temp\VMBuilds\FileManipulation\macchina_macchina_sam_m2\Debug\SD_HSMCI\utility\ff.c.o
 .text.dir_register
                0x00081874      0x224 C:\Users\Tony\AppData\Local\Temp\VMBuilds\FileManipulation\macchina_macchina_sam_m2\Debug\SD_HSMCI\utility\ff.c.o
 .text.follow_path
                0x00081a98      0x268 C:\Users\Tony\AppData\Local\Temp\VMBuilds\FileManipulation\macchina_macchina_sam_m2\Debug\SD_HSMCI\utility\ff.c.o
 .text.f_mount  0x00081d00       0x28 C:\Users\Tony\AppData\Local\Temp\VMBuilds\FileManipulation\macchina_macchina_sam_m2\Debug\SD_HSMCI\utility\ff.c.o
                0x00081d00                f_mount
 .text.f_open   0x00081d28      0x13e C:\Users\Tony\AppData\Local\Temp\VMBuilds\FileManipulation\macchina_macchina_sam_m2\Debug\SD_HSMCI\utility\ff.c.o
                0x00081d28                f_open
 .text.f_write  0x00081e66      0x190 C:\Users\Tony\AppData\Local\Temp\VMBuilds\FileManipulation\macchina_macchina_sam_m2\Debug\SD_HSMCI\utility\ff.c.o
                0x00081e66                f_write
 .text.f_sync   0x00081ff6       0x7e C:\Users\Tony\AppData\Local\Temp\VMBuilds\FileManipulation\macchina_macchina_sam_m2\Debug\SD_HSMCI\utility\ff.c.o
                0x00081ff6                f_sync
 .text.f_close  0x00082074        0xe C:\Users\Tony\AppData\Local\Temp\VMBuilds\FileManipulation\macchina_macchina_sam_m2\Debug\SD_HSMCI\utility\ff.c.o
                0x00082074                f_close
 .text.f_stat   0x00082082       0x44 C:\Users\Tony\AppData\Local\Temp\VMBuilds\FileManipulation\macchina_macchina_sam_m2\Debug\SD_HSMCI\utility\ff.c.o
                0x00082082                f_stat
 .text.f_unlink
                0x000820c6       0xae C:\Users\Tony\AppData\Local\Temp\VMBuilds\FileManipulation\macchina_macchina_sam_m2\Debug\SD_HSMCI\utility\ff.c.o
                0x000820c6                f_unlink
 .text.f_rename
                0x00082174      0x116 C:\Users\Tony\AppData\Local\Temp\VMBuilds\FileManipulation\macchina_macchina_sam_m2\Debug\SD_HSMCI\utility\ff.c.o
                0x00082174                f_rename
 .text.hsmci_reset
                0x0008228a       0x28 C:\Users\Tony\AppData\Local\Temp\VMBuilds\FileManipulation\macchina_macchina_sam_m2\Debug\SD_HSMCI\utility\hsmci.c.o
 .text.debugPrintf
                0x000822b2        0xe C:\Users\Tony\AppData\Local\Temp\VMBuilds\FileManipulation\macchina_macchina_sam_m2\Debug\SD_HSMCI\utility\hsmci.c.o
                0x000822b2                debugPrintf
 .text.hsmci_send_cmd_execute
                0x000822c0       0x94 C:\Users\Tony\AppData\Local\Temp\VMBuilds\FileManipulation\macchina_macchina_sam_m2\Debug\SD_HSMCI\utility\hsmci.c.o
 .text.hsmci_init
                0x00082354       0x28 C:\Users\Tony\AppData\Local\Temp\VMBuilds\FileManipulation\macchina_macchina_sam_m2\Debug\SD_HSMCI\utility\hsmci.c.o
                0x00082354                hsmci_init
 .text.hsmci_get_bus_width
                0x0008237c        0xa C:\Users\Tony\AppData\Local\Temp\VMBuilds\FileManipulation\macchina_macchina_sam_m2\Debug\SD_HSMCI\utility\hsmci.c.o
                0x0008237c                hsmci_get_bus_width
 .text.hsmci_is_high_speed_capable
                0x00082386        0x4 C:\Users\Tony\AppData\Local\Temp\VMBuilds\FileManipulation\macchina_macchina_sam_m2\Debug\SD_HSMCI\utility\hsmci.c.o
                0x00082386                hsmci_is_high_speed_capable
 *fill*         0x0008238a        0x2 
 .text.hsmci_select_device
                0x0008238c       0x5c C:\Users\Tony\AppData\Local\Temp\VMBuilds\FileManipulation\macchina_macchina_sam_m2\Debug\SD_HSMCI\utility\hsmci.c.o
                0x0008238c                hsmci_select_device
 .text.hsmci_deselect_device
                0x000823e8        0x2 C:\Users\Tony\AppData\Local\Temp\VMBuilds\FileManipulation\macchina_macchina_sam_m2\Debug\SD_HSMCI\utility\hsmci.c.o
                0x000823e8                hsmci_deselect_device
 .text.hsmci_send_clock
                0x000823ea       0x22 C:\Users\Tony\AppData\Local\Temp\VMBuilds\FileManipulation\macchina_macchina_sam_m2\Debug\SD_HSMCI\utility\hsmci.c.o
                0x000823ea                hsmci_send_clock
 .text.hsmci_send_cmd
                0x0008240c       0x22 C:\Users\Tony\AppData\Local\Temp\VMBuilds\FileManipulation\macchina_macchina_sam_m2\Debug\SD_HSMCI\utility\hsmci.c.o
                0x0008240c                hsmci_send_cmd
 .text.hsmci_get_response
                0x0008242e        0x8 C:\Users\Tony\AppData\Local\Temp\VMBuilds\FileManipulation\macchina_macchina_sam_m2\Debug\SD_HSMCI\utility\hsmci.c.o
                0x0008242e                hsmci_get_response
 .text.hsmci_get_response_128
                0x00082436       0x28 C:\Users\Tony\AppData\Local\Temp\VMBuilds\FileManipulation\macchina_macchina_sam_m2\Debug\SD_HSMCI\utility\hsmci.c.o
                0x00082436                hsmci_get_response_128
 *fill*         0x0008245e        0x2 
 .text.hsmci_adtc_start
                0x00082460       0xa8 C:\Users\Tony\AppData\Local\Temp\VMBuilds\FileManipulation\macchina_macchina_sam_m2\Debug\SD_HSMCI\utility\hsmci.c.o
                0x00082460                hsmci_adtc_start
 .text.hsmci_read_word
                0x00082508       0x5c C:\Users\Tony\AppData\Local\Temp\VMBuilds\FileManipulation\macchina_macchina_sam_m2\Debug\SD_HSMCI\utility\hsmci.c.o
                0x00082508                hsmci_read_word
 .text.hsmci_start_read_blocks
                0x00082564       0x94 C:\Users\Tony\AppData\Local\Temp\VMBuilds\FileManipulation\macchina_macchina_sam_m2\Debug\SD_HSMCI\utility\hsmci.c.o
                0x00082564                hsmci_start_read_blocks
 .text.hsmci_wait_end_of_read_blocks
                0x000825f8       0x50 C:\Users\Tony\AppData\Local\Temp\VMBuilds\FileManipulation\macchina_macchina_sam_m2\Debug\SD_HSMCI\utility\hsmci.c.o
                0x000825f8                hsmci_wait_end_of_read_blocks
 .text.hsmci_start_write_blocks
                0x00082648       0x8c C:\Users\Tony\AppData\Local\Temp\VMBuilds\FileManipulation\macchina_macchina_sam_m2\Debug\SD_HSMCI\utility\hsmci.c.o
                0x00082648                hsmci_start_write_blocks
 .text.hsmci_wait_end_of_write_blocks
                0x000826d4       0x50 C:\Users\Tony\AppData\Local\Temp\VMBuilds\FileManipulation\macchina_macchina_sam_m2\Debug\SD_HSMCI\utility\hsmci.c.o
                0x000826d4                hsmci_wait_end_of_write_blocks
 .text.SDMMC_UNSTUFF_BITS
                0x00082724       0x4e C:\Users\Tony\AppData\Local\Temp\VMBuilds\FileManipulation\macchina_macchina_sam_m2\Debug\SD_HSMCI\utility\sd_mmc.c.o
 *fill*         0x00082772        0x2 
 .text.sd_mmc_configure_slot
                0x00082774       0x24 C:\Users\Tony\AppData\Local\Temp\VMBuilds\FileManipulation\macchina_macchina_sam_m2\Debug\SD_HSMCI\utility\sd_mmc.c.o
 .text.sd_mmc_deselect_slot
                0x00082798       0x10 C:\Users\Tony\AppData\Local\Temp\VMBuilds\FileManipulation\macchina_macchina_sam_m2\Debug\SD_HSMCI\utility\sd_mmc.c.o
 .text.sd_mmc_select_slot
                0x000827a8       0xd0 C:\Users\Tony\AppData\Local\Temp\VMBuilds\FileManipulation\macchina_macchina_sam_m2\Debug\SD_HSMCI\utility\sd_mmc.c.o
 .text.sd_mmc_cmd9_mci
                0x00082878       0x28 C:\Users\Tony\AppData\Local\Temp\VMBuilds\FileManipulation\macchina_macchina_sam_m2\Debug\SD_HSMCI\utility\sd_mmc.c.o
 .text.sd_mmc_init
                0x000828a0       0x24 C:\Users\Tony\AppData\Local\Temp\VMBuilds\FileManipulation\macchina_macchina_sam_m2\Debug\SD_HSMCI\utility\sd_mmc.c.o
                0x000828a0                sd_mmc_init
 .text.sd_mmc_check
                0x000828c4      0x5c0 C:\Users\Tony\AppData\Local\Temp\VMBuilds\FileManipulation\macchina_macchina_sam_m2\Debug\SD_HSMCI\utility\sd_mmc.c.o
                0x000828c4                sd_mmc_check
 .text.sd_mmc_get_type
                0x00082e84       0x1c C:\Users\Tony\AppData\Local\Temp\VMBuilds\FileManipulation\macchina_macchina_sam_m2\Debug\SD_HSMCI\utility\sd_mmc.c.o
                0x00082e84                sd_mmc_get_type
 .text.sd_mmc_get_capacity
                0x00082ea0       0x1c C:\Users\Tony\AppData\Local\Temp\VMBuilds\FileManipulation\macchina_macchina_sam_m2\Debug\SD_HSMCI\utility\sd_mmc.c.o
                0x00082ea0                sd_mmc_get_capacity
 .text.sd_mmc_get_bus_width
                0x00082ebc       0x1c C:\Users\Tony\AppData\Local\Temp\VMBuilds\FileManipulation\macchina_macchina_sam_m2\Debug\SD_HSMCI\utility\sd_mmc.c.o
                0x00082ebc                sd_mmc_get_bus_width
 .text.sd_mmc_get_bus_clock
                0x00082ed8       0x1c C:\Users\Tony\AppData\Local\Temp\VMBuilds\FileManipulation\macchina_macchina_sam_m2\Debug\SD_HSMCI\utility\sd_mmc.c.o
                0x00082ed8                sd_mmc_get_bus_clock
 .text.sd_mmc_is_write_protected
                0x00082ef4        0x4 C:\Users\Tony\AppData\Local\Temp\VMBuilds\FileManipulation\macchina_macchina_sam_m2\Debug\SD_HSMCI\utility\sd_mmc.c.o
                0x00082ef4                sd_mmc_is_write_protected
 .text.sd_mmc_init_read_blocks
                0x00082ef8       0x94 C:\Users\Tony\AppData\Local\Temp\VMBuilds\FileManipulation\macchina_macchina_sam_m2\Debug\SD_HSMCI\utility\sd_mmc.c.o
                0x00082ef8                sd_mmc_init_read_blocks
 .text.sd_mmc_start_read_blocks
                0x00082f8c       0x20 C:\Users\Tony\AppData\Local\Temp\VMBuilds\FileManipulation\macchina_macchina_sam_m2\Debug\SD_HSMCI\utility\sd_mmc.c.o
                0x00082f8c                sd_mmc_start_read_blocks
 .text.sd_mmc_wait_end_of_read_blocks
                0x00082fac       0x44 C:\Users\Tony\AppData\Local\Temp\VMBuilds\FileManipulation\macchina_macchina_sam_m2\Debug\SD_HSMCI\utility\sd_mmc.c.o
                0x00082fac                sd_mmc_wait_end_of_read_blocks
 .text.sd_mmc_init_write_blocks
                0x00082ff0       0x70 C:\Users\Tony\AppData\Local\Temp\VMBuilds\FileManipulation\macchina_macchina_sam_m2\Debug\SD_HSMCI\utility\sd_mmc.c.o
                0x00082ff0                sd_mmc_init_write_blocks
 .text.sd_mmc_start_write_blocks
                0x00083060       0x20 C:\Users\Tony\AppData\Local\Temp\VMBuilds\FileManipulation\macchina_macchina_sam_m2\Debug\SD_HSMCI\utility\sd_mmc.c.o
                0x00083060                sd_mmc_start_write_blocks
 .text.sd_mmc_wait_end_of_write_blocks
                0x00083080       0x3c C:\Users\Tony\AppData\Local\Temp\VMBuilds\FileManipulation\macchina_macchina_sam_m2\Debug\SD_HSMCI\utility\sd_mmc.c.o
                0x00083080                sd_mmc_wait_end_of_write_blocks
 .text.sd_mmc_test_unit_ready
                0x000830bc       0x44 C:\Users\Tony\AppData\Local\Temp\VMBuilds\FileManipulation\macchina_macchina_sam_m2\Debug\SD_HSMCI\utility\sd_mmc_mem.c.o
                0x000830bc                sd_mmc_test_unit_ready
 .text.sd_mmc_test_unit_ready_0
                0x00083100        0x6 C:\Users\Tony\AppData\Local\Temp\VMBuilds\FileManipulation\macchina_macchina_sam_m2\Debug\SD_HSMCI\utility\sd_mmc_mem.c.o
                0x00083100                sd_mmc_test_unit_ready_0
 .text.sd_mmc_read_capacity
                0x00083106       0x1a C:\Users\Tony\AppData\Local\Temp\VMBuilds\FileManipulation\macchina_macchina_sam_m2\Debug\SD_HSMCI\utility\sd_mmc_mem.c.o
                0x00083106                sd_mmc_read_capacity
 .text.sd_mmc_read_capacity_0
                0x00083120        0x8 C:\Users\Tony\AppData\Local\Temp\VMBuilds\FileManipulation\macchina_macchina_sam_m2\Debug\SD_HSMCI\utility\sd_mmc_mem.c.o
                0x00083120                sd_mmc_read_capacity_0
 .text.sd_mmc_wr_protect_0
                0x00083128        0x6 C:\Users\Tony\AppData\Local\Temp\VMBuilds\FileManipulation\macchina_macchina_sam_m2\Debug\SD_HSMCI\utility\sd_mmc_mem.c.o
                0x00083128                sd_mmc_wr_protect_0
 .text.sd_mmc_mem_2_ram
                0x0008312e       0x30 C:\Users\Tony\AppData\Local\Temp\VMBuilds\FileManipulation\macchina_macchina_sam_m2\Debug\SD_HSMCI\utility\sd_mmc_mem.c.o
                0x0008312e                sd_mmc_mem_2_ram
 .text.sd_mmc_mem_2_ram_0
                0x0008315e        0xc C:\Users\Tony\AppData\Local\Temp\VMBuilds\FileManipulation\macchina_macchina_sam_m2\Debug\SD_HSMCI\utility\sd_mmc_mem.c.o
                0x0008315e                sd_mmc_mem_2_ram_0
 .text.sd_mmc_ram_2_mem
                0x0008316a       0x30 C:\Users\Tony\AppData\Local\Temp\VMBuilds\FileManipulation\macchina_macchina_sam_m2\Debug\SD_HSMCI\utility\sd_mmc_mem.c.o
                0x0008316a                sd_mmc_ram_2_mem
 .text.sd_mmc_ram_2_mem_0
                0x0008319a        0xc C:\Users\Tony\AppData\Local\Temp\VMBuilds\FileManipulation\macchina_macchina_sam_m2\Debug\SD_HSMCI\utility\sd_mmc_mem.c.o
                0x0008319a                sd_mmc_ram_2_mem_0
 .text._Z11serialEventv
                0x000831a6        0x2 C:\Users\Tony\AppData\Local\Temp\VMBuilds\FileManipulation\macchina_macchina_sam_m2\Debug\variant\variant.cpp.o
                0x000831a6                serialEvent()
 .text._Z14serialEventUSBv
                0x000831a8        0x2 C:\Users\Tony\AppData\Local\Temp\VMBuilds\FileManipulation\macchina_macchina_sam_m2\Debug\variant\variant.cpp.o
                0x000831a8                serialEventUSB()
 *fill*         0x000831aa        0x2 
 .text.UART_Handler
                0x000831ac        0xc C:\Users\Tony\AppData\Local\Temp\VMBuilds\FileManipulation\macchina_macchina_sam_m2\Debug\variant\variant.cpp.o
                0x000831ac                UART_Handler
 .text._Z12serialEvent1v
                0x000831b8        0x2 C:\Users\Tony\AppData\Local\Temp\VMBuilds\FileManipulation\macchina_macchina_sam_m2\Debug\variant\variant.cpp.o
                0x000831b8                serialEvent1()
 .text._Z12serialEvent2v
                0x000831ba        0x2 C:\Users\Tony\AppData\Local\Temp\VMBuilds\FileManipulation\macchina_macchina_sam_m2\Debug\variant\variant.cpp.o
                0x000831ba                serialEvent2()
 .text._Z12serialEvent3v
                0x000831bc        0x2 C:\Users\Tony\AppData\Local\Temp\VMBuilds\FileManipulation\macchina_macchina_sam_m2\Debug\variant\variant.cpp.o
                0x000831bc                serialEvent3()
 *fill*         0x000831be        0x2 
 .text.USART0_Handler
                0x000831c0        0xc C:\Users\Tony\AppData\Local\Temp\VMBuilds\FileManipulation\macchina_macchina_sam_m2\Debug\variant\variant.cpp.o
                0x000831c0                USART0_Handler
 .text.USART1_Handler
                0x000831cc        0xc C:\Users\Tony\AppData\Local\Temp\VMBuilds\FileManipulation\macchina_macchina_sam_m2\Debug\variant\variant.cpp.o
                0x000831cc                USART1_Handler
 .text.USART3_Handler
                0x000831d8        0xc C:\Users\Tony\AppData\Local\Temp\VMBuilds\FileManipulation\macchina_macchina_sam_m2\Debug\variant\variant.cpp.o
                0x000831d8                USART3_Handler
 .text.init     0x000831e4      0x188 C:\Users\Tony\AppData\Local\Temp\VMBuilds\FileManipulation\macchina_macchina_sam_m2\Debug\variant\variant.cpp.o
                0x000831e4                init
 .text.startup._GLOBAL__sub_I_g_APinDescription
                0x0008336c       0xd4 C:\Users\Tony\AppData\Local\Temp\VMBuilds\FileManipulation\macchina_macchina_sam_m2\Debug\variant\variant.cpp.o
 .text._Z14serialEventRunv
                0x00083440       0x54 C:\Users\Tony\AppData\Local\Temp\VMBuilds\FileManipulation\macchina_macchina_sam_m2\Debug\variant\variant.cpp.o
                0x00083440                serialEventRun()
 .text.PIO_PullUp
                0x00083494        0xa C:\Users\Tony\AppData\Local\arduino15\packages\macchina\hardware\sam\0.1.0\variants\m2/libsam_sam3x8e_gcc_rel.a(pio.o)
                0x00083494                PIO_PullUp
 .text.PIO_Get  0x0008349e       0x14 C:\Users\Tony\AppData\Local\arduino15\packages\macchina\hardware\sam\0.1.0\variants\m2/libsam_sam3x8e_gcc_rel.a(pio.o)
                0x0008349e                PIO_Get
 .text.PIO_SetPeripheral
                0x000834b2       0x26 C:\Users\Tony\AppData\Local\arduino15\packages\macchina\hardware\sam\0.1.0\variants\m2/libsam_sam3x8e_gcc_rel.a(pio.o)
                0x000834b2                PIO_SetPeripheral
 .text.PIO_SetInput
                0x000834d8       0x26 C:\Users\Tony\AppData\Local\arduino15\packages\macchina\hardware\sam\0.1.0\variants\m2/libsam_sam3x8e_gcc_rel.a(pio.o)
                0x000834d8                PIO_SetInput
 .text.PIO_SetOutput
                0x000834fe       0x24 C:\Users\Tony\AppData\Local\arduino15\packages\macchina\hardware\sam\0.1.0\variants\m2/libsam_sam3x8e_gcc_rel.a(pio.o)
                0x000834fe                PIO_SetOutput
 *fill*         0x00083522        0x2 
 .text.PIO_Configure
                0x00083524       0x64 C:\Users\Tony\AppData\Local\arduino15\packages\macchina\hardware\sam\0.1.0\variants\m2/libsam_sam3x8e_gcc_rel.a(pio.o)
                0x00083524                PIO_Configure
 .text.PIO_GetOutputDataStatus
                0x00083588       0x14 C:\Users\Tony\AppData\Local\arduino15\packages\macchina\hardware\sam\0.1.0\variants\m2/libsam_sam3x8e_gcc_rel.a(pio.o)
                0x00083588                PIO_GetOutputDataStatus
 .text.pmc_enable_upll_clock
                0x0008359c       0x14 C:\Users\Tony\AppData\Local\arduino15\packages\macchina\hardware\sam\0.1.0\variants\m2/libsam_sam3x8e_gcc_rel.a(pmc.o)
                0x0008359c                pmc_enable_upll_clock
 .text.pmc_enable_periph_clk
                0x000835b0       0x44 C:\Users\Tony\AppData\Local\arduino15\packages\macchina\hardware\sam\0.1.0\variants\m2/libsam_sam3x8e_gcc_rel.a(pmc.o)
                0x000835b0                pmc_enable_periph_clk
 .text.pmc_disable_periph_clk
                0x000835f4       0x40 C:\Users\Tony\AppData\Local\arduino15\packages\macchina\hardware\sam\0.1.0\variants\m2/libsam_sam3x8e_gcc_rel.a(pmc.o)
                0x000835f4                pmc_disable_periph_clk
 .text.pmc_switch_udpck_to_upllck
                0x00083634       0x14 C:\Users\Tony\AppData\Local\arduino15\packages\macchina\hardware\sam\0.1.0\variants\m2/libsam_sam3x8e_gcc_rel.a(pmc.o)
                0x00083634                pmc_switch_udpck_to_upllck
 .text.pmc_enable_udpck
                0x00083648        0xc C:\Users\Tony\AppData\Local\arduino15\packages\macchina\hardware\sam\0.1.0\variants\m2/libsam_sam3x8e_gcc_rel.a(pmc.o)
                0x00083648                pmc_enable_udpck
 .text.SystemInit
                0x00083654       0x88 C:\Users\Tony\AppData\Local\arduino15\packages\macchina\hardware\sam\0.1.0\variants\m2/libsam_sam3x8e_gcc_rel.a(system_sam3xa.o)
                0x00083654                SystemInit
 .text.Reset_Handler
                0x000836dc       0x78 C:\Users\Tony\AppData\Local\arduino15\packages\macchina\hardware\sam\0.1.0\variants\m2/libsam_sam3x8e_gcc_rel.a(startup_sam3xa.o)
                0x000836dc                Reset_Handler
 .text.adc_init
                0x00083754       0x98 C:\Users\Tony\AppData\Local\arduino15\packages\macchina\hardware\sam\0.1.0\variants\m2/libsam_sam3x8e_gcc_rel.a(adc.o)
                0x00083754                adc_init
 .text.adc_configure_trigger
                0x000837ec        0xe C:\Users\Tony\AppData\Local\arduino15\packages\macchina\hardware\sam\0.1.0\variants\m2/libsam_sam3x8e_gcc_rel.a(adc.o)
                0x000837ec                adc_configure_trigger
 .text.adc_configure_timing
                0x000837fa       0x1a C:\Users\Tony\AppData\Local\arduino15\packages\macchina\hardware\sam\0.1.0\variants\m2/libsam_sam3x8e_gcc_rel.a(adc.o)
                0x000837fa                adc_configure_timing
 .text.adc_enable_channel
                0x00083814        0xa C:\Users\Tony\AppData\Local\arduino15\packages\macchina\hardware\sam\0.1.0\variants\m2/libsam_sam3x8e_gcc_rel.a(adc.o)
                0x00083814                adc_enable_channel
 .text.adc_disable_channel
                0x0008381e        0xa C:\Users\Tony\AppData\Local\arduino15\packages\macchina\hardware\sam\0.1.0\variants\m2/libsam_sam3x8e_gcc_rel.a(adc.o)
                0x0008381e                adc_disable_channel
 .text.adc_disable_all_channel
                0x00083828        0x8 C:\Users\Tony\AppData\Local\arduino15\packages\macchina\hardware\sam\0.1.0\variants\m2/libsam_sam3x8e_gcc_rel.a(adc.o)
                0x00083828                adc_disable_all_channel
 .text.adc_disable_interrupt
                0x00083830        0x4 C:\Users\Tony\AppData\Local\arduino15\packages\macchina\hardware\sam\0.1.0\variants\m2/libsam_sam3x8e_gcc_rel.a(adc.o)
                0x00083830                adc_disable_interrupt
 .text.adc_enable_ts
                0x00083834        0xe C:\Users\Tony\AppData\Local\arduino15\packages\macchina\hardware\sam\0.1.0\variants\m2/libsam_sam3x8e_gcc_rel.a(adc.o)
                0x00083834                adc_enable_ts
 *fill*         0x00083842        0x2 
 .text.UOTGHS_Handler
                0x00083844       0x10 C:\Users\Tony\AppData\Local\arduino15\packages\macchina\hardware\sam\0.1.0\variants\m2/libsam_sam3x8e_gcc_rel.a(uotghs.o)
                0x00083844                UOTGHS_Handler
 .text.__halt   0x00083854        0x2 C:\Users\Tony\AppData\Local\Temp\VMBuilds\FileManipulation\macchina_macchina_sam_m2\Debug/core.a(cortex_handlers.c.o)
                0x00083854                DACC_Handler
                0x00083854                DebugMon_Handler
                0x00083854                DMAC_Handler
                0x00083854                TRNG_Handler
                0x00083854                HardFault_Handler
                0x00083854                TC2_Handler
                0x00083854                TWI1_Handler
                0x00083854                NMI_Handler
                0x00083854                TC7_Handler
                0x00083854                ADC_Handler
                0x00083854                SMC_Handler
                0x00083854                RTT_Handler
                0x00083854                EFC1_Handler
                0x00083854                PIOB_Handler
                0x00083854                RTC_Handler
                0x00083854                UsageFault_Handler
                0x00083854                TC6_Handler
                0x00083854                WDT_Handler
                0x00083854                CAN0_Handler
                0x00083854                TC4_Handler
                0x00083854                TC1_Handler
                0x00083854                HSMCI_Handler
                0x00083854                TC3_Handler
                0x00083854                TWI0_Handler
                0x00083854                PIOA_Handler
                0x00083854                SSC_Handler
                0x00083854                EFC0_Handler
                0x00083854                PMC_Handler
                0x00083854                PWM_Handler
                0x00083854                CAN1_Handler
                0x00083854                MemManage_Handler
                0x00083854                SUPC_Handler
                0x00083854                TC8_Handler
                0x00083854                USART2_Handler
                0x00083854                PIOD_Handler
                0x00083854                EMAC_Handler
                0x00083854                PIOC_Handler
                0x00083854                BusFault_Handler
                0x00083854                RSTC_Handler
                0x00083854                TC0_Handler
                0x00083854                TC5_Handler
                0x00083854                SPI0_Handler
 .text.SVC_Handler
                0x00083856        0x4 C:\Users\Tony\AppData\Local\Temp\VMBuilds\FileManipulation\macchina_macchina_sam_m2\Debug/core.a(cortex_handlers.c.o)
                0x00083856                SVC_Handler
 .text.PendSV_Handler
                0x0008385a        0x4 C:\Users\Tony\AppData\Local\Temp\VMBuilds\FileManipulation\macchina_macchina_sam_m2\Debug/core.a(cortex_handlers.c.o)
                0x0008385a                PendSV_Handler
 .text.SysTick_Handler
                0x0008385e       0x16 C:\Users\Tony\AppData\Local\Temp\VMBuilds\FileManipulation\macchina_macchina_sam_m2\Debug/core.a(cortex_handlers.c.o)
                0x0008385e                SysTick_Handler
 .text.__empty  0x00083874        0x2 C:\Users\Tony\AppData\Local\Temp\VMBuilds\FileManipulation\macchina_macchina_sam_m2\Debug/core.a(hooks.c.o)
                0x00083874                yield
 .text.__false  0x00083876        0x4 C:\Users\Tony\AppData\Local\Temp\VMBuilds\FileManipulation\macchina_macchina_sam_m2\Debug/core.a(hooks.c.o)
                0x00083876                sysTickHook
 .text.__halt   0x0008387a        0x2 C:\Users\Tony\AppData\Local\Temp\VMBuilds\FileManipulation\macchina_macchina_sam_m2\Debug/core.a(hooks.c.o)
                0x0008387a                svcHook
                0x0008387a                pendSVHook
 .text._sbrk    0x0008387c       0x1c C:\Users\Tony\AppData\Local\Temp\VMBuilds\FileManipulation\macchina_macchina_sam_m2\Debug/core.a(syscalls_sam3.c.o)
                0x0008387c                _sbrk
 .text.link     0x00083898        0x6 C:\Users\Tony\AppData\Local\Temp\VMBuilds\FileManipulation\macchina_macchina_sam_m2\Debug/core.a(syscalls_sam3.c.o)
                0x00083898                link
 .text._close   0x0008389e        0x6 C:\Users\Tony\AppData\Local\Temp\VMBuilds\FileManipulation\macchina_macchina_sam_m2\Debug/core.a(syscalls_sam3.c.o)
                0x0008389e                _close
 .text._fstat   0x000838a4        0xa C:\Users\Tony\AppData\Local\Temp\VMBuilds\FileManipulation\macchina_macchina_sam_m2\Debug/core.a(syscalls_sam3.c.o)
                0x000838a4                _fstat
 .text._isatty  0x000838ae        0x4 C:\Users\Tony\AppData\Local\Temp\VMBuilds\FileManipulation\macchina_macchina_sam_m2\Debug/core.a(syscalls_sam3.c.o)
                0x000838ae                _isatty
 .text._lseek   0x000838b2        0x4 C:\Users\Tony\AppData\Local\Temp\VMBuilds\FileManipulation\macchina_macchina_sam_m2\Debug/core.a(syscalls_sam3.c.o)
                0x000838b2                _lseek
 .text._read    0x000838b6        0x4 C:\Users\Tony\AppData\Local\Temp\VMBuilds\FileManipulation\macchina_macchina_sam_m2\Debug/core.a(syscalls_sam3.c.o)
                0x000838b6                _read
 *fill*         0x000838ba        0x2 
 .text._write   0x000838bc       0x24 C:\Users\Tony\AppData\Local\Temp\VMBuilds\FileManipulation\macchina_macchina_sam_m2\Debug/core.a(syscalls_sam3.c.o)
                0x000838bc                _write
 .text._exit    0x000838e0       0x10 C:\Users\Tony\AppData\Local\Temp\VMBuilds\FileManipulation\macchina_macchina_sam_m2\Debug/core.a(syscalls_sam3.c.o)
                0x000838e0                _exit
 .text._kill    0x000838f0        0x2 C:\Users\Tony\AppData\Local\Temp\VMBuilds\FileManipulation\macchina_macchina_sam_m2\Debug/core.a(syscalls_sam3.c.o)
                0x000838f0                _kill
 .text._getpid  0x000838f2        0x6 C:\Users\Tony\AppData\Local\Temp\VMBuilds\FileManipulation\macchina_macchina_sam_m2\Debug/core.a(syscalls_sam3.c.o)
                0x000838f2                _getpid
 .text.millis   0x000838f8        0x4 C:\Users\Tony\AppData\Local\Temp\VMBuilds\FileManipulation\macchina_macchina_sam_m2\Debug/core.a(wiring.c.o)
                0x000838f8                millis
 .text.micros   0x000838fc       0x74 C:\Users\Tony\AppData\Local\Temp\VMBuilds\FileManipulation\macchina_macchina_sam_m2\Debug/core.a(wiring.c.o)
                0x000838fc                micros
 .text.delay    0x00083970       0x1c C:\Users\Tony\AppData\Local\Temp\VMBuilds\FileManipulation\macchina_macchina_sam_m2\Debug/core.a(wiring.c.o)
                0x00083970                delay
 .text.analogReadResolution
                0x0008398c        0xc C:\Users\Tony\AppData\Local\Temp\VMBuilds\FileManipulation\macchina_macchina_sam_m2\Debug/core.a(wiring_analog.c.o)
                0x0008398c                analogReadResolution
 .text.analogWriteResolution
                0x00083998        0xc C:\Users\Tony\AppData\Local\Temp\VMBuilds\FileManipulation\macchina_macchina_sam_m2\Debug/core.a(wiring_analog.c.o)
                0x00083998                analogWriteResolution
 .text.analogReference
                0x000839a4        0xc C:\Users\Tony\AppData\Local\Temp\VMBuilds\FileManipulation\macchina_macchina_sam_m2\Debug/core.a(wiring_analog.c.o)
                0x000839a4                analogReference
 .text.analogOutputInit
                0x000839b0        0x2 C:\Users\Tony\AppData\Local\Temp\VMBuilds\FileManipulation\macchina_macchina_sam_m2\Debug/core.a(wiring_analog.c.o)
                0x000839b0                analogOutputInit
 *fill*         0x000839b2        0x2 
 .text.pinMode  0x000839b4      0x108 C:\Users\Tony\AppData\Local\Temp\VMBuilds\FileManipulation\macchina_macchina_sam_m2\Debug/core.a(wiring_digital.c.o)
                0x000839b4                pinMode
 .text.digitalWrite
                0x00083abc       0x70 C:\Users\Tony\AppData\Local\Temp\VMBuilds\FileManipulation\macchina_macchina_sam_m2\Debug/core.a(wiring_digital.c.o)
                0x00083abc                digitalWrite
 .text.digitalRead
                0x00083b2c       0x44 C:\Users\Tony\AppData\Local\Temp\VMBuilds\FileManipulation\macchina_macchina_sam_m2\Debug/core.a(wiring_digital.c.o)
                0x00083b2c                digitalRead
 .text.initVariant
                0x00083b70        0x2 C:\Users\Tony\AppData\Local\Temp\VMBuilds\FileManipulation\macchina_macchina_sam_m2\Debug/core.a(main.cpp.o)
                0x00083b70                initVariant
 *fill*         0x00083b72        0x2 
 .text.startup.main
                0x00083b74       0x38 C:\Users\Tony\AppData\Local\Temp\VMBuilds\FileManipulation\macchina_macchina_sam_m2\Debug/core.a(main.cpp.o)
                0x00083b74                main
 .text._Znwj    0x00083bac        0x4 C:\Users\Tony\AppData\Local\Temp\VMBuilds\FileManipulation\macchina_macchina_sam_m2\Debug/core.a(new.cpp.o)
                0x00083bac                operator new(unsigned int)
 .text._ZN5Print5writeEPKhj
                0x00083bb0       0x22 C:\Users\Tony\AppData\Local\Temp\VMBuilds\FileManipulation\macchina_macchina_sam_m2\Debug/core.a(Print.cpp.o)
                0x00083bb0                Print::write(unsigned char const*, unsigned int)
 .text._ZN5Print5printEmi.part.3
                0x00083bd2        0xc C:\Users\Tony\AppData\Local\Temp\VMBuilds\FileManipulation\macchina_macchina_sam_m2\Debug/core.a(Print.cpp.o)
 .text._ZN5Print5writeEPKc
                0x00083bde       0x1e C:\Users\Tony\AppData\Local\Temp\VMBuilds\FileManipulation\macchina_macchina_sam_m2\Debug/core.a(Print.cpp.o)
                0x00083bde                Print::write(char const*)
 .text._ZN5Print5printEPKc
                0x00083bfc        0x8 C:\Users\Tony\AppData\Local\Temp\VMBuilds\FileManipulation\macchina_macchina_sam_m2\Debug/core.a(Print.cpp.o)
                0x00083bfc                Print::print(char const*)
 .text._ZN5Print11printNumberEmh
                0x00083c04       0x3e C:\Users\Tony\AppData\Local\Temp\VMBuilds\FileManipulation\macchina_macchina_sam_m2\Debug/core.a(Print.cpp.o)
                0x00083c04                Print::printNumber(unsigned long, unsigned char)
 .text._ZN5Print5printEmi
                0x00083c42        0xc C:\Users\Tony\AppData\Local\Temp\VMBuilds\FileManipulation\macchina_macchina_sam_m2\Debug/core.a(Print.cpp.o)
                0x00083c42                Print::print(unsigned long, int)
 .text._ZN5Print5printEhi
                0x00083c4e        0x4 C:\Users\Tony\AppData\Local\Temp\VMBuilds\FileManipulation\macchina_macchina_sam_m2\Debug/core.a(Print.cpp.o)
                0x00083c4e                Print::print(unsigned char, int)
 *fill*         0x00083c52        0x2 
 .text.initiateReset
                0x00083c54        0xc C:\Users\Tony\AppData\Local\Temp\VMBuilds\FileManipulation\macchina_macchina_sam_m2\Debug/core.a(Reset.cpp.o)
                0x00083c54                initiateReset
 .text.cancelReset
                0x00083c60       0x10 C:\Users\Tony\AppData\Local\Temp\VMBuilds\FileManipulation\macchina_macchina_sam_m2\Debug/core.a(Reset.cpp.o)
                0x00083c60                cancelReset
 .text.tickReset
                0x00083c70       0x20 C:\Users\Tony\AppData\Local\Temp\VMBuilds\FileManipulation\macchina_macchina_sam_m2\Debug/core.a(Reset.cpp.o)
                0x00083c70                tickReset
 .text._ZN10RingBufferC2Ev
                0x00083c90       0x1a C:\Users\Tony\AppData\Local\Temp\VMBuilds\FileManipulation\macchina_macchina_sam_m2\Debug/core.a(RingBuffer.cpp.o)
                0x00083c90                RingBuffer::RingBuffer()
                0x00083c90                RingBuffer::RingBuffer()
 .text._ZN10RingBuffer10store_charEh
                0x00083caa       0x1e C:\Users\Tony\AppData\Local\Temp\VMBuilds\FileManipulation\macchina_macchina_sam_m2\Debug/core.a(RingBuffer.cpp.o)
                0x00083caa                RingBuffer::store_char(unsigned char)
 .text._ZN9UARTClasscvbEv
                0x00083cc8        0x4 C:\Users\Tony\AppData\Local\Temp\VMBuilds\FileManipulation\macchina_macchina_sam_m2\Debug/core.a(UARTClass.cpp.o)
                0x00083cc8                UARTClass::operator bool()
 .text._ZN9UARTClass9availableEv
                0x00083ccc       0x12 C:\Users\Tony\AppData\Local\Temp\VMBuilds\FileManipulation\macchina_macchina_sam_m2\Debug/core.a(UARTClass.cpp.o)
                0x00083ccc                UARTClass::available()
 .text._ZN9UARTClass4peekEv
                0x00083cde       0x1c C:\Users\Tony\AppData\Local\Temp\VMBuilds\FileManipulation\macchina_macchina_sam_m2\Debug/core.a(UARTClass.cpp.o)
                0x00083cde                UARTClass::peek()
 .text._ZN9UARTClass4readEv
                0x00083cfa       0x2a C:\Users\Tony\AppData\Local\Temp\VMBuilds\FileManipulation\macchina_macchina_sam_m2\Debug/core.a(UARTClass.cpp.o)
                0x00083cfa                UARTClass::read()
 .text._ZN9UARTClass5flushEv
                0x00083d24       0x18 C:\Users\Tony\AppData\Local\Temp\VMBuilds\FileManipulation\macchina_macchina_sam_m2\Debug/core.a(UARTClass.cpp.o)
                0x00083d24                UARTClass::flush()
 .text._ZN9UARTClass5writeEh
                0x00083d3c       0x54 C:\Users\Tony\AppData\Local\Temp\VMBuilds\FileManipulation\macchina_macchina_sam_m2\Debug/core.a(UARTClass.cpp.o)
                0x00083d3c                UARTClass::write(unsigned char)
 .text._ZN9UARTClass3endEv
                0x00083d90       0x3c C:\Users\Tony\AppData\Local\Temp\VMBuilds\FileManipulation\macchina_macchina_sam_m2\Debug/core.a(UARTClass.cpp.o)
                0x00083d90                UARTClass::end()
 .text._ZN9UARTClassC2EP4Uart4IRQnmP10RingBufferS4_
                0x00083dcc       0x24 C:\Users\Tony\AppData\Local\Temp\VMBuilds\FileManipulation\macchina_macchina_sam_m2\Debug/core.a(UARTClass.cpp.o)
                0x00083dcc                UARTClass::UARTClass(Uart*, IRQn, unsigned long, RingBuffer*, RingBuffer*)
                0x00083dcc                UARTClass::UARTClass(Uart*, IRQn, unsigned long, RingBuffer*, RingBuffer*)
 .text._ZN9UARTClass4initEmm
                0x00083df0       0x70 C:\Users\Tony\AppData\Local\Temp\VMBuilds\FileManipulation\macchina_macchina_sam_m2\Debug/core.a(UARTClass.cpp.o)
                0x00083df0                UARTClass::init(unsigned long, unsigned long)
 .text._ZN9UARTClass5beginEm
                0x00083e60        0x8 C:\Users\Tony\AppData\Local\Temp\VMBuilds\FileManipulation\macchina_macchina_sam_m2\Debug/core.a(UARTClass.cpp.o)
                0x00083e60                UARTClass::begin(unsigned long)
 .text._ZN9UARTClass10IrqHandlerEv
                0x00083e68       0x5a C:\Users\Tony\AppData\Local\Temp\VMBuilds\FileManipulation\macchina_macchina_sam_m2\Debug/core.a(UARTClass.cpp.o)
                0x00083e68                UARTClass::IrqHandler()
 .text._ZN10USARTClass5beginEm
                0x00083ec2        0x8 C:\Users\Tony\AppData\Local\Temp\VMBuilds\FileManipulation\macchina_macchina_sam_m2\Debug/core.a(USARTClass.cpp.o)
                0x00083ec2                USARTClass::begin(unsigned long)
 *fill*         0x00083eca        0x2 
 .text._ZN10USARTClassC2EP5Usart4IRQnmP10RingBufferS4_
                0x00083ecc       0x24 C:\Users\Tony\AppData\Local\Temp\VMBuilds\FileManipulation\macchina_macchina_sam_m2\Debug/core.a(USARTClass.cpp.o)
                0x00083ecc                USARTClass::USARTClass(Usart*, IRQn, unsigned long, RingBuffer*, RingBuffer*)
                0x00083ecc                USARTClass::USARTClass(Usart*, IRQn, unsigned long, RingBuffer*, RingBuffer*)
 .text._watchdogDefaultSetup
                0x00083ef0        0xc C:\Users\Tony\AppData\Local\Temp\VMBuilds\FileManipulation\macchina_macchina_sam_m2\Debug/core.a(watchdog.cpp.o)
                0x00083ef0                _watchdogDefaultSetup
                0x00083ef0                watchdogSetup()
 .text._ZN7Serial_9availableEv
                0x00083efc       0x18 C:\Users\Tony\AppData\Local\Temp\VMBuilds\FileManipulation\macchina_macchina_sam_m2\Debug/core.a(CDC.cpp.o)
                0x00083efc                Serial_::available()
 .text._ZN7Serial_17availableForWriteEv
                0x00083f14        0x6 C:\Users\Tony\AppData\Local\Temp\VMBuilds\FileManipulation\macchina_macchina_sam_m2\Debug/core.a(CDC.cpp.o)
                0x00083f14                Serial_::availableForWrite()
 *fill*         0x00083f1a        0x2 
 .text._ZN7Serial_4peekEv
                0x00083f1c       0x20 C:\Users\Tony\AppData\Local\Temp\VMBuilds\FileManipulation\macchina_macchina_sam_m2\Debug/core.a(CDC.cpp.o)
                0x00083f1c                Serial_::peek()
 .text._ZN7Serial_5writeEh
                0x00083f3c       0x16 C:\Users\Tony\AppData\Local\Temp\VMBuilds\FileManipulation\macchina_macchina_sam_m2\Debug/core.a(CDC.cpp.o)
                0x00083f3c                Serial_::write(unsigned char)
 *fill*         0x00083f52        0x2 
 .text._ZN7Serial_4readEv
                0x00083f54       0x44 C:\Users\Tony\AppData\Local\Temp\VMBuilds\FileManipulation\macchina_macchina_sam_m2\Debug/core.a(CDC.cpp.o)
                0x00083f54                Serial_::read()
 .text._ZN7Serial_5flushEv
                0x00083f98        0x6 C:\Users\Tony\AppData\Local\Temp\VMBuilds\FileManipulation\macchina_macchina_sam_m2\Debug/core.a(CDC.cpp.o)
                0x00083f98                Serial_::flush()
 *fill*         0x00083f9e        0x2 
 .text._ZN7Serial_6acceptEv
                0x00083fa0       0x70 C:\Users\Tony\AppData\Local\Temp\VMBuilds\FileManipulation\macchina_macchina_sam_m2\Debug/core.a(CDC.cpp.o)
                0x00083fa0                Serial_::accept()
 .text._ZN7Serial_5writeEPKhj
                0x00084010       0x2c C:\Users\Tony\AppData\Local\Temp\VMBuilds\FileManipulation\macchina_macchina_sam_m2\Debug/core.a(CDC.cpp.o)
                0x00084010                Serial_::write(unsigned char const*, unsigned int)
 .text._Z16CDC_GetInterfacePh
                0x0008403c       0x14 C:\Users\Tony\AppData\Local\Temp\VMBuilds\FileManipulation\macchina_macchina_sam_m2\Debug/core.a(CDC.cpp.o)
                0x0008403c                CDC_GetInterface(unsigned char*)
 .text._Z21CDC_GetOtherInterfacePh
                0x00084050       0x14 C:\Users\Tony\AppData\Local\Temp\VMBuilds\FileManipulation\macchina_macchina_sam_m2\Debug/core.a(CDC.cpp.o)
                0x00084050                CDC_GetOtherInterface(unsigned char*)
 .text._Z9CDC_SetupR8USBSetup
                0x00084064       0x78 C:\Users\Tony\AppData\Local\Temp\VMBuilds\FileManipulation\macchina_macchina_sam_m2\Debug/core.a(CDC.cpp.o)
                0x00084064                CDC_Setup(USBSetup&)
 .text._ZN7Serial_cvbEv
                0x000840dc       0x28 C:\Users\Tony\AppData\Local\Temp\VMBuilds\FileManipulation\macchina_macchina_sam_m2\Debug/core.a(CDC.cpp.o)
                0x000840dc                Serial_::operator bool()
 .text.startup._GLOBAL__sub_I_cdc_rx_buffer
                0x00084104       0x1c C:\Users\Tony\AppData\Local\Temp\VMBuilds\FileManipulation\macchina_macchina_sam_m2\Debug/core.a(CDC.cpp.o)
 .text.unlikely._ZL11USB_SendZlpv
                0x00084120       0x20 C:\Users\Tony\AppData\Local\Temp\VMBuilds\FileManipulation\macchina_macchina_sam_m2\Debug/core.a(USBCore.cpp.o)
 .text._Z14USBD_Availablem
                0x00084140       0x2c C:\Users\Tony\AppData\Local\Temp\VMBuilds\FileManipulation\macchina_macchina_sam_m2\Debug/core.a(USBCore.cpp.o)
                0x00084140                USBD_Available(unsigned long)
 .text._Z9USBD_RecvmPvm
                0x0008416c       0x7c C:\Users\Tony\AppData\Local\Temp\VMBuilds\FileManipulation\macchina_macchina_sam_m2\Debug/core.a(USBCore.cpp.o)
                0x0008416c                USBD_Recv(unsigned long, void*, unsigned long)
 .text._Z9USBD_Recvm
                0x000841e8       0x22 C:\Users\Tony\AppData\Local\Temp\VMBuilds\FileManipulation\macchina_macchina_sam_m2\Debug/core.a(USBCore.cpp.o)
                0x000841e8                USBD_Recv(unsigned long)
 *fill*         0x0008420a        0x2 
 .text._Z9USBD_SendmPKvm
                0x0008420c       0x4c C:\Users\Tony\AppData\Local\Temp\VMBuilds\FileManipulation\macchina_macchina_sam_m2\Debug/core.a(USBCore.cpp.o)
                0x0008420c                USBD_Send(unsigned long, void const*, unsigned long)
 .text._Z16USBD_SendControlhPKvm
                0x00084258       0x40 C:\Users\Tony\AppData\Local\Temp\VMBuilds\FileManipulation\macchina_macchina_sam_m2\Debug/core.a(USBCore.cpp.o)
                0x00084258                USBD_SendControl(unsigned char, void const*, unsigned long)
 .text.unlikely._ZL24USB_SendStringDescriptorPKhi
                0x00084298       0x64 C:\Users\Tony\AppData\Local\Temp\VMBuilds\FileManipulation\macchina_macchina_sam_m2\Debug/core.a(USBCore.cpp.o)
 .text._Z16USBD_RecvControlPvm
                0x000842fc       0x1c C:\Users\Tony\AppData\Local\Temp\VMBuilds\FileManipulation\macchina_macchina_sam_m2\Debug/core.a(USBCore.cpp.o)
                0x000842fc                USBD_RecvControl(void*, unsigned long)
 .text._Z26USBD_ClassInterfaceRequestR8USBSetup
                0x00084318       0x1e C:\Users\Tony\AppData\Local\Temp\VMBuilds\FileManipulation\macchina_macchina_sam_m2\Debug/core.a(USBCore.cpp.o)
                0x00084318                USBD_ClassInterfaceRequest(USBSetup&)
 .text._Z19USBD_SendInterfacesv
                0x00084336       0x22 C:\Users\Tony\AppData\Local\Temp\VMBuilds\FileManipulation\macchina_macchina_sam_m2\Debug/core.a(USBCore.cpp.o)
                0x00084336                USBD_SendInterfaces()
 .text._Z24USBD_SendOtherInterfacesv
                0x00084358       0x22 C:\Users\Tony\AppData\Local\Temp\VMBuilds\FileManipulation\macchina_macchina_sam_m2\Debug/core.a(USBCore.cpp.o)
                0x00084358                USBD_SendOtherInterfaces()
 .text._Z10USBD_Flushm
                0x0008437a       0x16 C:\Users\Tony\AppData\Local\Temp\VMBuilds\FileManipulation\macchina_macchina_sam_m2\Debug/core.a(USBCore.cpp.o)
                0x0008437a                USBD_Flush(unsigned long)
 .text._ZN10USBDevice_C2Ev
                0x00084390       0x24 C:\Users\Tony\AppData\Local\Temp\VMBuilds\FileManipulation\macchina_macchina_sam_m2\Debug/core.a(USBCore.cpp.o)
                0x00084390                USBDevice_::USBDevice_()
                0x00084390                USBDevice_::USBDevice_()
 .text._ZN10USBDevice_6attachEv
                0x000843b4       0x20 C:\Users\Tony\AppData\Local\Temp\VMBuilds\FileManipulation\macchina_macchina_sam_m2\Debug/core.a(USBCore.cpp.o)
                0x000843b4                USBDevice_::attach()
 .text.startup._GLOBAL__sub_I_EndPoints
                0x000843d4        0xc C:\Users\Tony\AppData\Local\Temp\VMBuilds\FileManipulation\macchina_macchina_sam_m2\Debug/core.a(USBCore.cpp.o)
 .text._ZL7USB_ISRv
                0x000843e0      0x454 C:\Users\Tony\AppData\Local\Temp\VMBuilds\FileManipulation\macchina_macchina_sam_m2\Debug/core.a(USBCore.cpp.o)
 .text._ZN13PluggableUSB_12getInterfaceEPh
                0x00084834       0x28 C:\Users\Tony\AppData\Local\Temp\VMBuilds\FileManipulation\macchina_macchina_sam_m2\Debug/core.a(PluggableUSB.cpp.o)
                0x00084834                PluggableUSB_::getInterface(unsigned char*)
 .text._ZN13PluggableUSB_13getDescriptorER8USBSetup
                0x0008485c       0x1c C:\Users\Tony\AppData\Local\Temp\VMBuilds\FileManipulation\macchina_macchina_sam_m2\Debug/core.a(PluggableUSB.cpp.o)
                0x0008485c                PluggableUSB_::getDescriptor(USBSetup&)
 .text._ZN13PluggableUSB_12getShortNameEPc
                0x00084878       0x1c C:\Users\Tony\AppData\Local\Temp\VMBuilds\FileManipulation\macchina_macchina_sam_m2\Debug/core.a(PluggableUSB.cpp.o)
                0x00084878                PluggableUSB_::getShortName(char*)
 .text._ZN13PluggableUSB_5setupER8USBSetup
                0x00084894       0x20 C:\Users\Tony\AppData\Local\Temp\VMBuilds\FileManipulation\macchina_macchina_sam_m2\Debug/core.a(PluggableUSB.cpp.o)
                0x00084894                PluggableUSB_::setup(USBSetup&)
 .text._Z12PluggableUSBv
                0x000848b4       0x28 C:\Users\Tony\AppData\Local\Temp\VMBuilds\FileManipulation\macchina_macchina_sam_m2\Debug/core.a(PluggableUSB.cpp.o)
                0x000848b4                PluggableUSB()
 .text.TimeTick_Increment
                0x000848dc       0x10 C:\Users\Tony\AppData\Local\arduino15\packages\macchina\hardware\sam\0.1.0\variants\m2/libsam_sam3x8e_gcc_rel.a(timetick.o)
                0x000848dc                TimeTick_Increment
 .text.GetTickCount
                0x000848ec        0xc C:\Users\Tony\AppData\Local\arduino15\packages\macchina\hardware\sam\0.1.0\variants\m2/libsam_sam3x8e_gcc_rel.a(timetick.o)
                0x000848ec                GetTickCount
 .text.WDT_Disable
                0x000848f8        0x8 C:\Users\Tony\AppData\Local\arduino15\packages\macchina\hardware\sam\0.1.0\variants\m2/libsam_sam3x8e_gcc_rel.a(wdt.o)
                0x000848f8                WDT_Disable
 .text.UDD_SetStack
                0x00084900        0xc C:\Users\Tony\AppData\Local\arduino15\packages\macchina\hardware\sam\0.1.0\variants\m2/libsam_sam3x8e_gcc_rel.a(uotghs_device.o)
                0x00084900                UDD_SetStack
 .text.UDD_Init
                0x0008490c       0xd0 C:\Users\Tony\AppData\Local\arduino15\packages\macchina\hardware\sam\0.1.0\variants\m2/libsam_sam3x8e_gcc_rel.a(uotghs_device.o)
                0x0008490c                UDD_Init
 .text.UDD_Attach
                0x000849dc       0x50 C:\Users\Tony\AppData\Local\arduino15\packages\macchina\hardware\sam\0.1.0\variants\m2/libsam_sam3x8e_gcc_rel.a(uotghs_device.o)
                0x000849dc                UDD_Attach
 .text.UDD_InitEP
                0x00084a2c       0x2c C:\Users\Tony\AppData\Local\arduino15\packages\macchina\hardware\sam\0.1.0\variants\m2/libsam_sam3x8e_gcc_rel.a(uotghs_device.o)
                0x00084a2c                UDD_InitEP
 .text.UDD_InitEndpoints
                0x00084a58       0x3c C:\Users\Tony\AppData\Local\arduino15\packages\macchina\hardware\sam\0.1.0\variants\m2/libsam_sam3x8e_gcc_rel.a(uotghs_device.o)
                0x00084a58                UDD_InitEndpoints
 .text.UDD_WaitIN
                0x00084a94       0x10 C:\Users\Tony\AppData\Local\arduino15\packages\macchina\hardware\sam\0.1.0\variants\m2/libsam_sam3x8e_gcc_rel.a(uotghs_device.o)
                0x00084a94                UDD_WaitIN
 .text.UDD_WaitOUT
                0x00084aa4       0x10 C:\Users\Tony\AppData\Local\arduino15\packages\macchina\hardware\sam\0.1.0\variants\m2/libsam_sam3x8e_gcc_rel.a(uotghs_device.o)
                0x00084aa4                UDD_WaitOUT
 .text.UDD_ClearIN
                0x00084ab4       0x18 C:\Users\Tony\AppData\Local\arduino15\packages\macchina\hardware\sam\0.1.0\variants\m2/libsam_sam3x8e_gcc_rel.a(uotghs_device.o)
                0x00084ab4                UDD_ClearIN
 .text.UDD_ClearOUT
                0x00084acc       0x18 C:\Users\Tony\AppData\Local\arduino15\packages\macchina\hardware\sam\0.1.0\variants\m2/libsam_sam3x8e_gcc_rel.a(uotghs_device.o)
                0x00084acc                UDD_ClearOUT
 .text.UDD_ReceivedSetupInt
                0x00084ae4       0x10 C:\Users\Tony\AppData\Local\arduino15\packages\macchina\hardware\sam\0.1.0\variants\m2/libsam_sam3x8e_gcc_rel.a(uotghs_device.o)
                0x00084ae4                UDD_ReceivedSetupInt
 .text.UDD_ClearSetupInt
                0x00084af4       0x10 C:\Users\Tony\AppData\Local\arduino15\packages\macchina\hardware\sam\0.1.0\variants\m2/libsam_sam3x8e_gcc_rel.a(uotghs_device.o)
                0x00084af4                UDD_ClearSetupInt
 .text.UDD_Send
                0x00084b04       0x88 C:\Users\Tony\AppData\Local\arduino15\packages\macchina\hardware\sam\0.1.0\variants\m2/libsam_sam3x8e_gcc_rel.a(uotghs_device.o)
                0x00084b04                UDD_Send
 .text.UDD_Send8
                0x00084b8c       0x24 C:\Users\Tony\AppData\Local\arduino15\packages\macchina\hardware\sam\0.1.0\variants\m2/libsam_sam3x8e_gcc_rel.a(uotghs_device.o)
                0x00084b8c                UDD_Send8
 .text.UDD_Recv8
                0x00084bb0       0x28 C:\Users\Tony\AppData\Local\arduino15\packages\macchina\hardware\sam\0.1.0\variants\m2/libsam_sam3x8e_gcc_rel.a(uotghs_device.o)
                0x00084bb0                UDD_Recv8
 .text.UDD_Recv
                0x00084bd8       0x34 C:\Users\Tony\AppData\Local\arduino15\packages\macchina\hardware\sam\0.1.0\variants\m2/libsam_sam3x8e_gcc_rel.a(uotghs_device.o)
                0x00084bd8                UDD_Recv
 .text.UDD_Stall
                0x00084c0c       0x14 C:\Users\Tony\AppData\Local\arduino15\packages\macchina\hardware\sam\0.1.0\variants\m2/libsam_sam3x8e_gcc_rel.a(uotghs_device.o)
                0x00084c0c                UDD_Stall
 .text.UDD_FifoByteCount
                0x00084c20       0x14 C:\Users\Tony\AppData\Local\arduino15\packages\macchina\hardware\sam\0.1.0\variants\m2/libsam_sam3x8e_gcc_rel.a(uotghs_device.o)
                0x00084c20                UDD_FifoByteCount
 .text.UDD_ReleaseRX
                0x00084c34       0x28 C:\Users\Tony\AppData\Local\arduino15\packages\macchina\hardware\sam\0.1.0\variants\m2/libsam_sam3x8e_gcc_rel.a(uotghs_device.o)
                0x00084c34                UDD_ReleaseRX
 .text.UDD_ReleaseTX
                0x00084c5c       0x28 C:\Users\Tony\AppData\Local\arduino15\packages\macchina\hardware\sam\0.1.0\variants\m2/libsam_sam3x8e_gcc_rel.a(uotghs_device.o)
                0x00084c5c                UDD_ReleaseTX
 .text.UDD_SetAddress
                0x00084c84       0x20 C:\Users\Tony\AppData\Local\arduino15\packages\macchina\hardware\sam\0.1.0\variants\m2/libsam_sam3x8e_gcc_rel.a(uotghs_device.o)
                0x00084c84                UDD_SetAddress
 .text.__libc_init_array
                0x00084ca4       0x50 c:/users/tony/appdata/local/arduino15/packages/arduino/tools/arm-none-eabi-gcc/4.8.3-2014q1/bin/../lib/gcc/arm-none-eabi/4.8.3/../../../../arm-none-eabi/lib/armv7-m\libg.a(lib_a-init.o)
                0x00084ca4                __libc_init_array
 .text.iprintf  0x00084cf4       0x28 c:/users/tony/appdata/local/arduino15/packages/arduino/tools/arm-none-eabi-gcc/4.8.3-2014q1/bin/../lib/gcc/arm-none-eabi/4.8.3/../../../../arm-none-eabi/lib/armv7-m\libg.a(lib_a-iprintf.o)
                0x00084cf4                iprintf
 .text.malloc   0x00084d1c       0x10 c:/users/tony/appdata/local/arduino15/packages/arduino/tools/arm-none-eabi-gcc/4.8.3-2014q1/bin/../lib/gcc/arm-none-eabi/4.8.3/../../../../arm-none-eabi/lib/armv7-m\libg.a(lib_a-malloc.o)
                0x00084d1c                malloc
 .text._malloc_r
                0x00084d2c      0x538 c:/users/tony/appdata/local/arduino15/packages/arduino/tools/arm-none-eabi-gcc/4.8.3-2014q1/bin/../lib/gcc/arm-none-eabi/4.8.3/../../../../arm-none-eabi/lib/armv7-m\libg.a(lib_a-mallocr.o)
                0x00084d2c                _malloc_r
 .text.memset   0x00085264       0x94 c:/users/tony/appdata/local/arduino15/packages/arduino/tools/arm-none-eabi-gcc/4.8.3-2014q1/bin/../lib/gcc/arm-none-eabi/4.8.3/../../../../arm-none-eabi/lib/armv7-m\libg.a(lib_a-memset.o)
                0x00085264                memset
 .text.__malloc_lock
                0x000852f8        0x4 c:/users/tony/appdata/local/arduino15/packages/arduino/tools/arm-none-eabi-gcc/4.8.3-2014q1/bin/../lib/gcc/arm-none-eabi/4.8.3/../../../../arm-none-eabi/lib/armv7-m\libg.a(lib_a-mlock.o)
                0x000852f8                __malloc_lock
 .text.__malloc_unlock
                0x000852fc        0x4 c:/users/tony/appdata/local/arduino15/packages/arduino/tools/arm-none-eabi-gcc/4.8.3-2014q1/bin/../lib/gcc/arm-none-eabi/4.8.3/../../../../arm-none-eabi/lib/armv7-m\libg.a(lib_a-mlock.o)
                0x000852fc                __malloc_unlock
 .text._sbrk_r  0x00085300       0x24 c:/users/tony/appdata/local/arduino15/packages/arduino/tools/arm-none-eabi-gcc/4.8.3-2014q1/bin/../lib/gcc/arm-none-eabi/4.8.3/../../../../arm-none-eabi/lib/armv7-m\libg.a(lib_a-sbrkr.o)
                0x00085300                _sbrk_r
 .text.strlen   0x00085324       0x60 c:/users/tony/appdata/local/arduino15/packages/arduino/tools/arm-none-eabi-gcc/4.8.3-2014q1/bin/../lib/gcc/arm-none-eabi/4.8.3/../../../../arm-none-eabi/lib/armv7-m\libg.a(lib_a-strlen.o)
                0x00085324                strlen
 .text.kill     0x00085384       0x10 c:/users/tony/appdata/local/arduino15/packages/arduino/tools/arm-none-eabi-gcc/4.8.3-2014q1/bin/../lib/gcc/arm-none-eabi/4.8.3/../../../../arm-none-eabi/lib/armv7-m\libg.a(lib_a-syskill.o)
                0x00085384                kill
 .text.__sprint_r.part.0
                0x00085394       0x78 c:/users/tony/appdata/local/arduino15/packages/arduino/tools/arm-none-eabi-gcc/4.8.3-2014q1/bin/../lib/gcc/arm-none-eabi/4.8.3/../../../../arm-none-eabi/lib/armv7-m\libg.a(lib_a-vfiprintf.o)
 .text._vfiprintf_r
                0x0008540c      0xc54 c:/users/tony/appdata/local/arduino15/packages/arduino/tools/arm-none-eabi-gcc/4.8.3-2014q1/bin/../lib/gcc/arm-none-eabi/4.8.3/../../../../arm-none-eabi/lib/armv7-m\libg.a(lib_a-vfiprintf.o)
                0x0008540c                _vfiprintf_r
 .text.__sbprintf
                0x00086060       0x7c c:/users/tony/appdata/local/arduino15/packages/arduino/tools/arm-none-eabi-gcc/4.8.3-2014q1/bin/../lib/gcc/arm-none-eabi/4.8.3/../../../../arm-none-eabi/lib/armv7-m\libg.a(lib_a-vfiprintf.o)
 .text.__swsetup_r
                0x000860dc       0xc4 c:/users/tony/appdata/local/arduino15/packages/arduino/tools/arm-none-eabi-gcc/4.8.3-2014q1/bin/../lib/gcc/arm-none-eabi/4.8.3/../../../../arm-none-eabi/lib/armv7-m\libg.a(lib_a-wsetup.o)
                0x000860dc                __swsetup_r
 .text.startup.register_fini
                0x000861a0       0x14 c:/users/tony/appdata/local/arduino15/packages/arduino/tools/arm-none-eabi-gcc/4.8.3-2014q1/bin/../lib/gcc/arm-none-eabi/4.8.3/../../../../arm-none-eabi/lib/armv7-m\libg.a(lib_a-__call_atexit.o)
 .text.atexit   0x000861b4        0xc c:/users/tony/appdata/local/arduino15/packages/arduino/tools/arm-none-eabi-gcc/4.8.3-2014q1/bin/../lib/gcc/arm-none-eabi/4.8.3/../../../../arm-none-eabi/lib/armv7-m\libg.a(lib_a-atexit.o)
                0x000861b4                atexit
 .text.__sflush_r
                0x000861c0      0x148 c:/users/tony/appdata/local/arduino15/packages/arduino/tools/arm-none-eabi-gcc/4.8.3-2014q1/bin/../lib/gcc/arm-none-eabi/4.8.3/../../../../arm-none-eabi/lib/armv7-m\libg.a(lib_a-fflush.o)
                0x000861c0                __sflush_r
 .text._fflush_r
                0x00086308       0x2c c:/users/tony/appdata/local/arduino15/packages/arduino/tools/arm-none-eabi-gcc/4.8.3-2014q1/bin/../lib/gcc/arm-none-eabi/4.8.3/../../../../arm-none-eabi/lib/armv7-m\libg.a(lib_a-fflush.o)
                0x00086308                _fflush_r
 .text._cleanup_r
                0x00086334        0xc c:/users/tony/appdata/local/arduino15/packages/arduino/tools/arm-none-eabi-gcc/4.8.3-2014q1/bin/../lib/gcc/arm-none-eabi/4.8.3/../../../../arm-none-eabi/lib/armv7-m\libg.a(lib_a-findfp.o)
                0x00086334                _cleanup_r
 .text.__sinit  0x00086340       0xf4 c:/users/tony/appdata/local/arduino15/packages/arduino/tools/arm-none-eabi-gcc/4.8.3-2014q1/bin/../lib/gcc/arm-none-eabi/4.8.3/../../../../arm-none-eabi/lib/armv7-m\libg.a(lib_a-findfp.o)
                0x00086340                __sinit
 .text.__sfp_lock_acquire
                0x00086434        0x4 c:/users/tony/appdata/local/arduino15/packages/arduino/tools/arm-none-eabi-gcc/4.8.3-2014q1/bin/../lib/gcc/arm-none-eabi/4.8.3/../../../../arm-none-eabi/lib/armv7-m\libg.a(lib_a-findfp.o)
                0x00086434                __sfp_lock_acquire
 .text.__sfp_lock_release
                0x00086438        0x4 c:/users/tony/appdata/local/arduino15/packages/arduino/tools/arm-none-eabi-gcc/4.8.3-2014q1/bin/../lib/gcc/arm-none-eabi/4.8.3/../../../../arm-none-eabi/lib/armv7-m\libg.a(lib_a-findfp.o)
                0x00086438                __sfp_lock_release
 .text.__libc_fini_array
                0x0008643c       0x30 c:/users/tony/appdata/local/arduino15/packages/arduino/tools/arm-none-eabi-gcc/4.8.3-2014q1/bin/../lib/gcc/arm-none-eabi/4.8.3/../../../../arm-none-eabi/lib/armv7-m\libg.a(lib_a-fini.o)
                0x0008643c                __libc_fini_array
 .text._fputwc_r
                0x0008646c       0xc0 c:/users/tony/appdata/local/arduino15/packages/arduino/tools/arm-none-eabi-gcc/4.8.3-2014q1/bin/../lib/gcc/arm-none-eabi/4.8.3/../../../../arm-none-eabi/lib/armv7-m\libg.a(lib_a-fputwc.o)
                0x0008646c                _fputwc_r
 .text._malloc_trim_r
                0x0008652c       0x9c c:/users/tony/appdata/local/arduino15/packages/arduino/tools/arm-none-eabi-gcc/4.8.3-2014q1/bin/../lib/gcc/arm-none-eabi/4.8.3/../../../../arm-none-eabi/lib/armv7-m\libg.a(lib_a-freer.o)
                0x0008652c                _malloc_trim_r
 .text._free_r  0x000865c8      0x198 c:/users/tony/appdata/local/arduino15/packages/arduino/tools/arm-none-eabi-gcc/4.8.3-2014q1/bin/../lib/gcc/arm-none-eabi/4.8.3/../../../../arm-none-eabi/lib/armv7-m\libg.a(lib_a-freer.o)
                0x000865c8                _free_r
 .text.__sfvwrite_r
                0x00086760      0x314 c:/users/tony/appdata/local/arduino15/packages/arduino/tools/arm-none-eabi-gcc/4.8.3-2014q1/bin/../lib/gcc/arm-none-eabi/4.8.3/../../../../arm-none-eabi/lib/armv7-m\libg.a(lib_a-fvwrite.o)
                0x00086760                __sfvwrite_r
 .text._fwalk   0x00086a74       0x48 c:/users/tony/appdata/local/arduino15/packages/arduino/tools/arm-none-eabi-gcc/4.8.3-2014q1/bin/../lib/gcc/arm-none-eabi/4.8.3/../../../../arm-none-eabi/lib/armv7-m\libg.a(lib_a-fwalk.o)
                0x00086a74                _fwalk
 .text.__locale_charset
                0x00086abc        0x8 c:/users/tony/appdata/local/arduino15/packages/arduino/tools/arm-none-eabi-gcc/4.8.3-2014q1/bin/../lib/gcc/arm-none-eabi/4.8.3/../../../../arm-none-eabi/lib/armv7-m\libg.a(lib_a-locale.o)
                0x00086abc                __locale_charset
 .text.__locale_mb_cur_max
                0x00086ac4        0xc c:/users/tony/appdata/local/arduino15/packages/arduino/tools/arm-none-eabi-gcc/4.8.3-2014q1/bin/../lib/gcc/arm-none-eabi/4.8.3/../../../../arm-none-eabi/lib/armv7-m\libg.a(lib_a-locale.o)
                0x00086ac4                __locale_mb_cur_max
 .text.__smakebuf_r
                0x00086ad0       0xe0 c:/users/tony/appdata/local/arduino15/packages/arduino/tools/arm-none-eabi-gcc/4.8.3-2014q1/bin/../lib/gcc/arm-none-eabi/4.8.3/../../../../arm-none-eabi/lib/armv7-m\libg.a(lib_a-makebuf.o)
                0x00086ad0                __smakebuf_r
 .text.memchr   0x00086bb0       0x94 c:/users/tony/appdata/local/arduino15/packages/arduino/tools/arm-none-eabi-gcc/4.8.3-2014q1/bin/../lib/gcc/arm-none-eabi/4.8.3/../../../../arm-none-eabi/lib/armv7-m\libg.a(lib_a-memchr-stub.o)
                0x00086bb0                memchr
 .text          0x00086c44       0xec c:/users/tony/appdata/local/arduino15/packages/arduino/tools/arm-none-eabi-gcc/4.8.3-2014q1/bin/../lib/gcc/arm-none-eabi/4.8.3/../../../../arm-none-eabi/lib/armv7-m\libg.a(lib_a-memcpy.o)
                0x00086c44                memcpy
 .text.memmove  0x00086d30       0xcc c:/users/tony/appdata/local/arduino15/packages/arduino/tools/arm-none-eabi-gcc/4.8.3-2014q1/bin/../lib/gcc/arm-none-eabi/4.8.3/../../../../arm-none-eabi/lib/armv7-m\libg.a(lib_a-memmove.o)
                0x00086d30                memmove
 .text._realloc_r
                0x00086dfc      0x3c0 c:/users/tony/appdata/local/arduino15/packages/arduino/tools/arm-none-eabi-gcc/4.8.3-2014q1/bin/../lib/gcc/arm-none-eabi/4.8.3/../../../../arm-none-eabi/lib/armv7-m\libg.a(lib_a-reallocr.o)
                0x00086dfc                _realloc_r
 .text._kill_r  0x000871bc       0x28 c:/users/tony/appdata/local/arduino15/packages/arduino/tools/arm-none-eabi-gcc/4.8.3-2014q1/bin/../lib/gcc/arm-none-eabi/4.8.3/../../../../arm-none-eabi/lib/armv7-m\libg.a(lib_a-signalr.o)
                0x000871bc                _kill_r
 .text.__sread  0x000871e4       0x24 c:/users/tony/appdata/local/arduino15/packages/arduino/tools/arm-none-eabi-gcc/4.8.3-2014q1/bin/../lib/gcc/arm-none-eabi/4.8.3/../../../../arm-none-eabi/lib/armv7-m\libg.a(lib_a-stdio.o)
                0x000871e4                __sread
 .text.__swrite
                0x00087208       0x38 c:/users/tony/appdata/local/arduino15/packages/arduino/tools/arm-none-eabi-gcc/4.8.3-2014q1/bin/../lib/gcc/arm-none-eabi/4.8.3/../../../../arm-none-eabi/lib/armv7-m\libg.a(lib_a-stdio.o)
                0x00087208                __swrite
 .text.__sseek  0x00087240       0x20 c:/users/tony/appdata/local/arduino15/packages/arduino/tools/arm-none-eabi-gcc/4.8.3-2014q1/bin/../lib/gcc/arm-none-eabi/4.8.3/../../../../arm-none-eabi/lib/armv7-m\libg.a(lib_a-stdio.o)
                0x00087240                __sseek
 .text.__sclose
                0x00087260        0x8 c:/users/tony/appdata/local/arduino15/packages/arduino/tools/arm-none-eabi-gcc/4.8.3-2014q1/bin/../lib/gcc/arm-none-eabi/4.8.3/../../../../arm-none-eabi/lib/armv7-m\libg.a(lib_a-stdio.o)
                0x00087260                __sclose
 .text.__swbuf_r
                0x00087268       0xa8 c:/users/tony/appdata/local/arduino15/packages/arduino/tools/arm-none-eabi-gcc/4.8.3-2014q1/bin/../lib/gcc/arm-none-eabi/4.8.3/../../../../arm-none-eabi/lib/armv7-m\libg.a(lib_a-wbuf.o)
                0x00087268                __swbuf_r
 .text._wcrtomb_r
                0x00087310       0x50 c:/users/tony/appdata/local/arduino15/packages/arduino/tools/arm-none-eabi-gcc/4.8.3-2014q1/bin/../lib/gcc/arm-none-eabi/4.8.3/../../../../arm-none-eabi/lib/armv7-m\libg.a(lib_a-wcrtomb.o)
                0x00087310                _wcrtomb_r
 .text.__ascii_wctomb
                0x00087360       0x1c c:/users/tony/appdata/local/arduino15/packages/arduino/tools/arm-none-eabi-gcc/4.8.3-2014q1/bin/../lib/gcc/arm-none-eabi/4.8.3/../../../../arm-none-eabi/lib/armv7-m\libg.a(lib_a-wctomb_r.o)
                0x00087360                __ascii_wctomb
 .text._write_r
                0x0008737c       0x28 c:/users/tony/appdata/local/arduino15/packages/arduino/tools/arm-none-eabi-gcc/4.8.3-2014q1/bin/../lib/gcc/arm-none-eabi/4.8.3/../../../../arm-none-eabi/lib/armv7-m\libg.a(lib_a-writer.o)
                0x0008737c                _write_r
 .text.__register_exitproc
                0x000873a4       0xa8 c:/users/tony/appdata/local/arduino15/packages/arduino/tools/arm-none-eabi-gcc/4.8.3-2014q1/bin/../lib/gcc/arm-none-eabi/4.8.3/../../../../arm-none-eabi/lib/armv7-m\libg.a(lib_a-__atexit.o)
                0x000873a4                __register_exitproc
 .text._close_r
                0x0008744c       0x24 c:/users/tony/appdata/local/arduino15/packages/arduino/tools/arm-none-eabi-gcc/4.8.3-2014q1/bin/../lib/gcc/arm-none-eabi/4.8.3/../../../../arm-none-eabi/lib/armv7-m\libg.a(lib_a-closer.o)
                0x0008744c                _close_r
 .text._fclose_r
                0x00087470       0x80 c:/users/tony/appdata/local/arduino15/packages/arduino/tools/arm-none-eabi-gcc/4.8.3-2014q1/bin/../lib/gcc/arm-none-eabi/4.8.3/../../../../arm-none-eabi/lib/armv7-m\libg.a(lib_a-fclose.o)
                0x00087470                _fclose_r
 .text.fclose   0x000874f0       0x10 c:/users/tony/appdata/local/arduino15/packages/arduino/tools/arm-none-eabi-gcc/4.8.3-2014q1/bin/../lib/gcc/arm-none-eabi/4.8.3/../../../../arm-none-eabi/lib/armv7-m\libg.a(lib_a-fclose.o)
                0x000874f0                fclose
 .text._fstat_r
                0x00087500       0x28 c:/users/tony/appdata/local/arduino15/packages/arduino/tools/arm-none-eabi-gcc/4.8.3-2014q1/bin/../lib/gcc/arm-none-eabi/4.8.3/../../../../arm-none-eabi/lib/armv7-m\libg.a(lib_a-fstatr.o)
                0x00087500                _fstat_r
 .text._isatty_r
                0x00087528       0x24 c:/users/tony/appdata/local/arduino15/packages/arduino/tools/arm-none-eabi-gcc/4.8.3-2014q1/bin/../lib/gcc/arm-none-eabi/4.8.3/../../../../arm-none-eabi/lib/armv7-m\libg.a(lib_a-isattyr.o)
                0x00087528                _isatty_r
 .text._lseek_r
                0x0008754c       0x28 c:/users/tony/appdata/local/arduino15/packages/arduino/tools/arm-none-eabi-gcc/4.8.3-2014q1/bin/../lib/gcc/arm-none-eabi/4.8.3/../../../../arm-none-eabi/lib/armv7-m\libg.a(lib_a-lseekr.o)
                0x0008754c                _lseek_r
 .text._read_r  0x00087574       0x28 c:/users/tony/appdata/local/arduino15/packages/arduino/tools/arm-none-eabi-gcc/4.8.3-2014q1/bin/../lib/gcc/arm-none-eabi/4.8.3/../../../../arm-none-eabi/lib/armv7-m\libg.a(lib_a-readr.o)
                0x00087574                _read_r
 .text          0x0008759c       0x2c c:/users/tony/appdata/local/arduino15/packages/arduino/tools/arm-none-eabi-gcc/4.8.3-2014q1/bin/../lib/gcc/arm-none-eabi/4.8.3/armv7-m\libgcc.a(_aeabi_uldivmod.o)
                0x0008759c                __aeabi_uldivmod
 .text          0x000875c8       0x60 c:/users/tony/appdata/local/arduino15/packages/arduino/tools/arm-none-eabi-gcc/4.8.3-2014q1/bin/../lib/gcc/arm-none-eabi/4.8.3/armv7-m\libgcc.a(bpabi.o)
                0x000875c8                __gnu_ldivmod_helper
                0x000875f8                __gnu_uldivmod_helper
 .text          0x00087628        0x4 c:/users/tony/appdata/local/arduino15/packages/arduino/tools/arm-none-eabi-gcc/4.8.3-2014q1/bin/../lib/gcc/arm-none-eabi/4.8.3/armv7-m\libgcc.a(_dvmd_tls.o)
                0x00087628                __aeabi_idiv0
                0x00087628                __aeabi_ldiv0
 .text          0x0008762c      0x2a0 c:/users/tony/appdata/local/arduino15/packages/arduino/tools/arm-none-eabi-gcc/4.8.3-2014q1/bin/../lib/gcc/arm-none-eabi/4.8.3/armv7-m\libgcc.a(_divdi3.o)
                0x0008762c                __divdi3
 .text          0x000878cc      0x290 c:/users/tony/appdata/local/arduino15/packages/arduino/tools/arm-none-eabi-gcc/4.8.3-2014q1/bin/../lib/gcc/arm-none-eabi/4.8.3/armv7-m\libgcc.a(_udivdi3.o)
                0x000878cc                __udivdi3
 *(.glue_7t)
 .glue_7t       0x00000000        0x0 linker stubs
 *(.glue_7)
 .glue_7        0x00000000        0x0 linker stubs
 *(.rodata .rodata* .gnu.linkonce.r.*)
 .rodata.str1.1
                0x00087b5c        0xa C:\Users\Tony\AppData\Local\Temp\VMBuilds\FileManipulation\macchina_macchina_sam_m2\Debug\FileManipulation.cpp.o
                                  0xf (size before relaxing)
 .rodata.str1.1
                0x00087b66      0x49a C:\Users\Tony\AppData\Local\Temp\VMBuilds\FileManipulation\macchina_macchina_sam_m2\Debug\M2_Due_SD_HSCMI\M2_Due_SD_HSCMI.cpp.o
                                0x4bd (size before relaxing)
 .rodata.tbl_lower.4253
                0x00088000      0x1e0 C:\Users\Tony\AppData\Local\Temp\VMBuilds\FileManipulation\macchina_macchina_sam_m2\Debug\SD_HSMCI\utility\ccsbcs.c.o
 .rodata.Tbl    0x000881e0      0x100 C:\Users\Tony\AppData\Local\Temp\VMBuilds\FileManipulation\macchina_macchina_sam_m2\Debug\SD_HSMCI\utility\ccsbcs.c.o
 .rodata.tbl_upper.4254
                0x000882e0      0x1e0 C:\Users\Tony\AppData\Local\Temp\VMBuilds\FileManipulation\macchina_macchina_sam_m2\Debug\SD_HSMCI\utility\ccsbcs.c.o
 .rodata.excvt.4503
                0x000884c0       0x80 C:\Users\Tony\AppData\Local\Temp\VMBuilds\FileManipulation\macchina_macchina_sam_m2\Debug\SD_HSMCI\utility\ff.c.o
 .rodata.str1.1
                0x00088540       0x44 C:\Users\Tony\AppData\Local\Temp\VMBuilds\FileManipulation\macchina_macchina_sam_m2\Debug\SD_HSMCI\utility\ff.c.o
 .rodata.LfnOfs
                0x00088584        0xd C:\Users\Tony\AppData\Local\Temp\VMBuilds\FileManipulation\macchina_macchina_sam_m2\Debug\SD_HSMCI\utility\ff.c.o
 .rodata.str1.1
                0x00088591        0xe C:\Users\Tony\AppData\Local\Temp\VMBuilds\FileManipulation\macchina_macchina_sam_m2\Debug\SD_HSMCI\utility\hsmci.c.o
 .rodata.__func__.10085
                0x0008859f       0x10 C:\Users\Tony\AppData\Local\Temp\VMBuilds\FileManipulation\macchina_macchina_sam_m2\Debug\SD_HSMCI\utility\hsmci.c.o
 *fill*         0x000885af        0x1 
 .rodata.sd_trans_multipliers
                0x000885b0       0x40 C:\Users\Tony\AppData\Local\Temp\VMBuilds\FileManipulation\macchina_macchina_sam_m2\Debug\SD_HSMCI\utility\sd_mmc.c.o
                0x000885b0                sd_trans_multipliers
 .rodata.sd_mmc_trans_units
                0x000885f0       0x1c C:\Users\Tony\AppData\Local\Temp\VMBuilds\FileManipulation\macchina_macchina_sam_m2\Debug\SD_HSMCI\utility\sd_mmc.c.o
                0x000885f0                sd_mmc_trans_units
 .rodata.mmc_trans_multipliers
                0x0008860c       0x40 C:\Users\Tony\AppData\Local\Temp\VMBuilds\FileManipulation\macchina_macchina_sam_m2\Debug\SD_HSMCI\utility\sd_mmc.c.o
                0x0008860c                mmc_trans_multipliers
 .rodata.g_APinDescription
                0x0008864c      0xbec C:\Users\Tony\AppData\Local\Temp\VMBuilds\FileManipulation\macchina_macchina_sam_m2\Debug\variant\variant.cpp.o
                0x0008864c                g_APinDescription
 .rodata        0x00089238       0x40 C:\Users\Tony\AppData\Local\arduino15\packages\macchina\hardware\sam\0.1.0\variants\m2/libsam_sam3x8e_gcc_rel.a(adc.o)
 .rodata.str1.1
                0x00089278       0x19 C:\Users\Tony\AppData\Local\Temp\VMBuilds\FileManipulation\macchina_macchina_sam_m2\Debug/core.a(syscalls_sam3.c.o)
 *fill*         0x00089291        0x7 
 .rodata._ZTV9UARTClass
                0x00089298       0x30 C:\Users\Tony\AppData\Local\Temp\VMBuilds\FileManipulation\macchina_macchina_sam_m2\Debug/core.a(UARTClass.cpp.o)
                0x00089298                vtable for UARTClass
 .rodata._ZTV10USARTClass
                0x000892c8       0x30 C:\Users\Tony\AppData\Local\Temp\VMBuilds\FileManipulation\macchina_macchina_sam_m2\Debug/core.a(USARTClass.cpp.o)
                0x000892c8                vtable for USARTClass
 .rodata._ZTV7Serial_
                0x000892f8       0x28 C:\Users\Tony\AppData\Local\Temp\VMBuilds\FileManipulation\macchina_macchina_sam_m2\Debug/core.a(CDC.cpp.o)
                0x000892f8                vtable for Serial_
 .rodata._ZL18_cdcOtherInterface
                0x00089320       0x42 C:\Users\Tony\AppData\Local\Temp\VMBuilds\FileManipulation\macchina_macchina_sam_m2\Debug/core.a(CDC.cpp.o)
 .rodata._ZL13_cdcInterface
                0x00089362       0x42 C:\Users\Tony\AppData\Local\Temp\VMBuilds\FileManipulation\macchina_macchina_sam_m2\Debug/core.a(CDC.cpp.o)
 .rodata.STRING_PRODUCT
                0x000893a4        0xc C:\Users\Tony\AppData\Local\Temp\VMBuilds\FileManipulation\macchina_macchina_sam_m2\Debug/core.a(USBCore.cpp.o)
                0x000893a4                STRING_PRODUCT
 .rodata.USB_DeviceDescriptor
                0x000893b0       0x12 C:\Users\Tony\AppData\Local\Temp\VMBuilds\FileManipulation\macchina_macchina_sam_m2\Debug/core.a(USBCore.cpp.o)
                0x000893b0                USB_DeviceDescriptor
 .rodata.STRING_LANGUAGE
                0x000893c2        0x4 C:\Users\Tony\AppData\Local\Temp\VMBuilds\FileManipulation\macchina_macchina_sam_m2\Debug/core.a(USBCore.cpp.o)
                0x000893c2                STRING_LANGUAGE
 .rodata._ZL18test_packet_buffer
                0x000893c6       0x35 C:\Users\Tony\AppData\Local\Temp\VMBuilds\FileManipulation\macchina_macchina_sam_m2\Debug/core.a(USBCore.cpp.o)
 .rodata.STRING_MANUFACTURER
                0x000893fb        0xc C:\Users\Tony\AppData\Local\Temp\VMBuilds\FileManipulation\macchina_macchina_sam_m2\Debug/core.a(USBCore.cpp.o)
                0x000893fb                STRING_MANUFACTURER
 .rodata.USB_DeviceDescriptorA
                0x00089407       0x12 C:\Users\Tony\AppData\Local\Temp\VMBuilds\FileManipulation\macchina_macchina_sam_m2\Debug/core.a(USBCore.cpp.o)
                0x00089407                USB_DeviceDescriptorA
 .rodata._ZL19USB_DeviceQualifier
                0x00089419        0x9 C:\Users\Tony\AppData\Local\Temp\VMBuilds\FileManipulation\macchina_macchina_sam_m2\Debug/core.a(USBCore.cpp.o)
 *fill*         0x00089422        0x2 
 .rodata.str1.4
                0x00089424        0x2 c:/users/tony/appdata/local/arduino15/packages/arduino/tools/arm-none-eabi-gcc/4.8.3-2014q1/bin/../lib/gcc/arm-none-eabi/4.8.3/../../../../arm-none-eabi/lib/armv7-m\libg.a(lib_a-impure.o)
                                  0x4 (size before relaxing)
 *fill*         0x00089426        0x2 
 .rodata._global_impure_ptr
                0x00089428        0x4 c:/users/tony/appdata/local/arduino15/packages/arduino/tools/arm-none-eabi-gcc/4.8.3-2014q1/bin/../lib/gcc/arm-none-eabi/4.8.3/../../../../arm-none-eabi/lib/armv7-m\libg.a(lib_a-impure.o)
                0x00089428                _global_impure_ptr
 .rodata.blanks.6717
                0x0008942c       0x10 c:/users/tony/appdata/local/arduino15/packages/arduino/tools/arm-none-eabi-gcc/4.8.3-2014q1/bin/../lib/gcc/arm-none-eabi/4.8.3/../../../../arm-none-eabi/lib/armv7-m\libg.a(lib_a-vfiprintf.o)
 .rodata.str1.4
                0x0008943c       0x30 c:/users/tony/appdata/local/arduino15/packages/arduino/tools/arm-none-eabi-gcc/4.8.3-2014q1/bin/../lib/gcc/arm-none-eabi/4.8.3/../../../../arm-none-eabi/lib/armv7-m\libg.a(lib_a-vfiprintf.o)
 .rodata.zeroes.6718
                0x0008946c       0x10 c:/users/tony/appdata/local/arduino15/packages/arduino/tools/arm-none-eabi-gcc/4.8.3-2014q1/bin/../lib/gcc/arm-none-eabi/4.8.3/../../../../arm-none-eabi/lib/armv7-m\libg.a(lib_a-vfiprintf.o)
 *(.ARM.extab* .gnu.linkonce.armextab.*)
                0x0008947c                . = ALIGN (0x4)
 *(.init)
 .init          0x0008947c        0x4 c:/users/tony/appdata/local/arduino15/packages/arduino/tools/arm-none-eabi-gcc/4.8.3-2014q1/bin/../lib/gcc/arm-none-eabi/4.8.3/armv7-m/crti.o
                0x0008947c                _init
 .init          0x00089480        0x8 c:/users/tony/appdata/local/arduino15/packages/arduino/tools/arm-none-eabi-gcc/4.8.3-2014q1/bin/../lib/gcc/arm-none-eabi/4.8.3/armv7-m/crtn.o
                0x00089488                . = ALIGN (0x4)
                0x00089488                __preinit_array_start = .
 *(.preinit_array)
                0x00089488                __preinit_array_end = .
                0x00089488                . = ALIGN (0x4)
                0x00089488                __init_array_start = .
 *(SORT(.init_array.*))
 .init_array.00000
                0x00089488        0x4 c:/users/tony/appdata/local/arduino15/packages/arduino/tools/arm-none-eabi-gcc/4.8.3-2014q1/bin/../lib/gcc/arm-none-eabi/4.8.3/../../../../arm-none-eabi/lib/armv7-m\libg.a(lib_a-__call_atexit.o)
 *(.init_array)
 .init_array    0x0008948c        0x4 c:/users/tony/appdata/local/arduino15/packages/arduino/tools/arm-none-eabi-gcc/4.8.3-2014q1/bin/../lib/gcc/arm-none-eabi/4.8.3/armv7-m/crtbegin.o
 .init_array    0x00089490        0x4 C:\Users\Tony\AppData\Local\Temp\VMBuilds\FileManipulation\macchina_macchina_sam_m2\Debug\FileManipulation.cpp.o
 .init_array    0x00089494        0x4 C:\Users\Tony\AppData\Local\Temp\VMBuilds\FileManipulation\macchina_macchina_sam_m2\Debug\M2_Due_SD_HSCMI\M2_Due_SD_HSCMI.cpp.o
 .init_array    0x00089498        0x4 C:\Users\Tony\AppData\Local\Temp\VMBuilds\FileManipulation\macchina_macchina_sam_m2\Debug\variant\variant.cpp.o